Archive member included to satisfy reference by file (symbol)

c:/siliconlabs/simplicitystudio/v5/developer/toolchains/gnu_arm/12.2.rel1_2023.7/bin/../lib/gcc/arm-none-eabi/12.2.1/thumb/v7-m/nofp\libgcc.a(_arm_muldf3.o)
                              ./game.o (__aeabi_dmul)
c:/siliconlabs/simplicitystudio/v5/developer/toolchains/gnu_arm/12.2.rel1_2023.7/bin/../lib/gcc/arm-none-eabi/12.2.1/thumb/v7-m/nofp\libgcc.a(_arm_addsubdf3.o)
                              ./game.o (__aeabi_ui2d)
c:/siliconlabs/simplicitystudio/v5/developer/toolchains/gnu_arm/12.2.rel1_2023.7/bin/../lib/gcc/arm-none-eabi/12.2.1/thumb/v7-m/nofp\libgcc.a(_arm_fixunsdfsi.o)
                              ./game.o (__aeabi_d2uiz)
c:/siliconlabs/simplicitystudio/v5/developer/toolchains/gnu_arm/12.2.rel1_2023.7/bin/../lib/gcc/arm-none-eabi/12.2.1/thumb/v7-m/nofp\libc_nano.a(libc_a-abs.o)
                              ./segmentlcd.o (abs)
c:/siliconlabs/simplicitystudio/v5/developer/toolchains/gnu_arm/12.2.rel1_2023.7/bin/../lib/gcc/arm-none-eabi/12.2.1/thumb/v7-m/nofp\libc_nano.a(libc_a-exit.o)
                              c:/siliconlabs/simplicitystudio/v5/developer/toolchains/gnu_arm/12.2.rel1_2023.7/bin/../lib/gcc/arm-none-eabi/12.2.1/thumb/v7-m/nofp/crt0.o (exit)
c:/siliconlabs/simplicitystudio/v5/developer/toolchains/gnu_arm/12.2.rel1_2023.7/bin/../lib/gcc/arm-none-eabi/12.2.1/thumb/v7-m/nofp\libc_nano.a(libc_a-rand.o)
                              ./app.o (srand)
c:/siliconlabs/simplicitystudio/v5/developer/toolchains/gnu_arm/12.2.rel1_2023.7/bin/../lib/gcc/arm-none-eabi/12.2.1/thumb/v7-m/nofp\libc_nano.a(libc_a-findfp.o)
                              c:/siliconlabs/simplicitystudio/v5/developer/toolchains/gnu_arm/12.2.rel1_2023.7/bin/../lib/gcc/arm-none-eabi/12.2.1/thumb/v7-m/nofp\libc_nano.a(libc_a-exit.o) (__stdio_exit_handler)
c:/siliconlabs/simplicitystudio/v5/developer/toolchains/gnu_arm/12.2.rel1_2023.7/bin/../lib/gcc/arm-none-eabi/12.2.1/thumb/v7-m/nofp\libc_nano.a(libc_a-fwalk.o)
                              c:/siliconlabs/simplicitystudio/v5/developer/toolchains/gnu_arm/12.2.rel1_2023.7/bin/../lib/gcc/arm-none-eabi/12.2.1/thumb/v7-m/nofp\libc_nano.a(libc_a-findfp.o) (_fwalk_sglue)
c:/siliconlabs/simplicitystudio/v5/developer/toolchains/gnu_arm/12.2.rel1_2023.7/bin/../lib/gcc/arm-none-eabi/12.2.1/thumb/v7-m/nofp\libc_nano.a(libc_a-stdio.o)
                              c:/siliconlabs/simplicitystudio/v5/developer/toolchains/gnu_arm/12.2.rel1_2023.7/bin/../lib/gcc/arm-none-eabi/12.2.1/thumb/v7-m/nofp\libc_nano.a(libc_a-findfp.o) (__sread)
c:/siliconlabs/simplicitystudio/v5/developer/toolchains/gnu_arm/12.2.rel1_2023.7/bin/../lib/gcc/arm-none-eabi/12.2.1/thumb/v7-m/nofp\libc_nano.a(libc_a-memset.o)
                              c:/siliconlabs/simplicitystudio/v5/developer/toolchains/gnu_arm/12.2.rel1_2023.7/bin/../lib/gcc/arm-none-eabi/12.2.1/thumb/v7-m/nofp/crt0.o (memset)
c:/siliconlabs/simplicitystudio/v5/developer/toolchains/gnu_arm/12.2.rel1_2023.7/bin/../lib/gcc/arm-none-eabi/12.2.1/thumb/v7-m/nofp\libc_nano.a(libc_a-closer.o)
                              c:/siliconlabs/simplicitystudio/v5/developer/toolchains/gnu_arm/12.2.rel1_2023.7/bin/../lib/gcc/arm-none-eabi/12.2.1/thumb/v7-m/nofp\libc_nano.a(libc_a-stdio.o) (_close_r)
c:/siliconlabs/simplicitystudio/v5/developer/toolchains/gnu_arm/12.2.rel1_2023.7/bin/../lib/gcc/arm-none-eabi/12.2.1/thumb/v7-m/nofp\libc_nano.a(libc_a-reent.o)
                              c:/siliconlabs/simplicitystudio/v5/developer/toolchains/gnu_arm/12.2.rel1_2023.7/bin/../lib/gcc/arm-none-eabi/12.2.1/thumb/v7-m/nofp\libc_nano.a(libc_a-closer.o) (errno)
c:/siliconlabs/simplicitystudio/v5/developer/toolchains/gnu_arm/12.2.rel1_2023.7/bin/../lib/gcc/arm-none-eabi/12.2.1/thumb/v7-m/nofp\libc_nano.a(libc_a-impure.o)
                              c:/siliconlabs/simplicitystudio/v5/developer/toolchains/gnu_arm/12.2.rel1_2023.7/bin/../lib/gcc/arm-none-eabi/12.2.1/thumb/v7-m/nofp\libc_nano.a(libc_a-rand.o) (_impure_ptr)
c:/siliconlabs/simplicitystudio/v5/developer/toolchains/gnu_arm/12.2.rel1_2023.7/bin/../lib/gcc/arm-none-eabi/12.2.1/thumb/v7-m/nofp\libc_nano.a(libc_a-lseekr.o)
                              c:/siliconlabs/simplicitystudio/v5/developer/toolchains/gnu_arm/12.2.rel1_2023.7/bin/../lib/gcc/arm-none-eabi/12.2.1/thumb/v7-m/nofp\libc_nano.a(libc_a-stdio.o) (_lseek_r)
c:/siliconlabs/simplicitystudio/v5/developer/toolchains/gnu_arm/12.2.rel1_2023.7/bin/../lib/gcc/arm-none-eabi/12.2.1/thumb/v7-m/nofp\libc_nano.a(libc_a-readr.o)
                              c:/siliconlabs/simplicitystudio/v5/developer/toolchains/gnu_arm/12.2.rel1_2023.7/bin/../lib/gcc/arm-none-eabi/12.2.1/thumb/v7-m/nofp\libc_nano.a(libc_a-stdio.o) (_read_r)
c:/siliconlabs/simplicitystudio/v5/developer/toolchains/gnu_arm/12.2.rel1_2023.7/bin/../lib/gcc/arm-none-eabi/12.2.1/thumb/v7-m/nofp\libc_nano.a(libc_a-writer.o)
[...]
Memory Configuration

Name             Origin             Length             Attributes
FLASH            0x00000000         0x00100000         xr
RAM              0x20000000         0x00020000         xrw
*default*        0x00000000         0xffffffff

Linker script and memory map

LOAD c:/siliconlabs/simplicitystudio/v5/developer/toolchains/gnu_arm/12.2.rel1_2023.7/bin/../lib/gcc/arm-none-eabi/12.2.1/thumb/v7-m/nofp/crti.o
LOAD c:/siliconlabs/simplicitystudio/v5/developer/toolchains/gnu_arm/12.2.rel1_2023.7/bin/../lib/gcc/arm-none-eabi/12.2.1/thumb/v7-m/nofp/crtbegin.o
LOAD c:/siliconlabs/simplicitystudio/v5/developer/toolchains/gnu_arm/12.2.rel1_2023.7/bin/../lib/gcc/arm-none-eabi/12.2.1/thumb/v7-m/nofp/crt0.o
START GROUP
LOAD ./app.o
LOAD ./caplesense.o
LOAD ./game.o
LOAD ./main.o
LOAD ./segmentlcd.o
LOAD ./segmentlcd_individual.o
LOAD ./autogen/sl_board_default_init.o
LOAD ./autogen/sl_device_init_clocks.o
LOAD ./autogen/sl_event_handler.o
LOAD ./autogen/sl_simple_button_instances.o
LOAD ./gecko_sdk_4.4.6/hardware/board/src/sl_board_control_gpio.o
LOAD ./gecko_sdk_4.4.6/hardware/board/src/sl_board_init.o
LOAD ./gecko_sdk_4.4.6/platform/Device/SiliconLabs/EFM32GG/Source/startup_efm32gg.o
LOAD ./gecko_sdk_4.4.6/platform/Device/SiliconLabs/EFM32GG/Source/system_efm32gg.o
LOAD ./gecko_sdk_4.4.6/platform/common/src/sl_assert.o
LOAD ./gecko_sdk_4.4.6/platform/common/src/sl_syscalls.o
LOAD ./gecko_sdk_4.4.6/platform/common/toolchain/src/sl_memory.o
LOAD ./gecko_sdk_4.4.6/platform/driver/button/src/sl_button.o
LOAD ./gecko_sdk_4.4.6/platform/driver/button/src/sl_simple_button.o
LOAD ./gecko_sdk_4.4.6/platform/emdrv/gpiointerrupt/src/gpiointerrupt.o
LOAD ./gecko_sdk_4.4.6/platform/emlib/src/em_acmp.o
LOAD ./gecko_sdk_4.4.6/platform/emlib/src/em_cmu.o
LOAD ./gecko_sdk_4.4.6/platform/emlib/src/em_core.o
LOAD ./gecko_sdk_4.4.6/platform/emlib/src/em_ebi.o
LOAD ./gecko_sdk_4.4.6/platform/emlib/src/em_emu.o
LOAD ./gecko_sdk_4.4.6/platform/emlib/src/em_gpio.o
LOAD ./gecko_sdk_4.4.6/platform/emlib/src/em_lcd.o
LOAD ./gecko_sdk_4.4.6/platform/emlib/src/em_lesense.o
LOAD ./gecko_sdk_4.4.6/platform/emlib/src/em_msc.o
LOAD ./gecko_sdk_4.4.6/platform/emlib/src/em_rtc.o
LOAD ./gecko_sdk_4.4.6/platform/emlib/src/em_system.o
LOAD ./gecko_sdk_4.4.6/platform/emlib/src/em_vcmp.o
LOAD ./gecko_sdk_4.4.6/platform/service/device_init/src/sl_device_init_emu_s0.o
LOAD ./gecko_sdk_4.4.6/platform/service/device_init/src/sl_device_init_hfxo_s0.o
LOAD ./gecko_sdk_4.4.6/platform/service/device_init/src/sl_device_init_lfxo_s0.o
LOAD ./gecko_sdk_4.4.6/platform/service/device_init/src/sl_device_init_nvic.o
LOAD ./gecko_sdk_4.4.6/platform/service/system/src/sl_system_init.o
LOAD ./gecko_sdk_4.4.6/platform/service/system/src/sl_system_process_action.o
LOAD ./gecko_sdk_4.4.6/platform/service/udelay/src/sl_udelay.o
LOAD ./gecko_sdk_4.4.6/platform/service/udelay/src/sl_udelay_armv6m_gcc.o
LOAD c:/siliconlabs/simplicitystudio/v5/developer/toolchains/gnu_arm/12.2.rel1_2023.7/bin/../lib/gcc/arm-none-eabi/12.2.1/thumb/v7-m/nofp\libgcc.a
LOAD c:/siliconlabs/simplicitystudio/v5/developer/toolchains/gnu_arm/12.2.rel1_2023.7/bin/../lib/gcc/arm-none-eabi/12.2.1/thumb/v7-m/nofp\libc_nano.a
LOAD c:/siliconlabs/simplicitystudio/v5/developer/toolchains/gnu_arm/12.2.rel1_2023.7/bin/../lib/gcc/arm-none-eabi/12.2.1/thumb/v7-m/nofp\libm.a
LOAD c:/siliconlabs/simplicitystudio/v5/developer/toolchains/gnu_arm/12.2.rel1_2023.7/bin/../lib/gcc/arm-none-eabi/12.2.1/thumb/v7-m/nofp\libnosys.a
END GROUP
START GROUP
LOAD c:/siliconlabs/simplicitystudio/v5/developer/toolchains/gnu_arm/12.2.rel1_2023.7/bin/../lib/gcc/arm-none-eabi/12.2.1/thumb/v7-m/nofp\libgcc.a
LOAD c:/siliconlabs/simplicitystudio/v5/developer/toolchains/gnu_arm/12.2.rel1_2023.7/bin/../lib/gcc/arm-none-eabi/12.2.1/thumb/v7-m/nofp\libc_nano.a
LOAD c:/siliconlabs/simplicitystudio/v5/developer/toolchains/gnu_arm/12.2.rel1_2023.7/bin/../lib/gcc/arm-none-eabi/12.2.1/thumb/v7-m/nofp\libnosys.a
END GROUP
START GROUP
LOAD c:/siliconlabs/simplicitystudio/v5/developer/toolchains/gnu_arm/12.2.rel1_2023.7/bin/../lib/gcc/arm-none-eabi/12.2.1/thumb/v7-m/nofp\libgcc.a
LOAD c:/siliconlabs/simplicitystudio/v5/developer/toolchains/gnu_arm/12.2.rel1_2023.7/bin/../lib/gcc/arm-none-eabi/12.2.1/thumb/v7-m/nofp\libg_nano.a
LOAD c:/siliconlabs/simplicitystudio/v5/developer/toolchains/gnu_arm/12.2.rel1_2023.7/bin/../lib/gcc/arm-none-eabi/12.2.1/thumb/v7-m/nofp\libc_nano.a
END GROUP
START GROUP
LOAD c:/siliconlabs/simplicitystudio/v5/developer/toolchains/gnu_arm/12.2.rel1_2023.7/bin/../lib/gcc/arm-none-eabi/12.2.1/thumb/v7-m/nofp\libgcc.a
LOAD c:/siliconlabs/simplicitystudio/v5/developer/toolchains/gnu_arm/12.2.rel1_2023.7/bin/../lib/gcc/arm-none-eabi/12.2.1/thumb/v7-m/nofp\libc_nano.a
END GROUP
LOAD c:/siliconlabs/simplicitystudio/v5/developer/toolchains/gnu_arm/12.2.rel1_2023.7/bin/../lib/gcc/arm-none-eabi/12.2.1/thumb/v7-m/nofp/crtend.o
LOAD c:/siliconlabs/simplicitystudio/v5/developer/toolchains/gnu_arm/12.2.rel1_2023.7/bin/../lib/gcc/arm-none-eabi/12.2.1/thumb/v7-m/nofp/crtn.o

.text           0x00000000     0x50e0
                0x00000000                linker_vectors_begin = .
 *(.vectors)
 .vectors       0x00000000       0xdc ./gecko_sdk_4.4.6/platform/Device/SiliconLabs/EFM32GG/Source/startup_efm32gg.o
                0x00000000                __Vectors
                0x000000dc                linker_vectors_end = .
                0x000000dc                __Vectors_End = .
                0x000000dc                __Vectors_Size = (__Vectors_End - __Vectors)
                0x000000dc                linker_code_begin = .
 *(SORT_BY_ALIGNMENT(.text*))
 *fill*         0x000000dc        0x4 
 .text          0x000000e0        0x8 ./gecko_sdk_4.4.6/platform/service/udelay/src/sl_udelay_armv6m_gcc.o
                0x000000e0                sli_delay_loop
 .text.deregister_tm_clones
                0x000000e8       0x1c c:/siliconlabs/simplicitystudio/v5/developer/toolchains/gnu_arm/12.2.rel1_2023.7/bin/../lib/gcc/arm-none-eabi/12.2.1/thumb/v7-m/nofp/crtbegin.o
 .text.register_tm_clones
                0x00000104       0x24 c:/siliconlabs/simplicitystudio/v5/developer/toolchains/gnu_arm/12.2.rel1_2023.7/bin/../lib/gcc/arm-none-eabi/12.2.1/thumb/v7-m/nofp/crtbegin.o
 .text.__do_global_dtors_aux
                0x00000128       0x28 c:/siliconlabs/simplicitystudio/v5/developer/toolchains/gnu_arm/12.2.rel1_2023.7/bin/../lib/gcc/arm-none-eabi/12.2.1/thumb/v7-m/nofp/crtbegin.o
 .text.frame_dummy
                0x00000150       0x24 c:/siliconlabs/simplicitystudio/v5/developer/toolchains/gnu_arm/12.2.rel1_2023.7/bin/../lib/gcc/arm-none-eabi/12.2.1/thumb/v7-m/nofp/crtbegin.o
 .text          0x00000174       0x7c c:/siliconlabs/simplicitystudio/v5/developer/toolchains/gnu_arm/12.2.rel1_2023.7/bin/../lib/gcc/arm-none-eabi/12.2.1/thumb/v7-m/nofp/crt0.o
                0x00000174                _stack_init
                0x0000017c                _start
                0x0000017c                _mainCRTStartup
 .text.SysTick_Handler
                0x000001f0       0x18 ./app.o
                0x000001f0                SysTick_Handler
 .text.sl_button_on_change
                0x00000208       0x30 ./app.o
                0x00000208                sl_button_on_change
 .text.app_process_action
                0x00000238       0x68 ./app.o
                0x00000238                app_process_action
 .text.CAPLESENSE_setupCMU
                0x000002a0       0x7c ./caplesense.o
                0x000002a0                CAPLESENSE_setupCMU
 .text.CAPLESENSE_setupACMP
                0x0000031c       0x40 ./caplesense.o
                0x0000031c                CAPLESENSE_setupACMP
 .text.CAPLESENSE_setupLESENSE
                0x0000035c      0x140 ./caplesense.o
                0x0000035c                CAPLESENSE_setupLESENSE
 .text.LESENSE_IRQHandler
                0x0000049c       0x9c ./caplesense.o
                0x0000049c                LESENSE_IRQHandler
 .text.CAPLESENSE_getSliderPosition
                0x00000538       0xac ./caplesense.o
                0x00000538                CAPLESENSE_getSliderPosition
 .text.print_diff
                0x000005e4       0x2c ./game.o
                0x000005e4                print_diff
 .text.get_prescale
                0x00000610       0x1c ./game.o
                0x00000610                get_prescale
 .text.game_init
                0x0000062c       0x94 ./game.o
                0x0000062c                game_init
 .text.game_tick
                0x000006c0      0x108 ./game.o
                0x000006c0                game_tick
 .text.LCD_SyncBusyDelay
                0x000007c8       0x10 ./segmentlcd.o
 .text.SegmentLCD_AllOff
                0x000007d8       0xac ./segmentlcd.o
                0x000007d8                SegmentLCD_AllOff
 .text.SegmentLCD_AlphaNumberOff
                0x00000884       0xa8 ./segmentlcd.o
                0x00000884                SegmentLCD_AlphaNumberOff
 .text.SegmentLCD_Init
                0x0000092c       0xac ./segmentlcd.o
                0x0000092c                SegmentLCD_Init
 .text.SegmentLCD_Number
                0x000009d8       0xc4 ./segmentlcd.o
                0x000009d8                SegmentLCD_Number
 .text.SegmentLCD_Symbol
                0x00000a9c       0x28 ./segmentlcd.o
                0x00000a9c                SegmentLCD_Symbol
 .text.SegmentLCD_Write
                0x00000ac4       0x7c ./segmentlcd.o
                0x00000ac4                SegmentLCD_Write
 .text.SegmentLCD_LowerNumber
                0x00000b40       0x88 ./segmentlcd.o
                0x00000b40                SegmentLCD_LowerNumber
 .text.SegmentLCD_LowerSegments
                0x00000bc8       0x58 ./segmentlcd_individual.o
                0x00000bc8                SegmentLCD_LowerSegments
 .text.sl_device_init_clocks
                0x00000c20       0x50 ./autogen/sl_device_init_clocks.o
                0x00000c20                sl_device_init_clocks
 .text.sl_platform_init
                0x00000c70       0x68 ./autogen/sl_event_handler.o
                0x00000c70                sl_platform_init
 .text.sl_simple_button_init_instances
                0x00000cd8        0xc ./autogen/sl_simple_button_instances.o
                0x00000cd8                sl_simple_button_init_instances
 .text.sl_board_init
                0x00000ce4       0x18 ./gecko_sdk_4.4.6/hardware/board/src/sl_board_init.o
                0x00000ce4                sl_board_init
 .text.sl_board_preinit
                0x00000cfc        0xc ./gecko_sdk_4.4.6/hardware/board/src/sl_board_init.o
                0x00000cfc                sl_board_preinit
 .text.Reset_Handler
                0x00000d08       0x60 ./gecko_sdk_4.4.6/platform/Device/SiliconLabs/EFM32GG/Source/startup_efm32gg.o
                0x00000d08                Reset_Handler
 .text.SystemMaxCoreClockGet
                0x00000d68        0x8 ./gecko_sdk_4.4.6/platform/Device/SiliconLabs/EFM32GG/Source/system_efm32gg.o
                0x00000d68                SystemMaxCoreClockGet
 .text.SystemHFClockGet
                0x00000d70       0xc8 ./gecko_sdk_4.4.6/platform/Device/SiliconLabs/EFM32GG/Source/system_efm32gg.o
                0x00000d70                SystemHFClockGet
 .text.SystemCoreClockGet
                0x00000e38       0x20 ./gecko_sdk_4.4.6/platform/Device/SiliconLabs/EFM32GG/Source/system_efm32gg.o
                0x00000e38                SystemCoreClockGet
 .text.SystemHFXOClockGet
                0x00000e58        0xc ./gecko_sdk_4.4.6/platform/Device/SiliconLabs/EFM32GG/Source/system_efm32gg.o
                0x00000e58                SystemHFXOClockGet
 .text.SystemHFXOClockSet
                0x00000e64       0x1c ./gecko_sdk_4.4.6/platform/Device/SiliconLabs/EFM32GG/Source/system_efm32gg.o
                0x00000e64                SystemHFXOClockSet
 .text.SystemInit
                0x00000e80       0x10 ./gecko_sdk_4.4.6/platform/Device/SiliconLabs/EFM32GG/Source/system_efm32gg.o
                0x00000e80                SystemInit
 .text.SystemLFXOClockGet
                0x00000e90        0xc ./gecko_sdk_4.4.6/platform/Device/SiliconLabs/EFM32GG/Source/system_efm32gg.o
                0x00000e90                SystemLFXOClockGet
 .text._sbrk    0x00000e9c       0x20 ./gecko_sdk_4.4.6/platform/common/toolchain/src/sl_memory.o
                0x00000e9c                _sbrk
 .text.GPIO_PinInGet
                0x00000ebc       0x40 ./gecko_sdk_4.4.6/platform/driver/button/src/sl_simple_button.o
 .text.sl_simple_button_init
                0x00000efc       0x70 ./gecko_sdk_4.4.6/platform/driver/button/src/sl_simple_button.o
                0x00000efc                sl_simple_button_init
 .text.GPIOINT_IRQDispatcher
                0x00000f6c       0x38 ./gecko_sdk_4.4.6/platform/emdrv/gpiointerrupt/src/gpiointerrupt.o
 .text.GPIOINT_Init
                0x00000fa4       0x30 ./gecko_sdk_4.4.6/platform/emdrv/gpiointerrupt/src/gpiointerrupt.o
                0x00000fa4                GPIOINT_Init
 .text.GPIOINT_CallbackRegister
                0x00000fd4       0x24 ./gecko_sdk_4.4.6/platform/emdrv/gpiointerrupt/src/gpiointerrupt.o
                0x00000fd4                GPIOINT_CallbackRegister
 .text.GPIOINT_CallbackRegisterExt
                0x00000ff8       0x34 ./gecko_sdk_4.4.6/platform/emdrv/gpiointerrupt/src/gpiointerrupt.o
                0x00000ff8                GPIOINT_CallbackRegisterExt
 .text.GPIO_EVEN_IRQHandler
                0x0000102c       0x24 ./gecko_sdk_4.4.6/platform/emdrv/gpiointerrupt/src/gpiointerrupt.o
                0x0000102c                GPIO_EVEN_IRQHandler
 .text.GPIO_ODD_IRQHandler
                0x00001050       0x24 ./gecko_sdk_4.4.6/platform/emdrv/gpiointerrupt/src/gpiointerrupt.o
                0x00001050                GPIO_ODD_IRQHandler
 .text.ACMP_CapsenseInit
                0x00001074       0x88 ./gecko_sdk_4.4.6/platform/emlib/src/em_acmp.o
                0x00001074                ACMP_CapsenseInit
 .text.ACMP_GPIOSetup
                0x000010fc       0x88 ./gecko_sdk_4.4.6/platform/emlib/src/em_acmp.o
                0x000010fc                ACMP_GPIOSetup
 .text.CMU_DivToLog2
                0x00001184       0x2c ./gecko_sdk_4.4.6/platform/emlib/src/em_cmu.o
 .text.auxClkGet
                0x000011b0       0x90 ./gecko_sdk_4.4.6/platform/emlib/src/em_cmu.o
 .text.syncReg  0x00001240       0x14 ./gecko_sdk_4.4.6/platform/emlib/src/em_cmu.o
 .text.maxFreqHfle
                0x00001254       0x64 ./gecko_sdk_4.4.6/platform/emlib/src/em_cmu.o
 .text.setHfLeConfig
                0x000012b8       0x40 ./gecko_sdk_4.4.6/platform/emlib/src/em_cmu.o
 .text.flashWaitStateControl.constprop.0
                0x000012f8       0x64 ./gecko_sdk_4.4.6/platform/emlib/src/em_cmu.o
 .text.flashWaitStateMax
                0x0000135c       0x24 ./gecko_sdk_4.4.6/platform/emlib/src/em_cmu.o
 .text.CMU_UpdateWaitStates
                0x00001380       0x20 ./gecko_sdk_4.4.6/platform/emlib/src/em_cmu.o
                0x00001380                CMU_UpdateWaitStates
 .text.CMU_ClockDivGet
                0x000013a0       0xe0 ./gecko_sdk_4.4.6/platform/emlib/src/em_cmu.o
                0x000013a0                CMU_ClockDivGet
 .text.CMU_ClockDivSet
                0x00001480      0x238 ./gecko_sdk_4.4.6/platform/emlib/src/em_cmu.o
                0x00001480                CMU_ClockDivSet
 .text.CMU_ClockEnable
                0x000016b8       0x98 ./gecko_sdk_4.4.6/platform/emlib/src/em_cmu.o
                0x000016b8                CMU_ClockEnable
 .text.CMU_ClockSelectGet
                0x00001750       0xc8 ./gecko_sdk_4.4.6/platform/emlib/src/em_cmu.o
                0x00001750                CMU_ClockSelectGet
 .text.lfClkGet
                0x00001818       0xc4 ./gecko_sdk_4.4.6/platform/emlib/src/em_cmu.o
 .text.CMU_ClockFreqGet
                0x000018dc      0x194 ./gecko_sdk_4.4.6/platform/emlib/src/em_cmu.o
                0x000018dc                CMU_ClockFreqGet
 .text.CMU_HFXOInit
                0x00001a70       0x4c ./gecko_sdk_4.4.6/platform/emlib/src/em_cmu.o
                0x00001a70                CMU_HFXOInit
 .text.CMU_LCDClkFDIVSet
                0x00001abc       0x34 ./gecko_sdk_4.4.6/platform/emlib/src/em_cmu.o
                0x00001abc                CMU_LCDClkFDIVSet
 .text.CMU_LFXOInit
                0x00001af0       0x70 ./gecko_sdk_4.4.6/platform/emlib/src/em_cmu.o
                0x00001af0                CMU_LFXOInit
 .text.CMU_LFXOPrecisionSet
                0x00001b60        0xc ./gecko_sdk_4.4.6/platform/emlib/src/em_cmu.o
                0x00001b60                CMU_LFXOPrecisionSet
 .text.CMU_HFXOPrecisionSet
                0x00001b6c        0xc ./gecko_sdk_4.4.6/platform/emlib/src/em_cmu.o
                0x00001b6c                CMU_HFXOPrecisionSet
 .text.CMU_OscillatorEnable
                0x00001b78       0x58 ./gecko_sdk_4.4.6/platform/emlib/src/em_cmu.o
                0x00001b78                CMU_OscillatorEnable
 .text.sli_em_cmu_HFClockSelectHFXO
                0x00001bd0       0x5c ./gecko_sdk_4.4.6/platform/emlib/src/em_cmu.o
                0x00001bd0                sli_em_cmu_HFClockSelectHFXO
 .text.CMU_ClockSelectSet
                0x00001c2c      0x1c0 ./gecko_sdk_4.4.6/platform/emlib/src/em_cmu.o
                0x00001c2c                CMU_ClockSelectSet
 .text.CORE_NvicIRQDisabled
                0x00001dec       0x34 ./gecko_sdk_4.4.6/platform/emlib/src/em_core.o
                0x00001dec                CORE_NvicIRQDisabled
 .text.EMU_EM4Init
                0x00001e20       0x30 ./gecko_sdk_4.4.6/platform/emlib/src/em_emu.o
                0x00001e20                EMU_EM4Init
 .text.GPIO_PinOutSet
                0x00001e50       0x3c ./gecko_sdk_4.4.6/platform/emlib/src/em_gpio.o
 .text.GPIO_PinOutClear
                0x00001e8c       0x3c ./gecko_sdk_4.4.6/platform/emlib/src/em_gpio.o
 .text.GPIO_DriveModeSet
                0x00001ec8       0x34 ./gecko_sdk_4.4.6/platform/emlib/src/em_gpio.o
                0x00001ec8                GPIO_DriveModeSet
 .text.GPIO_ExtIntConfig
                0x00001efc       0xc8 ./gecko_sdk_4.4.6/platform/emlib/src/em_gpio.o
                0x00001efc                GPIO_ExtIntConfig
 .text.GPIO_PinModeSet
                0x00001fc4       0x90 ./gecko_sdk_4.4.6/platform/emlib/src/em_gpio.o
                0x00001fc4                GPIO_PinModeSet
 .text.BUS_RegBitWrite
                0x00002054       0x2c ./gecko_sdk_4.4.6/platform/emlib/src/em_lcd.o
 .text.LCD_Init
                0x00002080       0x50 ./gecko_sdk_4.4.6/platform/emlib/src/em_lcd.o
                0x00002080                LCD_Init
 .text.LCD_VLCDSelect
                0x000020d0       0x1c ./gecko_sdk_4.4.6/platform/emlib/src/em_lcd.o
                0x000020d0                LCD_VLCDSelect
 .text.LCD_SegmentRangeEnable
                0x000020ec       0x18 ./gecko_sdk_4.4.6/platform/emlib/src/em_lcd.o
                0x000020ec                LCD_SegmentRangeEnable
 .text.LCD_SegmentSet
                0x00002104      0x130 ./gecko_sdk_4.4.6/platform/emlib/src/em_lcd.o
                0x00002104                LCD_SegmentSet
 .text.LCD_SegmentSetLow
                0x00002234       0xb8 ./gecko_sdk_4.4.6/platform/emlib/src/em_lcd.o
                0x00002234                LCD_SegmentSetLow
 .text.LCD_SegmentSetHigh
                0x000022ec       0xa8 ./gecko_sdk_4.4.6/platform/emlib/src/em_lcd.o
                0x000022ec                LCD_SegmentSetHigh
 .text.LCD_VBoostSet
                0x00002394       0x14 ./gecko_sdk_4.4.6/platform/emlib/src/em_lcd.o
                0x00002394                LCD_VBoostSet
 .text.BUS_RegBitWrite
                0x000023a8       0x2c ./gecko_sdk_4.4.6/platform/emlib/src/em_lesense.o
 .text.LESENSE_ScanFreqSet
                0x000023d4       0x94 ./gecko_sdk_4.4.6/platform/emlib/src/em_lesense.o
                0x000023d4                LESENSE_ScanFreqSet
 .text.LESENSE_StartDelaySet
                0x00002468       0x2c ./gecko_sdk_4.4.6/platform/emlib/src/em_lesense.o
                0x00002468                LESENSE_StartDelaySet
 .text.LESENSE_ClkDivSet
                0x00002494       0x4c ./gecko_sdk_4.4.6/platform/emlib/src/em_lesense.o
                0x00002494                LESENSE_ClkDivSet
 .text.LESENSE_ChannelTimingSet
                0x000024e0       0x50 ./gecko_sdk_4.4.6/platform/emlib/src/em_lesense.o
                0x000024e0                LESENSE_ChannelTimingSet
 .text.LESENSE_ChannelThresSet
                0x00002530       0x58 ./gecko_sdk_4.4.6/platform/emlib/src/em_lesense.o
                0x00002530                LESENSE_ChannelThresSet
 .text.LESENSE_ChannelConfig
                0x00002588      0x14c ./gecko_sdk_4.4.6/platform/emlib/src/em_lesense.o
                0x00002588                LESENSE_ChannelConfig
 .text.LESENSE_DecoderStateSet
                0x000026d4       0x24 ./gecko_sdk_4.4.6/platform/emlib/src/em_lesense.o
                0x000026d4                LESENSE_DecoderStateSet
 .text.LESENSE_ScanStart
                0x000026f8       0x18 ./gecko_sdk_4.4.6/platform/emlib/src/em_lesense.o
                0x000026f8                LESENSE_ScanStart
 .text.LESENSE_ScanModeSet
                0x00002710       0x18 ./gecko_sdk_4.4.6/platform/emlib/src/em_lesense.o
                0x00002710                LESENSE_ScanModeSet
 .text.LESENSE_ScanStop
                0x00002728       0x18 ./gecko_sdk_4.4.6/platform/emlib/src/em_lesense.o
                0x00002728                LESENSE_ScanStop
 .text.LESENSE_ResultBufferClear
                0x00002740       0x18 ./gecko_sdk_4.4.6/platform/emlib/src/em_lesense.o
                0x00002740                LESENSE_ResultBufferClear
 .text.LESENSE_Reset
                0x00002758       0x84 ./gecko_sdk_4.4.6/platform/emlib/src/em_lesense.o
                0x00002758                LESENSE_Reset
 .text.LESENSE_Init
                0x000027dc      0x120 ./gecko_sdk_4.4.6/platform/emlib/src/em_lesense.o
                0x000027dc                LESENSE_Init
 .text.SYSTEM_ChipRevisionGet
                0x000028fc       0x50 ./gecko_sdk_4.4.6/platform/emlib/src/em_system.o
                0x000028fc                SYSTEM_ChipRevisionGet
 .text.SYSTEM_GetProdRev
                0x0000294c       0x10 ./gecko_sdk_4.4.6/platform/emlib/src/em_system.o
                0x0000294c                SYSTEM_GetProdRev
 .text.SYSTEM_GetFamily
                0x0000295c       0x10 ./gecko_sdk_4.4.6/platform/emlib/src/em_system.o
                0x0000295c                SYSTEM_GetFamily
 .text.sl_device_init_emu
                0x0000296c       0x20 ./gecko_sdk_4.4.6/platform/service/device_init/src/sl_device_init_emu_s0.o
                0x0000296c                sl_device_init_emu
 .text.sl_device_init_hfxo
                0x0000298c       0x2c ./gecko_sdk_4.4.6/platform/service/device_init/src/sl_device_init_hfxo_s0.o
                0x0000298c                sl_device_init_hfxo
 .text.sl_device_init_nvic
                0x000029b8       0x3c ./gecko_sdk_4.4.6/platform/service/device_init/src/sl_device_init_nvic.o
                0x000029b8                sl_device_init_nvic
 .text.sl_udelay_wait
                0x000029f4       0x54 ./gecko_sdk_4.4.6/platform/service/udelay/src/sl_udelay.o
                0x000029f4                sl_udelay_wait
 .text          0x00002a48      0x254 c:/siliconlabs/simplicitystudio/v5/developer/toolchains/gnu_arm/12.2.rel1_2023.7/bin/../lib/gcc/arm-none-eabi/12.2.1/thumb/v7-m/nofp\libgcc.a(_arm_muldf3.o)
                0x00002a48                __muldf3
                0x00002a48                __aeabi_dmul
 .text          0x00002c9c      0x378 c:/siliconlabs/simplicitystudio/v5/developer/toolchains/gnu_arm/12.2.rel1_2023.7/bin/../lib/gcc/arm-none-eabi/12.2.1/thumb/v7-m/nofp\libgcc.a(_arm_addsubdf3.o)
                0x00002c9c                __aeabi_drsub
                0x00002ca4                __aeabi_dsub
                0x00002ca4                __subdf3
                0x00002ca8                __aeabi_dadd
                0x00002ca8                __adddf3
                0x00002f20                __floatunsidf
                0x00002f20                __aeabi_ui2d
                0x00002f40                __floatsidf
                0x00002f40                __aeabi_i2d
                0x00002f64                __aeabi_f2d
                0x00002f64                __extendsfdf2
                0x00002fa8                __floatundidf
                0x00002fa8                __aeabi_ul2d
                0x00002fb8                __floatdidf
                0x00002fb8                __aeabi_l2d
 .text          0x00003014       0x40 c:/siliconlabs/simplicitystudio/v5/developer/toolchains/gnu_arm/12.2.rel1_2023.7/bin/../lib/gcc/arm-none-eabi/12.2.1/thumb/v7-m/nofp\libgcc.a(_arm_fixunsdfsi.o)
                0x00003014                __aeabi_d2uiz
                0x00003014                __fixunsdfsi
 .text.exit     0x00003054       0x24 c:/siliconlabs/simplicitystudio/v5/developer/toolchains/gnu_arm/12.2.rel1_2023.7/bin/../lib/gcc/arm-none-eabi/12.2.1/thumb/v7-m/nofp\libc_nano.a(libc_a-exit.o)
                0x00003054                exit
 .text.srand    0x00003078       0x5c c:/siliconlabs/simplicitystudio/v5/developer/toolchains/gnu_arm/12.2.rel1_2023.7/bin/../lib/gcc/arm-none-eabi/12.2.1/thumb/v7-m/nofp\libc_nano.a(libc_a-rand.o)
                0x00003078                srand
 .text.rand     0x000030d4       0x7c c:/siliconlabs/simplicitystudio/v5/developer/toolchains/gnu_arm/12.2.rel1_2023.7/bin/../lib/gcc/arm-none-eabi/12.2.1/thumb/v7-m/nofp\libc_nano.a(libc_a-rand.o)
                0x000030d4                rand
 .text.std      0x00003150       0x6c c:/siliconlabs/simplicitystudio/v5/developer/toolchains/gnu_arm/12.2.rel1_2023.7/bin/../lib/gcc/arm-none-eabi/12.2.1/thumb/v7-m/nofp\libc_nano.a(libc_a-findfp.o)
 .text.stdio_exit_handler
                0x000031bc       0x18 c:/siliconlabs/simplicitystudio/v5/developer/toolchains/gnu_arm/12.2.rel1_2023.7/bin/../lib/gcc/arm-none-eabi/12.2.1/thumb/v7-m/nofp\libc_nano.a(libc_a-findfp.o)
 .text.cleanup_stdio
                0x000031d4       0x40 c:/siliconlabs/simplicitystudio/v5/developer/toolchains/gnu_arm/12.2.rel1_2023.7/bin/../lib/gcc/arm-none-eabi/12.2.1/thumb/v7-m/nofp\libc_nano.a(libc_a-findfp.o)
 .text.global_stdio_init.part.0
                0x00003214       0x3c c:/siliconlabs/simplicitystudio/v5/developer/toolchains/gnu_arm/12.2.rel1_2023.7/bin/../lib/gcc/arm-none-eabi/12.2.1/thumb/v7-m/nofp\libc_nano.a(libc_a-findfp.o)
 .text.__sfp_lock_acquire
                0x00003250        0xc c:/siliconlabs/simplicitystudio/v5/developer/toolchains/gnu_arm/12.2.rel1_2023.7/bin/../lib/gcc/arm-none-eabi/12.2.1/thumb/v7-m/nofp\libc_nano.a(libc_a-findfp.o)
                0x00003250                __sfp_lock_acquire
 .text.__sfp_lock_release
                0x0000325c        0xc c:/siliconlabs/simplicitystudio/v5/developer/toolchains/gnu_arm/12.2.rel1_2023.7/bin/../lib/gcc/arm-none-eabi/12.2.1/thumb/v7-m/nofp\libc_nano.a(libc_a-findfp.o)
                0x0000325c                __sfp_lock_release
 .text.__sinit  0x00003268       0x30 c:/siliconlabs/simplicitystudio/v5/developer/toolchains/gnu_arm/12.2.rel1_2023.7/bin/../lib/gcc/arm-none-eabi/12.2.1/thumb/v7-m/nofp\libc_nano.a(libc_a-findfp.o)
                0x00003268                __sinit
 .text._close_r
                0x00003298       0x20 c:/siliconlabs/simplicitystudio/v5/developer/toolchains/gnu_arm/12.2.rel1_2023.7/bin/../lib/gcc/arm-none-eabi/12.2.1/thumb/v7-m/nofp\libc_nano.a(libc_a-closer.o)
                0x00003298                _close_r
 .text._lseek_r
                0x000032b8       0x24 c:/siliconlabs/simplicitystudio/v5/developer/toolchains/gnu_arm/12.2.rel1_2023.7/bin/../lib/gcc/arm-none-eabi/12.2.1/thumb/v7-m/nofp\libc_nano.a(libc_a-lseekr.o)
                0x000032b8                _lseek_r
 .text._read_r  0x000032dc       0x24 c:/siliconlabs/simplicitystudio/v5/developer/toolchains/gnu_arm/12.2.rel1_2023.7/bin/../lib/gcc/arm-none-eabi/12.2.1/thumb/v7-m/nofp\libc_nano.a(libc_a-readr.o)
                0x000032dc                _read_r
 .text._write_r
                0x00003300       0x24 c:/siliconlabs/simplicitystudio/v5/developer/toolchains/gnu_arm/12.2.rel1_2023.7/bin/../lib/gcc/arm-none-eabi/12.2.1/thumb/v7-m/nofp\libc_nano.a(libc_a-writer.o)
                0x00003300                _write_r
 .text.__libc_init_array
                0x00003324       0x48 c:/siliconlabs/simplicitystudio/v5/developer/toolchains/gnu_arm/12.2.rel1_2023.7/bin/../lib/gcc/arm-none-eabi/12.2.1/thumb/v7-m/nofp\libc_nano.a(libc_a-init.o)
                0x00003324                __libc_init_array
 .text.__assert_func
                0x0000336c       0x3c c:/siliconlabs/simplicitystudio/v5/developer/toolchains/gnu_arm/12.2.rel1_2023.7/bin/../lib/gcc/arm-none-eabi/12.2.1/thumb/v7-m/nofp\libc_nano.a(libc_a-assert.o)
                0x0000336c                __assert_func
 .text._free_r  0x000033a8       0x90 c:/siliconlabs/simplicitystudio/v5/developer/toolchains/gnu_arm/12.2.rel1_2023.7/bin/../lib/gcc/arm-none-eabi/12.2.1/thumb/v7-m/nofp\libc_nano.a(libc_a-freer.o)
                0x000033a8                _free_r
 .text.malloc   0x00003438       0x10 c:/siliconlabs/simplicitystudio/v5/developer/toolchains/gnu_arm/12.2.rel1_2023.7/bin/../lib/gcc/arm-none-eabi/12.2.1/thumb/v7-m/nofp\libc_nano.a(libc_a-malloc.o)
                0x00003438                malloc
 .text.sbrk_aligned
                0x00003448       0x44 c:/siliconlabs/simplicitystudio/v5/developer/toolchains/gnu_arm/12.2.rel1_2023.7/bin/../lib/gcc/arm-none-eabi/12.2.1/thumb/v7-m/nofp\libc_nano.a(libc_a-mallocr.o)
 .text._malloc_r
                0x0000348c       0xf0 c:/siliconlabs/simplicitystudio/v5/developer/toolchains/gnu_arm/12.2.rel1_2023.7/bin/../lib/gcc/arm-none-eabi/12.2.1/thumb/v7-m/nofp\libc_nano.a(libc_a-mallocr.o)
                0x0000348c                _malloc_r
 .text.__malloc_lock
                0x0000357c        0xc c:/siliconlabs/simplicitystudio/v5/developer/toolchains/gnu_arm/12.2.rel1_2023.7/bin/../lib/gcc/arm-none-eabi/12.2.1/thumb/v7-m/nofp\libc_nano.a(libc_a-mlock.o)
                0x0000357c                __malloc_lock
 .text.__malloc_unlock
                0x00003588        0xc c:/siliconlabs/simplicitystudio/v5/developer/toolchains/gnu_arm/12.2.rel1_2023.7/bin/../lib/gcc/arm-none-eabi/12.2.1/thumb/v7-m/nofp\libc_nano.a(libc_a-mlock.o)
                0x00003588                __malloc_unlock
 .text.fprintf  0x00003594       0x24 c:/siliconlabs/simplicitystudio/v5/developer/toolchains/gnu_arm/12.2.rel1_2023.7/bin/../lib/gcc/arm-none-eabi/12.2.1/thumb/v7-m/nofp\libc_nano.a(libc_a-fprintf.o)
                0x00003594                fiprintf
                0x00003594                fprintf
 .text._sbrk_r  0x000035b8       0x20 c:/siliconlabs/simplicitystudio/v5/developer/toolchains/gnu_arm/12.2.rel1_2023.7/bin/../lib/gcc/arm-none-eabi/12.2.1/thumb/v7-m/nofp\libc_nano.a(libc_a-sbrkr.o)
                0x000035b8                _sbrk_r
 .text._vfprintf_r
                0x000035d8      0x230 c:/siliconlabs/simplicitystudio/v5/developer/toolchains/gnu_arm/12.2.rel1_2023.7/bin/../lib/gcc/arm-none-eabi/12.2.1/thumb/v7-m/nofp\libc_nano.a(libc_a-nano-vfprintf.o)
                0x000035d8                _vfprintf_r
                0x000035d8                _vfiprintf_r
 .text._printf_i
                0x00003808      0x258 c:/siliconlabs/simplicitystudio/v5/developer/toolchains/gnu_arm/12.2.rel1_2023.7/bin/../lib/gcc/arm-none-eabi/12.2.1/thumb/v7-m/nofp\libc_nano.a(libc_a-nano-vfprintf_i.o)
                0x00003808                _printf_i
 .text.__swsetup_r
                0x00003a60       0xac c:/siliconlabs/simplicitystudio/v5/developer/toolchains/gnu_arm/12.2.rel1_2023.7/bin/../lib/gcc/arm-none-eabi/12.2.1/thumb/v7-m/nofp\libc_nano.a(libc_a-wsetup.o)
                0x00003a60                __swsetup_r
 .text.raise    0x00003b0c       0x10 c:/siliconlabs/simplicitystudio/v5/developer/toolchains/gnu_arm/12.2.rel1_2023.7/bin/../lib/gcc/arm-none-eabi/12.2.1/thumb/v7-m/nofp\libc_nano.a(libc_a-signal.o)
                0x00003b0c                raise
 .text._kill_r  0x00003b1c       0x24 c:/siliconlabs/simplicitystudio/v5/developer/toolchains/gnu_arm/12.2.rel1_2023.7/bin/../lib/gcc/arm-none-eabi/12.2.1/thumb/v7-m/nofp\libc_nano.a(libc_a-signalr.o)
                0x00003b1c                _kill_r
 .text._fstat_r
                0x00003b40       0x24 c:/siliconlabs/simplicitystudio/v5/developer/toolchains/gnu_arm/12.2.rel1_2023.7/bin/../lib/gcc/arm-none-eabi/12.2.1/thumb/v7-m/nofp\libc_nano.a(libc_a-fstatr.o)
                0x00003b40                _fstat_r
 .text._isatty_r
                0x00003b64       0x20 c:/siliconlabs/simplicitystudio/v5/developer/toolchains/gnu_arm/12.2.rel1_2023.7/bin/../lib/gcc/arm-none-eabi/12.2.1/thumb/v7-m/nofp\libc_nano.a(libc_a-isattyr.o)
                0x00003b64                _isatty_r
 .text.app_init
                0x00003b84       0x12 ./app.o
                0x00003b84                app_init
 .text.CAPLESENSE_setupGPIO
                0x00003b96       0x3e ./caplesense.o
                0x00003b96                CAPLESENSE_setupGPIO
 .text.CAPLESENSE_Init
                0x00003bd4       0x26 ./caplesense.o
                0x00003bd4                CAPLESENSE_Init
 .text.game_running
                0x00003bfa       0x68 ./game.o
                0x00003bfa                game_running
 .text.startup.main
                0x00003c62       0x14 ./main.o
                0x00003c62                main
 .text.SegmentLCD_NumberOff
                0x00003c76       0x4c ./segmentlcd.o
                0x00003c76                SegmentLCD_NumberOff
 .text.sl_board_default_init
                0x00003cc2        0x2 ./autogen/sl_board_default_init.o
                0x00003cc2                sl_board_default_init
 .text.sl_driver_init
                0x00003cc4        0xe ./autogen/sl_event_handler.o
                0x00003cc4                sl_driver_init
 .text.sl_service_init
                0x00003cd2        0x4 ./autogen/sl_event_handler.o
                0x00003cd2                sl_service_init
 .text.sl_stack_init
                0x00003cd6        0x2 ./autogen/sl_event_handler.o
                0x00003cd6                sl_stack_init
 .text.sl_internal_app_init
                0x00003cd8        0x2 ./autogen/sl_event_handler.o
                0x00003cd8                sl_internal_app_init
 .text.sl_platform_process_action
                0x00003cda        0x2 ./autogen/sl_event_handler.o
                0x00003cda                sl_platform_process_action
 .text.sl_service_process_action
                0x00003cdc        0x2 ./autogen/sl_event_handler.o
                0x00003cdc                sl_service_process_action
 .text.sl_stack_process_action
                0x00003cde        0x2 ./autogen/sl_event_handler.o
                0x00003cde                sl_stack_process_action
 .text.sl_internal_app_process_action
                0x00003ce0        0x2 ./autogen/sl_event_handler.o
                0x00003ce0                sl_internal_app_process_action
 .text.sl_board_configure_vcom
                0x00003ce2        0x4 ./gecko_sdk_4.4.6/hardware/board/src/sl_board_control_gpio.o
                0x00003ce2                sl_board_configure_vcom
 .text.Default_Handler
                0x00003ce6        0x2 ./gecko_sdk_4.4.6/platform/Device/SiliconLabs/EFM32GG/Source/startup_efm32gg.o
                0x00003ce6                TIMER2_IRQHandler
                0x00003ce6                DebugMon_Handler
                0x00003ce6                USART0_TX_IRQHandler
                0x00003ce6                I2C0_IRQHandler
                0x00003ce6                HardFault_Handler
                0x00003ce6                LEUART1_IRQHandler
                0x00003ce6                USART1_RX_IRQHandler
                0x00003ce6                PendSV_Handler
                0x00003ce6                NMI_Handler
                0x00003ce6                I2C1_IRQHandler
                0x00003ce6                TIMER3_IRQHandler
                0x00003ce6                USART1_TX_IRQHandler
                0x00003ce6                MSC_IRQHandler
                0x00003ce6                ADC0_IRQHandler
                0x00003ce6                UsageFault_Handler
                0x00003ce6                LEUART0_IRQHandler
                0x00003ce6                UART0_TX_IRQHandler
                0x00003ce6                UART1_TX_IRQHandler
                0x00003ce6                RTC_IRQHandler
                0x00003ce6                TIMER0_IRQHandler
                0x00003ce6                LCD_IRQHandler
                0x00003ce6                PCNT2_IRQHandler
                0x00003ce6                UART0_RX_IRQHandler
                0x00003ce6                LETIMER0_IRQHandler
                0x00003ce6                TIMER1_IRQHandler
                0x00003ce6                USART2_RX_IRQHandler
                0x00003ce6                Default_Handler
                0x00003ce6                EMU_IRQHandler
                0x00003ce6                PCNT0_IRQHandler
                0x00003ce6                sl_app_properties
                0x00003ce6                USB_IRQHandler
                0x00003ce6                BURTC_IRQHandler
                0x00003ce6                PCNT1_IRQHandler
                0x00003ce6                ACMP0_IRQHandler
                0x00003ce6                USART0_RX_IRQHandler
                0x00003ce6                MemManage_Handler
                0x00003ce6                SVC_Handler
                0x00003ce6                DAC0_IRQHandler
                0x00003ce6                UART1_RX_IRQHandler
                0x00003ce6                CMU_IRQHandler
                0x00003ce6                EBI_IRQHandler
                0x00003ce6                AES_IRQHandler
                0x00003ce6                VCMP_IRQHandler
                0x00003ce6                DMA_IRQHandler
                0x00003ce6                BusFault_Handler
                0x00003ce6                USART2_TX_IRQHandler
 .text.SystemLFRCOClockGet
                0x00003ce8        0x6 ./gecko_sdk_4.4.6/platform/Device/SiliconLabs/EFM32GG/Source/system_efm32gg.o
                0x00003ce8                SystemLFRCOClockGet
 .text.SystemULFRCOClockGet
                0x00003cee        0x6 ./gecko_sdk_4.4.6/platform/Device/SiliconLabs/EFM32GG/Source/system_efm32gg.o
                0x00003cee                SystemULFRCOClockGet
 .text.assertEFM
                0x00003cf4        0x2 ./gecko_sdk_4.4.6/platform/common/src/sl_assert.o
                0x00003cf4                assertEFM
 .text._close   0x00003cf6        0x6 ./gecko_sdk_4.4.6/platform/common/src/sl_syscalls.o
                0x00003cf6                _close
 .text._exit    0x00003cfc        0x2 ./gecko_sdk_4.4.6/platform/common/src/sl_syscalls.o
                0x00003cfc                _exit
 .text._fstat   0x00003cfe        0x4 ./gecko_sdk_4.4.6/platform/common/src/sl_syscalls.o
                0x00003cfe                _fstat
 .text._getpid  0x00003d02        0x4 ./gecko_sdk_4.4.6/platform/common/src/sl_syscalls.o
                0x00003d02                _getpid
 .text._isatty  0x00003d06        0x4 ./gecko_sdk_4.4.6/platform/common/src/sl_syscalls.o
                0x00003d06                _isatty
 .text._kill    0x00003d0a        0x6 ./gecko_sdk_4.4.6/platform/common/src/sl_syscalls.o
                0x00003d0a                _kill
 .text._lseek   0x00003d10        0x4 ./gecko_sdk_4.4.6/platform/common/src/sl_syscalls.o
                0x00003d10                _lseek
 .text._read    0x00003d14        0x4 ./gecko_sdk_4.4.6/platform/common/src/sl_syscalls.o
                0x00003d14                _read
 .text._write   0x00003d18        0x4 ./gecko_sdk_4.4.6/platform/common/src/sl_syscalls.o
                0x00003d18                _write
 .text.sl_button_init
                0x00003d1c        0xa ./gecko_sdk_4.4.6/platform/driver/button/src/sl_button.o
                0x00003d1c                sl_button_init
 .text.sl_button_get_state
                0x00003d26        0xa ./gecko_sdk_4.4.6/platform/driver/button/src/sl_button.o
                0x00003d26                sl_button_get_state
 .text.sli_simple_button_on_change
                0x00003d30       0x28 ./gecko_sdk_4.4.6/platform/driver/button/src/sl_simple_button.o
 .text.sl_simple_button_get_state
                0x00003d58        0x6 ./gecko_sdk_4.4.6/platform/driver/button/src/sl_simple_button.o
                0x00003d58                sl_simple_button_get_state
 .text.sl_simple_button_poll_step
                0x00003d5e       0x52 ./gecko_sdk_4.4.6/platform/driver/button/src/sl_simple_button.o
                0x00003d5e                sl_simple_button_poll_step
 .text.sl_simple_button_enable
                0x00003db0       0x12 ./gecko_sdk_4.4.6/platform/driver/button/src/sl_simple_button.o
                0x00003db0                sl_simple_button_enable
 .text.sl_simple_button_disable
                0x00003dc2       0x30 ./gecko_sdk_4.4.6/platform/driver/button/src/sl_simple_button.o
                0x00003dc2                sl_simple_button_disable
 .text.CORE_EnterCritical
                0x00003df2        0x8 ./gecko_sdk_4.4.6/platform/emlib/src/em_core.o
                0x00003df2                CORE_EnterCritical
 .text.CORE_ExitCritical
                0x00003dfa        0x6 ./gecko_sdk_4.4.6/platform/emlib/src/em_core.o
                0x00003dfa                CORE_ExitCritical
 .text.CORE_EnterAtomic
                0x00003e00        0xc ./gecko_sdk_4.4.6/platform/emlib/src/em_core.o
                0x00003e00                CORE_EnterAtomic
 .text.CORE_ExitAtomic
                0x00003e0c        0x6 ./gecko_sdk_4.4.6/platform/emlib/src/em_core.o
                0x00003e0c                CORE_ExitAtomic
 .text.BUS_RegMaskedWrite
                0x00003e12       0x1e ./gecko_sdk_4.4.6/platform/emlib/src/em_gpio.o
 .text.LESENSE_ChannelAllConfig
                0x00003e30       0x18 ./gecko_sdk_4.4.6/platform/emlib/src/em_lesense.o
                0x00003e30                LESENSE_ChannelAllConfig
 .text.sl_device_init_lfxo
                0x00003e48       0x22 ./gecko_sdk_4.4.6/platform/service/device_init/src/sl_device_init_lfxo_s0.o
                0x00003e48                sl_device_init_lfxo
 .text.sl_system_init
                0x00003e6a       0x1a ./gecko_sdk_4.4.6/platform/service/system/src/sl_system_init.o
                0x00003e6a                sl_system_init
 .text.sl_system_process_action
                0x00003e84       0x16 ./gecko_sdk_4.4.6/platform/service/system/src/sl_system_process_action.o
                0x00003e84                sl_system_process_action
 .text.abs      0x00003e9a        0x8 c:/siliconlabs/simplicitystudio/v5/developer/toolchains/gnu_arm/12.2.rel1_2023.7/bin/../lib/gcc/arm-none-eabi/12.2.1/thumb/v7-m/nofp\libc_nano.a(libc_a-abs.o)
                0x00003e9a                abs
 .text._fwalk_sglue
                0x00003ea2       0x3c c:/siliconlabs/simplicitystudio/v5/developer/toolchains/gnu_arm/12.2.rel1_2023.7/bin/../lib/gcc/arm-none-eabi/12.2.1/thumb/v7-m/nofp\libc_nano.a(libc_a-fwalk.o)
                0x00003ea2                _fwalk_sglue
 .text.__sread  0x00003ede       0x22 c:/siliconlabs/simplicitystudio/v5/developer/toolchains/gnu_arm/12.2.rel1_2023.7/bin/../lib/gcc/arm-none-eabi/12.2.1/thumb/v7-m/nofp\libc_nano.a(libc_a-stdio.o)
                0x00003ede                __sread
 .text.__swrite
                0x00003f00       0x38 c:/siliconlabs/simplicitystudio/v5/developer/toolchains/gnu_arm/12.2.rel1_2023.7/bin/../lib/gcc/arm-none-eabi/12.2.1/thumb/v7-m/nofp\libc_nano.a(libc_a-stdio.o)
                0x00003f00                __swrite
 .text.__sseek  0x00003f38       0x24 c:/siliconlabs/simplicitystudio/v5/developer/toolchains/gnu_arm/12.2.rel1_2023.7/bin/../lib/gcc/arm-none-eabi/12.2.1/thumb/v7-m/nofp\libc_nano.a(libc_a-stdio.o)
                0x00003f38                __sseek
 .text.__sclose
                0x00003f5c        0x8 c:/siliconlabs/simplicitystudio/v5/developer/toolchains/gnu_arm/12.2.rel1_2023.7/bin/../lib/gcc/arm-none-eabi/12.2.1/thumb/v7-m/nofp\libc_nano.a(libc_a-stdio.o)
                0x00003f5c                __sclose
 .text.memset   0x00003f64       0x10 c:/siliconlabs/simplicitystudio/v5/developer/toolchains/gnu_arm/12.2.rel1_2023.7/bin/../lib/gcc/arm-none-eabi/12.2.1/thumb/v7-m/nofp\libc_nano.a(libc_a-memset.o)
                0x00003f64                memset
 .text.__retarget_lock_init_recursive
                0x00003f74        0x2 c:/siliconlabs/simplicitystudio/v5/developer/toolchains/gnu_arm/12.2.rel1_2023.7/bin/../lib/gcc/arm-none-eabi/12.2.1/thumb/v7-m/nofp\libc_nano.a(libc_a-lock.o)
                0x00003f74                __retarget_lock_init_recursive
 .text.__retarget_lock_acquire_recursive
                0x00003f76        0x2 c:/siliconlabs/simplicitystudio/v5/developer/toolchains/gnu_arm/12.2.rel1_2023.7/bin/../lib/gcc/arm-none-eabi/12.2.1/thumb/v7-m/nofp\libc_nano.a(libc_a-lock.o)
                0x00003f76                __retarget_lock_acquire_recursive
 .text.__retarget_lock_release_recursive
                0x00003f78        0x2 c:/siliconlabs/simplicitystudio/v5/developer/toolchains/gnu_arm/12.2.rel1_2023.7/bin/../lib/gcc/arm-none-eabi/12.2.1/thumb/v7-m/nofp\libc_nano.a(libc_a-lock.o)
                0x00003f78                __retarget_lock_release_recursive
 .text          0x00003f7a       0x10 c:/siliconlabs/simplicitystudio/v5/developer/toolchains/gnu_arm/12.2.rel1_2023.7/bin/../lib/gcc/arm-none-eabi/12.2.1/thumb/v7-m/nofp\libc_nano.a(libc_a-strlen.o)
                0x00003f7a                strlen
 .text.__sflush_r
                0x00003f8a      0x100 c:/siliconlabs/simplicitystudio/v5/developer/toolchains/gnu_arm/12.2.rel1_2023.7/bin/../lib/gcc/arm-none-eabi/12.2.1/thumb/v7-m/nofp\libc_nano.a(libc_a-fflush.o)
                0x00003f8a                __sflush_r
 .text._fflush_r
                0x0000408a       0x50 c:/siliconlabs/simplicitystudio/v5/developer/toolchains/gnu_arm/12.2.rel1_2023.7/bin/../lib/gcc/arm-none-eabi/12.2.1/thumb/v7-m/nofp\libc_nano.a(libc_a-fflush.o)
                0x0000408a                _fflush_r
 .text.abort    0x000040da        0xe c:/siliconlabs/simplicitystudio/v5/developer/toolchains/gnu_arm/12.2.rel1_2023.7/bin/../lib/gcc/arm-none-eabi/12.2.1/thumb/v7-m/nofp\libc_nano.a(libc_a-abort.o)
                0x000040da                abort
 .text.__sfputc_r
                0x000040e8       0x2a c:/siliconlabs/simplicitystudio/v5/developer/toolchains/gnu_arm/12.2.rel1_2023.7/bin/../lib/gcc/arm-none-eabi/12.2.1/thumb/v7-m/nofp\libc_nano.a(libc_a-nano-vfprintf.o)
 .text.__sfputs_r
                0x00004112       0x24 c:/siliconlabs/simplicitystudio/v5/developer/toolchains/gnu_arm/12.2.rel1_2023.7/bin/../lib/gcc/arm-none-eabi/12.2.1/thumb/v7-m/nofp\libc_nano.a(libc_a-nano-vfprintf.o)
                0x00004112                __sfputs_r
 .text._printf_common
                0x00004136       0xe4 c:/siliconlabs/simplicitystudio/v5/developer/toolchains/gnu_arm/12.2.rel1_2023.7/bin/../lib/gcc/arm-none-eabi/12.2.1/thumb/v7-m/nofp\libc_nano.a(libc_a-nano-vfprintf_i.o)
                0x00004136                _printf_common
 .text.__swbuf_r
                0x0000421a       0x7c c:/siliconlabs/simplicitystudio/v5/developer/toolchains/gnu_arm/12.2.rel1_2023.7/bin/../lib/gcc/arm-none-eabi/12.2.1/thumb/v7-m/nofp\libc_nano.a(libc_a-wbuf.o)
                0x0000421a                __swbuf_r
 .text._raise_r
                0x00004296       0x50 c:/siliconlabs/simplicitystudio/v5/developer/toolchains/gnu_arm/12.2.rel1_2023.7/bin/../lib/gcc/arm-none-eabi/12.2.1/thumb/v7-m/nofp\libc_nano.a(libc_a-signal.o)
                0x00004296                _raise_r
 .text._getpid_r
                0x000042e6        0x4 c:/siliconlabs/simplicitystudio/v5/developer/toolchains/gnu_arm/12.2.rel1_2023.7/bin/../lib/gcc/arm-none-eabi/12.2.1/thumb/v7-m/nofp\libc_nano.a(libc_a-signalr.o)
                0x000042e6                _getpid_r
 .text.memchr   0x000042ea       0x1c c:/siliconlabs/simplicitystudio/v5/developer/toolchains/gnu_arm/12.2.rel1_2023.7/bin/../lib/gcc/arm-none-eabi/12.2.1/thumb/v7-m/nofp\libc_nano.a(libc_a-memchr-stub.o)
                0x000042ea                memchr
 .text.__swhatbuf_r
                0x00004306       0x4a c:/siliconlabs/simplicitystudio/v5/developer/toolchains/gnu_arm/12.2.rel1_2023.7/bin/../lib/gcc/arm-none-eabi/12.2.1/thumb/v7-m/nofp\libc_nano.a(libc_a-makebuf.o)
                0x00004306                __swhatbuf_r
 .text.__smakebuf_r
                0x00004350       0x78 c:/siliconlabs/simplicitystudio/v5/developer/toolchains/gnu_arm/12.2.rel1_2023.7/bin/../lib/gcc/arm-none-eabi/12.2.1/thumb/v7-m/nofp\libc_nano.a(libc_a-makebuf.o)
                0x00004350                __smakebuf_r
                0x000043e0                . = ALIGN (0x20)
 *fill*         0x000043c8       0x18 
                0x000043e0                linker_code_end = .
 *(.init)
 .init          0x000043e0        0x4 c:/siliconlabs/simplicitystudio/v5/developer/toolchains/gnu_arm/12.2.rel1_2023.7/bin/../lib/gcc/arm-none-eabi/12.2.1/thumb/v7-m/nofp/crti.o
                0x000043e0                _init
 .init          0x000043e4        0x8 c:/siliconlabs/simplicitystudio/v5/developer/toolchains/gnu_arm/12.2.rel1_2023.7/bin/../lib/gcc/arm-none-eabi/12.2.1/thumb/v7-m/nofp/crtn.o
 *(.fini)
 .fini          0x000043ec        0x4 c:/siliconlabs/simplicitystudio/v5/developer/toolchains/gnu_arm/12.2.rel1_2023.7/bin/../lib/gcc/arm-none-eabi/12.2.1/thumb/v7-m/nofp/crti.o
                0x000043ec                _fini
 .fini          0x000043f0        0x8 c:/siliconlabs/simplicitystudio/v5/developer/toolchains/gnu_arm/12.2.rel1_2023.7/bin/../lib/gcc/arm-none-eabi/12.2.1/thumb/v7-m/nofp/crtn.o
 *crtbegin.o(.ctors)
 *crtbegin?.o(.ctors)
 *(EXCLUDE_FILE(*crtend.o *crtend?.o) .ctors)
 *(SORT_BY_NAME(.ctors.*))
 *(.ctors)
 *crtbegin.o(.dtors)
 *crtbegin?.o(.dtors)
 *(EXCLUDE_FILE(*crtend.o *crtend?.o) .dtors)
 *(SORT_BY_NAME(.dtors.*))
 *(.dtors)
                0x000043f8                __code_classification_validator_start__ = .
                0x00004418                . = (. + 0x20)
 *fill*         0x000043f8       0x20 
 *(code_classification_validator)
                0x00004420                . = ALIGN (0x20)
 *fill*         0x00004418        0x8 
                0x00004420                __code_classification_validator_end__ = .
 *(.rodata*)
 .rodata.app_process_action.str1.1
                0x00004420        0x6 ./app.o
 *fill*         0x00004426        0x2 
 .rodata.initChsSense.0
                0x00004428      0x200 ./caplesense.o
 .rodata.initChsSleep.2
                0x00004628      0x200 ./caplesense.o
 .rodata.initLESENSE.3
                0x00004828       0x40 ./caplesense.o
 .rodata.initACMP.5
                0x00004868       0x14 ./caplesense.o
 .rodata.channelsInUse
                0x0000487c       0x10 ./caplesense.o
 .rodata        0x0000488c       0x2c ./caplesense.o
 .rodata.print_diff.str1.1
                0x000048b8       0x11 ./game.o
 .rodata.game_init.str1.1
                0x000048c9        0x7 ./game.o
 .rodata.CSWTCH.5
                0x000048d0       0x18 ./game.o
 .rodata.SegmentLCD_LowerNumber.str1.1
                0x000048e8        0x8 ./segmentlcd.o
 .rodata.CSWTCH.37
                0x000048f0        0xf ./segmentlcd.o
 .rodata.CSWTCH.36
                0x000048ff        0xf ./segmentlcd.o
 *fill*         0x0000490e        0x2 
 .rodata.lcdInit
                0x00004910       0x14 ./segmentlcd.o
 .rodata.Segment_Numbers
                0x00004924       0x22 ./segmentlcd.o
 .rodata.Segment_Alphabet
                0x00004946       0xb8 ./segmentlcd.o
 .rodata.EFM_Display
                0x000049fe      0x1fe ./segmentlcd.o
 .rodata.sl_button_btn1
                0x00004bfc       0x18 ./autogen/sl_simple_button_instances.o
                0x00004bfc                sl_button_btn1
 .rodata.GPIO_PinInGet.str1.1
                0x00004c14       0x4c ./gecko_sdk_4.4.6/platform/driver/button/src/sl_simple_button.o
 .rodata.sl_simple_button_init.str1.1
                0x00004c60       0x5d ./gecko_sdk_4.4.6/platform/driver/button/src/sl_simple_button.o
 *fill*         0x00004cbd        0x1 
 .rodata.CSWTCH.10
                0x00004cbe        0xc ./gecko_sdk_4.4.6/platform/driver/button/src/sl_simple_button.o
 .rodata.ACMP_CapsenseInit.str1.1
                0x00004cca       0x4c ./gecko_sdk_4.4.6/platform/emlib/src/em_acmp.o
 .rodata.ACMP_GPIOSetup.str1.1
                0x00004d16       0x4b ./gecko_sdk_4.4.6/platform/emlib/src/em_acmp.o
 .rodata.CMU_DivToLog2.str1.1
                0x00004d61       0x4b ./gecko_sdk_4.4.6/platform/emlib/src/em_cmu.o
 .rodata.auxClkGet.str1.1
                0x00004dac       0x4b ./gecko_sdk_4.4.6/platform/emlib/src/em_cmu.o
 *fill*         0x00004df7        0x1 
 .rodata.CSWTCH.62
                0x00004df8        0xa ./gecko_sdk_4.4.6/platform/emlib/src/em_cmu.o
 .rodata.CSWTCH.61
                0x00004e02        0xa ./gecko_sdk_4.4.6/platform/emlib/src/em_cmu.o
 .rodata.CSWTCH.60
                0x00004e0c        0x5 ./gecko_sdk_4.4.6/platform/emlib/src/em_cmu.o
 .rodata.CORE_NvicMaskSetIRQ.str1.1
                0x00004e11       0x4c ./gecko_sdk_4.4.6/platform/emlib/src/em_core.o
 .rodata.GPIO_PinOutSet.str1.1
                0x00004e5d       0x4c ./gecko_sdk_4.4.6/platform/emlib/src/em_gpio.o
 .rodata.GPIO_DbgLocationSet.str1.1
                0x00004e5d       0x4c ./gecko_sdk_4.4.6/platform/emlib/src/em_gpio.o
 .rodata.GPIO_ExtIntConfig.str1.1
                0x00004ea9       0x4b ./gecko_sdk_4.4.6/platform/emlib/src/em_gpio.o
 *fill*         0x00004ea9        0x1 
 .rodata.CSWTCH.36
                0x00004eaa        0xc ./gecko_sdk_4.4.6/platform/emlib/src/em_gpio.o
 .rodata.BUS_RegBitWrite.str1.1
                0x00004eb6       0x4b ./gecko_sdk_4.4.6/platform/emlib/src/em_lcd.o
 .rodata.LCD_Init.str1.1
                0x00004eb6       0x4b ./gecko_sdk_4.4.6/platform/emlib/src/em_lcd.o
 .rodata.BUS_RegBitWrite.str1.1
                0x00004f01       0x4b ./gecko_sdk_4.4.6/platform/emlib/src/em_lesense.o
 .rodata.LESENSE_ScanFreqSet.str1.1
                0x00004f01       0x4f ./gecko_sdk_4.4.6/platform/emlib/src/em_lesense.o
 .rodata.SYSTEM_ChipRevisionGet.str1.1
                0x00004f50       0x4e ./gecko_sdk_4.4.6/platform/emlib/src/em_system.o
 .rodata        0x00004f9e        0x5 ./gecko_sdk_4.4.6/platform/service/device_init/src/sl_device_init_emu_s0.o
 .rodata        0x00004fa3        0x4 ./gecko_sdk_4.4.6/platform/service/device_init/src/sl_device_init_hfxo_s0.o
 .rodata.sl_udelay_wait.str1.1
                0x00004fa7       0x57 ./gecko_sdk_4.4.6/platform/service/udelay/src/sl_udelay.o
 .rodata.srand.str1.1
                0x00004ffe       0x70 c:/siliconlabs/simplicitystudio/v5/developer/toolchains/gnu_arm/12.2.rel1_2023.7/bin/../lib/gcc/arm-none-eabi/12.2.1/thumb/v7-m/nofp\libc_nano.a(libc_a-rand.o)
 .rodata.__assert_func.str1.1
                0x0000506e       0x3c c:/siliconlabs/simplicitystudio/v5/developer/toolchains/gnu_arm/12.2.rel1_2023.7/bin/../lib/gcc/arm-none-eabi/12.2.1/thumb/v7-m/nofp\libc_nano.a(libc_a-assert.o)
                                 0x3d (size before relaxing)
 .rodata._vfprintf_r.str1.1
                0x000050aa       0x11 c:/siliconlabs/simplicitystudio/v5/developer/toolchains/gnu_arm/12.2.rel1_2023.7/bin/../lib/gcc/arm-none-eabi/12.2.1/thumb/v7-m/nofp\libc_nano.a(libc_a-nano-vfprintf.o)
 .rodata._printf_i.str1.1
                0x000050bb       0x22 c:/siliconlabs/simplicitystudio/v5/developer/toolchains/gnu_arm/12.2.rel1_2023.7/bin/../lib/gcc/arm-none-eabi/12.2.1/thumb/v7-m/nofp\libc_nano.a(libc_a-nano-vfprintf_i.o)
 *(.eh_frame*)
 *fill*         0x000050dd        0x3 
 .eh_frame      0x000050e0        0x0 c:/siliconlabs/simplicitystudio/v5/developer/toolchains/gnu_arm/12.2.rel1_2023.7/bin/../lib/gcc/arm-none-eabi/12.2.1/thumb/v7-m/nofp/crtbegin.o

.glue_7         0x000050e0        0x0
 .glue_7        0x000050e0        0x0 linker stubs

.glue_7t        0x000050e0        0x0
 .glue_7t       0x000050e0        0x0 linker stubs

.vfp11_veneer   0x000050e0        0x0
 .vfp11_veneer  0x000050e0        0x0 linker stubs

.v4_bx          0x000050e0        0x0
 .v4_bx         0x000050e0        0x0 linker stubs

.iplt           0x000050e0        0x0
 .iplt          0x000050e0        0x0 c:/siliconlabs/simplicitystudio/v5/developer/toolchains/gnu_arm/12.2.rel1_2023.7/bin/../lib/gcc/arm-none-eabi/12.2.1/thumb/v7-m/nofp/crtbegin.o

.ARM.extab
 *(.ARM.extab* .gnu.linkonce.armextab.*)
                0x000050e0                __exidx_start = .

.ARM.exidx      0x000050e0        0x8
 *(.ARM.exidx* .gnu.linkonce.armexidx.*)
 .ARM.exidx     0x000050e0        0x8 c:/siliconlabs/simplicitystudio/v5/developer/toolchains/gnu_arm/12.2.rel1_2023.7/bin/../lib/gcc/arm-none-eabi/12.2.1/thumb/v7-m/nofp/crt0.o
                                 0x10 (size before relaxing)
                0x000050e8                __exidx_end = .

.rel.dyn        0x000050e8        0x0
 .rel.iplt      0x000050e8        0x0 c:/siliconlabs/simplicitystudio/v5/developer/toolchains/gnu_arm/12.2.rel1_2023.7/bin/../lib/gcc/arm-none-eabi/12.2.1/thumb/v7-m/nofp/crtbegin.o

.copy.table     0x000050e8        0xc
                0x000050e8                . = ALIGN (0x4)
                0x000050e8                __copy_table_start__ = .
                0x000050e8        0x4 LONG 0x50f4 __etext
                0x000050ec        0x4 LONG 0x20001000 __data_start__
                0x000050f0        0x4 LONG 0x6a ((__data_end__ - __data_start__) / 0x4)
                0x000050f4                __copy_table_end__ = .

.zero.table     0x000050f4        0x0
                0x000050f4                . = ALIGN (0x4)
                0x000050f4                __zero_table_start__ = .
                0x000050f4                __zero_table_end__ = .
                0x000050f4                __etext = .
                0x20000000                . = ORIGIN (RAM)

.stack          0x20000000     0x1000
                0x20000000                __StackLimit = .
 *(.stack*)
 .stack         0x20000000     0x1000 ./gecko_sdk_4.4.6/platform/common/toolchain/src/sl_memory.o
                0x20001000                . = ALIGN (0x4)
                0x20001000                __StackTop = .
                0x20001000                PROVIDE (__stack = __StackTop)

.noinit
 *(.noinit*)

.data           0x20001000      0x1a8 load address 0x000050f4
                0x20001000                . = ALIGN (0x4)
                0x20001000                __data_start__ = .
 *(vtable)
 *(SORT_BY_ALIGNMENT(.data*))
 .data.state    0x20001000       0x20 ./app.o
                0x20001000                state
 .data.channelMaxValues
                0x20001020       0x40 ./caplesense.o
 .data.SystemCoreClock
                0x20001060        0x4 ./gecko_sdk_4.4.6/platform/Device/SiliconLabs/EFM32GG/Source/system_efm32gg.o
                0x20001060                SystemCoreClock
 .data.SystemLFXOClock
                0x20001064        0x4 ./gecko_sdk_4.4.6/platform/Device/SiliconLabs/EFM32GG/Source/system_efm32gg.o
 .data.SystemHFXOClock
                0x20001068        0x4 ./gecko_sdk_4.4.6/platform/Device/SiliconLabs/EFM32GG/Source/system_efm32gg.o
 .data.heap_end.0
                0x2000106c        0x4 ./gecko_sdk_4.4.6/platform/common/toolchain/src/sl_memory.o
 .data.__sglue  0x20001070        0xc c:/siliconlabs/simplicitystudio/v5/developer/toolchains/gnu_arm/12.2.rel1_2023.7/bin/../lib/gcc/arm-none-eabi/12.2.1/thumb/v7-m/nofp\libc_nano.a(libc_a-findfp.o)
                0x20001070                __sglue
 .data._impure_ptr
                0x2000107c        0x4 c:/siliconlabs/simplicitystudio/v5/developer/toolchains/gnu_arm/12.2.rel1_2023.7/bin/../lib/gcc/arm-none-eabi/12.2.1/thumb/v7-m/nofp\libc_nano.a(libc_a-impure.o)
                0x2000107c                _impure_ptr
 .data._impure_data
                0x20001080       0x4c c:/siliconlabs/simplicitystudio/v5/developer/toolchains/gnu_arm/12.2.rel1_2023.7/bin/../lib/gcc/arm-none-eabi/12.2.1/thumb/v7-m/nofp\libc_nano.a(libc_a-impure.o)
                0x20001080                _impure_data
 .data.simple_btn1_context
                0x200010cc        0x8 ./autogen/sl_simple_button_instances.o
                0x200010cc                simple_btn1_context
 .data.hfxo_precision
                0x200010d4        0x2 ./gecko_sdk_4.4.6/platform/emlib/src/em_cmu.o
 .data.lfxo_precision
                0x200010d6        0x2 ./gecko_sdk_4.4.6/platform/emlib/src/em_cmu.o
 .data.init.4   0x200010d8        0x1 ./caplesense.o
 .data.Text     0x200010d9       0xc4 ./segmentlcd_individual.o
                0x200010d9                Text
                0x200011a0                . = ALIGN (0x4)
 *fill*         0x2000119d        0x3 
                [!provide]                PROVIDE (__ram_func_section_start = .)
 *(.ram)
                [!provide]                PROVIDE (__ram_func_section_end = .)
                0x200011a0                . = ALIGN (0x4)
                0x200011a0                PROVIDE (__preinit_array_start = .)
 *(.preinit_array)
                0x200011a0                PROVIDE (__preinit_array_end = .)
                0x200011a0                . = ALIGN (0x4)
                0x200011a0                PROVIDE (__init_array_start = .)
 *(SORT_BY_NAME(.init_array.*))
 *(.init_array)
 .init_array    0x200011a0        0x4 c:/siliconlabs/simplicitystudio/v5/developer/toolchains/gnu_arm/12.2.rel1_2023.7/bin/../lib/gcc/arm-none-eabi/12.2.1/thumb/v7-m/nofp/crtbegin.o
                0x200011a4                PROVIDE (__init_array_end = .)
                0x200011a4                . = ALIGN (0x4)
                [!provide]                PROVIDE (__fini_array_start = .)
 *(SORT_BY_NAME(.fini_array.*))
 *(.fini_array)
 .fini_array    0x200011a4        0x4 c:/siliconlabs/simplicitystudio/v5/developer/toolchains/gnu_arm/12.2.rel1_2023.7/bin/../lib/gcc/arm-none-eabi/12.2.1/thumb/v7-m/nofp/crtbegin.o
                [!provide]                PROVIDE (__fini_array_end = .)
                0x200011a8                . = ALIGN (0x4)
                0x200011a8                __data_end__ = .

.tm_clone_table
                0x200011a8        0x0 load address 0x0000529c
 .tm_clone_table
                0x200011a8        0x0 c:/siliconlabs/simplicitystudio/v5/developer/toolchains/gnu_arm/12.2.rel1_2023.7/bin/../lib/gcc/arm-none-eabi/12.2.1/thumb/v7-m/nofp/crtbegin.o
 .tm_clone_table
                0x200011a8        0x0 c:/siliconlabs/simplicitystudio/v5/developer/toolchains/gnu_arm/12.2.rel1_2023.7/bin/../lib/gcc/arm-none-eabi/12.2.1/thumb/v7-m/nofp/crtend.o

.igot.plt       0x200011a8        0x0 load address 0x0000529c
 .igot.plt      0x200011a8        0x0 c:/siliconlabs/simplicitystudio/v5/developer/toolchains/gnu_arm/12.2.rel1_2023.7/bin/../lib/gcc/arm-none-eabi/12.2.1/thumb/v7-m/nofp/crtbegin.o

.bss            0x200011a8      0x3b8 load address 0x0000529c
                0x200011a8                . = ALIGN (0x4)
                0x200011a8                __bss_start__ = .
 *(SORT_BY_ALIGNMENT(.bss*))
 .bss.object.0  0x200011a8       0x18 c:/siliconlabs/simplicitystudio/v5/developer/toolchains/gnu_arm/12.2.rel1_2023.7/bin/../lib/gcc/arm-none-eabi/12.2.1/thumb/v7-m/nofp/crtbegin.o
 .bss.lesenseChCb
                0x200011c0        0x4 ./caplesense.o
 .bss.lesenseScanCb
                0x200011c4        0x4 ./caplesense.o
 .bss.channelValues
                0x200011c8       0x40 ./caplesense.o
 .bss.gpioCallbacks
                0x20001208      0x200 ./gecko_sdk_4.4.6/platform/emdrv/gpiointerrupt/src/gpiointerrupt.o
 .bss.__sf      0x20001408      0x138 c:/siliconlabs/simplicitystudio/v5/developer/toolchains/gnu_arm/12.2.rel1_2023.7/bin/../lib/gcc/arm-none-eabi/12.2.1/thumb/v7-m/nofp\libc_nano.a(libc_a-findfp.o)
                0x20001408                __sf
 .bss.__stdio_exit_handler
                0x20001540        0x4 c:/siliconlabs/simplicitystudio/v5/developer/toolchains/gnu_arm/12.2.rel1_2023.7/bin/../lib/gcc/arm-none-eabi/12.2.1/thumb/v7-m/nofp\libc_nano.a(libc_a-findfp.o)
                0x20001540                __stdio_exit_handler
 .bss.errno     0x20001544        0x4 c:/siliconlabs/simplicitystudio/v5/developer/toolchains/gnu_arm/12.2.rel1_2023.7/bin/../lib/gcc/arm-none-eabi/12.2.1/thumb/v7-m/nofp\libc_nano.a(libc_a-reent.o)
                0x20001544                errno
 .bss.__malloc_sbrk_start
                0x20001548        0x4 c:/siliconlabs/simplicitystudio/v5/developer/toolchains/gnu_arm/12.2.rel1_2023.7/bin/../lib/gcc/arm-none-eabi/12.2.1/thumb/v7-m/nofp\libc_nano.a(libc_a-mallocr.o)
                0x20001548                __malloc_sbrk_start
 .bss.__malloc_free_list
                0x2000154c        0x4 c:/siliconlabs/simplicitystudio/v5/developer/toolchains/gnu_arm/12.2.rel1_2023.7/bin/../lib/gcc/arm-none-eabi/12.2.1/thumb/v7-m/nofp\libc_nano.a(libc_a-mallocr.o)
                0x2000154c                __malloc_free_list
 .bss.capsenseCalibrateVals.1
                0x20001550        0x8 ./caplesense.o
 .bss.completed.1
                0x20001558        0x1 c:/siliconlabs/simplicitystudio/v5/developer/toolchains/gnu_arm/12.2.rel1_2023.7/bin/../lib/gcc/arm-none-eabi/12.2.1/thumb/v7-m/nofp/crtbegin.o
 .bss.tick      0x20001559        0x1 ./app.o
                0x20001559                tick
 .bss.currentChannel
                0x2000155a        0x1 ./caplesense.o
 .bss.__lock___malloc_recursive_mutex
                0x2000155b        0x1 c:/siliconlabs/simplicitystudio/v5/developer/toolchains/gnu_arm/12.2.rel1_2023.7/bin/../lib/gcc/arm-none-eabi/12.2.1/thumb/v7-m/nofp\libc_nano.a(libc_a-lock.o)
                0x2000155b                __lock___malloc_recursive_mutex
 .bss.__lock___sfp_recursive_mutex
                0x2000155c        0x1 c:/siliconlabs/simplicitystudio/v5/developer/toolchains/gnu_arm/12.2.rel1_2023.7/bin/../lib/gcc/arm-none-eabi/12.2.1/thumb/v7-m/nofp\libc_nano.a(libc_a-lock.o)
                0x2000155c                __lock___sfp_recursive_mutex
 *(COMMON)
                0x20001560                . = ALIGN (0x4)
 *fill*         0x2000155d        0x3 
                0x20001560                __bss_end__ = .
                0x20001560                __ramfuncs_start__ = .
                0x20001560                __vma_ramfuncs_start__ = .
                0x0000529c                __lma_ramfuncs_start__ = (__etext + SIZEOF (.data))
                0x00000000                __text_application_ram_offset__ = (. - __vma_ramfuncs_start__)

text_application_ram
                0x20001560        0x0 load address 0x0000529c
                0x20001560                . = ALIGN (0x4)
                0x20001560                __text_application_ram_start__ = .
 *(text_application_ram)
                0x20001560                . = ALIGN (0x4)
                0x20001560                __text_application_ram_end__ = .
                0x20001560                . = ALIGN (0x4)
                0x20001560                __vma_ramfuncs_end__ = .
                0x0000529c                __lma_ramfuncs_end__ = ((__lma_ramfuncs_start__ + __text_application_ram_offset__) + SIZEOF (text_application_ram))
                0x20001560                __ramfuncs_end__ = .

.heap           0x20001560      0x800
                0x20001560                __HeapBase = .
                0x20001560                __end__ = .
                0x20001560                end = __end__
                0x20001560                _end = __end__
 *(.heap*)
 .heap          0x20001560      0x800 ./gecko_sdk_4.4.6/platform/common/toolchain/src/sl_memory.o
                0x20020000                __HeapLimit = (ORIGIN (RAM) + LENGTH (RAM))
                0x0001eaa0                __heap_size = (__HeapLimit - __HeapBase)
                0x20020000                __ram_end__ = 0x20020000
                0x00100000                __main_flash_end__ = 0x100000

.internal_storage
 *(.internal_storage*)

.nvm
 *(.simee*)
                0x00100000                linker_nvm_end = __main_flash_end__
                0x00100000                linker_nvm_begin = (linker_nvm_end - SIZEOF (.nvm))
                0x00000000                linker_nvm_size = SIZEOF (.nvm)
                0x00100000                linker_storage_end = linker_nvm_begin
                0x00100000                __nvm3Base = linker_nvm_begin
                0x00100000                linker_storage_begin = (linker_storage_end - SIZEOF (.internal_storage))
                0x00000000                linker_storage_size = SIZEOF (.internal_storage)
                0x00000001                ASSERT ((linker_storage_begin >= (__etext + SIZEOF (.data))), FLASH memory overflowed !)
OUTPUT(BSzF_hazi_feladat.axf elf32-littlearm)
LOAD linker stubs

.ARM.attributes
                0x00000000       0x29
 .ARM.attributes
                0x00000000       0x1d c:/siliconlabs/simplicitystudio/v5/developer/toolchains/gnu_arm/12.2.rel1_2023.7/bin/../lib/gcc/arm-none-eabi/12.2.1/thumb/v7-m/nofp/crti.o
 .ARM.attributes
                0x0000001d       0x2d c:/siliconlabs/simplicitystudio/v5/developer/toolchains/gnu_arm/12.2.rel1_2023.7/bin/../lib/gcc/arm-none-eabi/12.2.1/thumb/v7-m/nofp/crtbegin.o
 .ARM.attributes
                0x0000004a       0x1b c:/siliconlabs/simplicitystudio/v5/developer/toolchains/gnu_arm/12.2.rel1_2023.7/bin/../lib/gcc/arm-none-eabi/12.2.1/thumb/v7-m/nofp/crt0.o
 .ARM.attributes
                0x00000065       0x2d ./app.o
 .ARM.attributes
                0x00000092       0x2d ./caplesense.o
 .ARM.attributes
                0x000000bf       0x2d ./game.o
 .ARM.attributes
                0x000000ec       0x2d ./main.o
 .ARM.attributes
                0x00000119       0x2d ./segmentlcd.o
 .ARM.attributes
                0x00000146       0x2d ./segmentlcd_individual.o
 .ARM.attributes
                0x00000173       0x2d ./autogen/sl_board_default_init.o
 .ARM.attributes
                0x000001a0       0x2d ./autogen/sl_device_init_clocks.o
 .ARM.attributes
                0x000001cd       0x2d ./autogen/sl_event_handler.o
 .ARM.attributes
                0x000001fa       0x2d ./autogen/sl_simple_button_instances.o
 .ARM.attributes
                0x00000227       0x2d ./gecko_sdk_4.4.6/hardware/board/src/sl_board_control_gpio.o
 .ARM.attributes
                0x00000254       0x2d ./gecko_sdk_4.4.6/hardware/board/src/sl_board_init.o
 .ARM.attributes
                0x00000281       0x2d ./gecko_sdk_4.4.6/platform/Device/SiliconLabs/EFM32GG/Source/startup_efm32gg.o
 .ARM.attributes
                0x000002ae       0x2d ./gecko_sdk_4.4.6/platform/Device/SiliconLabs/EFM32GG/Source/system_efm32gg.o
 .ARM.attributes
                0x000002db       0x2d ./gecko_sdk_4.4.6/platform/common/src/sl_assert.o
 .ARM.attributes
                0x00000308       0x2d ./gecko_sdk_4.4.6/platform/common/src/sl_syscalls.o
 .ARM.attributes
                0x00000335       0x2d ./gecko_sdk_4.4.6/platform/common/toolchain/src/sl_memory.o
 .ARM.attributes
                0x00000362       0x2d ./gecko_sdk_4.4.6/platform/driver/button/src/sl_button.o
 .ARM.attributes
                0x0000038f       0x2d ./gecko_sdk_4.4.6/platform/driver/button/src/sl_simple_button.o
 .ARM.attributes
                0x000003bc       0x2d ./gecko_sdk_4.4.6/platform/emdrv/gpiointerrupt/src/gpiointerrupt.o
 .ARM.attributes
                0x000003e9       0x2d ./gecko_sdk_4.4.6/platform/emlib/src/em_acmp.o
 .ARM.attributes
                0x00000416       0x2d ./gecko_sdk_4.4.6/platform/emlib/src/em_cmu.o
 .ARM.attributes
                0x00000443       0x2d ./gecko_sdk_4.4.6/platform/emlib/src/em_core.o
 .ARM.attributes
                0x00000470       0x2d ./gecko_sdk_4.4.6/platform/emlib/src/em_emu.o
 .ARM.attributes
                0x0000049d       0x2d ./gecko_sdk_4.4.6/platform/emlib/src/em_gpio.o
 .ARM.attributes
                0x000004ca       0x2d ./gecko_sdk_4.4.6/platform/emlib/src/em_lcd.o
 .ARM.attributes
                0x000004f7       0x2d ./gecko_sdk_4.4.6/platform/emlib/src/em_lesense.o
 .ARM.attributes
                0x00000524       0x2d ./gecko_sdk_4.4.6/platform/emlib/src/em_system.o
 .ARM.attributes
                0x00000551       0x2d ./gecko_sdk_4.4.6/platform/service/device_init/src/sl_device_init_emu_s0.o
 .ARM.attributes
                0x0000057e       0x2d ./gecko_sdk_4.4.6/platform/service/device_init/src/sl_device_init_hfxo_s0.o
 .ARM.attributes
                0x000005ab       0x2d ./gecko_sdk_4.4.6/platform/service/device_init/src/sl_device_init_lfxo_s0.o
 .ARM.attributes
                0x000005d8       0x2d ./gecko_sdk_4.4.6/platform/service/device_init/src/sl_device_init_nvic.o
 .ARM.attributes
                0x00000605       0x2d ./gecko_sdk_4.4.6/platform/service/system/src/sl_system_init.o
 .ARM.attributes
                0x00000632       0x2d ./gecko_sdk_4.4.6/platform/service/system/src/sl_system_process_action.o
 .ARM.attributes
                0x0000065f       0x2d ./gecko_sdk_4.4.6/platform/service/udelay/src/sl_udelay.o
 .ARM.attributes
                0x0000068c       0x1b ./gecko_sdk_4.4.6/platform/service/udelay/src/sl_udelay_armv6m_gcc.o
 .ARM.attributes
                0x000006a7       0x1d c:/siliconlabs/simplicitystudio/v5/developer/toolchains/gnu_arm/12.2.rel1_2023.7/bin/../lib/gcc/arm-none-eabi/12.2.1/thumb/v7-m/nofp\libgcc.a(_arm_muldf3.o)
 .ARM.attributes
                0x000006c4       0x1d c:/siliconlabs/simplicitystudio/v5/developer/toolchains/gnu_arm/12.2.rel1_2023.7/bin/../lib/gcc/arm-none-eabi/12.2.1/thumb/v7-m/nofp\libgcc.a(_arm_addsubdf3.o)
 .ARM.attributes
                0x000006e1       0x1d c:/siliconlabs/simplicitystudio/v5/developer/toolchains/gnu_arm/12.2.rel1_2023.7/bin/../lib/gcc/arm-none-eabi/12.2.1/thumb/v7-m/nofp\libgcc.a(_arm_fixunsdfsi.o)
 .ARM.attributes
                0x000006fe       0x2d c:/siliconlabs/simplicitystudio/v5/developer/toolchains/gnu_arm/12.2.rel1_2023.7/bin/../lib/gcc/arm-none-eabi/12.2.1/thumb/v7-m/nofp\libc_nano.a(libc_a-abs.o)
 .ARM.attributes
                0x0000072b       0x2d c:/siliconlabs/simplicitystudio/v5/developer/toolchains/gnu_arm/12.2.rel1_2023.7/bin/../lib/gcc/arm-none-eabi/12.2.1/thumb/v7-m/nofp\libc_nano.a(libc_a-exit.o)
 .ARM.attributes
                0x00000758       0x2d c:/siliconlabs/simplicitystudio/v5/developer/toolchains/gnu_arm/12.2.rel1_2023.7/bin/../lib/gcc/arm-none-eabi/12.2.1/thumb/v7-m/nofp\libc_nano.a(libc_a-rand.o)
 .ARM.attributes
                0x00000785       0x2d c:/siliconlabs/simplicitystudio/v5/developer/toolchains/gnu_arm/12.2.rel1_2023.7/bin/../lib/gcc/arm-none-eabi/12.2.1/thumb/v7-m/nofp\libc_nano.a(libc_a-findfp.o)
 .ARM.attributes
                0x000007b2       0x2d c:/siliconlabs/simplicitystudio/v5/developer/toolchains/gnu_arm/12.2.rel1_2023.7/bin/../lib/gcc/arm-none-eabi/12.2.1/thumb/v7-m/nofp\libc_nano.a(libc_a-fwalk.o)
 .ARM.attributes
                0x000007df       0x2d c:/siliconlabs/simplicitystudio/v5/developer/toolchains/gnu_arm/12.2.rel1_2023.7/bin/../lib/gcc/arm-none-eabi/12.2.1/thumb/v7-m/nofp\libc_nano.a(libc_a-stdio.o)
 .ARM.attributes
                0x0000080c       0x2d c:/siliconlabs/simplicitystudio/v5/developer/toolchains/gnu_arm/12.2.rel1_2023.7/bin/../lib/gcc/arm-none-eabi/12.2.1/thumb/v7-m/nofp\libc_nano.a(libc_a-memset.o)
 .ARM.attributes
                0x00000839       0x2d c:/siliconlabs/simplicitystudio/v5/developer/toolchains/gnu_arm/12.2.rel1_2023.7/bin/../lib/gcc/arm-none-eabi/12.2.1/thumb/v7-m/nofp\libc_nano.a(libc_a-closer.o)
 .ARM.attributes
                0x00000866       0x2d c:/siliconlabs/simplicitystudio/v5/developer/toolchains/gnu_arm/12.2.rel1_2023.7/bin/../lib/gcc/arm-none-eabi/12.2.1/thumb/v7-m/nofp\libc_nano.a(libc_a-reent.o)
 .ARM.attributes
                0x00000893       0x2d c:/siliconlabs/simplicitystudio/v5/developer/toolchains/gnu_arm/12.2.rel1_2023.7/bin/../lib/gcc/arm-none-eabi/12.2.1/thumb/v7-m/nofp\libc_nano.a(libc_a-impure.o)
 .ARM.attributes
                0x000008c0       0x2d c:/siliconlabs/simplicitystudio/v5/developer/toolchains/gnu_arm/12.2.rel1_2023.7/bin/../lib/gcc/arm-none-eabi/12.2.1/thumb/v7-m/nofp\libc_nano.a(libc_a-lseekr.o)
 .ARM.attributes
                0x000008ed       0x2d c:/siliconlabs/simplicitystudio/v5/developer/toolchains/gnu_arm/12.2.rel1_2023.7/bin/../lib/gcc/arm-none-eabi/12.2.1/thumb/v7-m/nofp\libc_nano.a(libc_a-readr.o)
 .ARM.attributes
                0x0000091a       0x2d c:/siliconlabs/simplicitystudio/v5/developer/toolchains/gnu_arm/12.2.rel1_2023.7/bin/../lib/gcc/arm-none-eabi/12.2.1/thumb/v7-m/nofp\libc_nano.a(libc_a-writer.o)
 .ARM.attributes
                0x00000947       0x2d c:/siliconlabs/simplicitystudio/v5/developer/toolchains/gnu_arm/12.2.rel1_2023.7/bin/../lib/gcc/arm-none-eabi/12.2.1/thumb/v7-m/nofp\libc_nano.a(libc_a-init.o)
 .ARM.attributes
                0x00000974       0x2d c:/siliconlabs/simplicitystudio/v5/developer/toolchains/gnu_arm/12.2.rel1_2023.7/bin/../lib/gcc/arm-none-eabi/12.2.1/thumb/v7-m/nofp\libc_nano.a(libc_a-lock.o)
 .ARM.attributes
                0x000009a1       0x17 c:/siliconlabs/simplicitystudio/v5/developer/toolchains/gnu_arm/12.2.rel1_2023.7/bin/../lib/gcc/arm-none-eabi/12.2.1/thumb/v7-m/nofp\libc_nano.a(libc_a-strlen.o)
 .ARM.attributes
                0x000009b8       0x2d c:/siliconlabs/simplicitystudio/v5/developer/toolchains/gnu_arm/12.2.rel1_2023.7/bin/../lib/gcc/arm-none-eabi/12.2.1/thumb/v7-m/nofp\libc_nano.a(libc_a-assert.o)
 .ARM.attributes
                0x000009e5       0x2d c:/siliconlabs/simplicitystudio/v5/developer/toolchains/gnu_arm/12.2.rel1_2023.7/bin/../lib/gcc/arm-none-eabi/12.2.1/thumb/v7-m/nofp\libc_nano.a(libc_a-freer.o)
 .ARM.attributes
                0x00000a12       0x2d c:/siliconlabs/simplicitystudio/v5/developer/toolchains/gnu_arm/12.2.rel1_2023.7/bin/../lib/gcc/arm-none-eabi/12.2.1/thumb/v7-m/nofp\libc_nano.a(libc_a-malloc.o)
 .ARM.attributes
                0x00000a3f       0x2d c:/siliconlabs/simplicitystudio/v5/developer/toolchains/gnu_arm/12.2.rel1_2023.7/bin/../lib/gcc/arm-none-eabi/12.2.1/thumb/v7-m/nofp\libc_nano.a(libc_a-mallocr.o)
 .ARM.attributes
                0x00000a6c       0x2d c:/siliconlabs/simplicitystudio/v5/developer/toolchains/gnu_arm/12.2.rel1_2023.7/bin/../lib/gcc/arm-none-eabi/12.2.1/thumb/v7-m/nofp\libc_nano.a(libc_a-mlock.o)
 .ARM.attributes
                0x00000a99       0x2d c:/siliconlabs/simplicitystudio/v5/developer/toolchains/gnu_arm/12.2.rel1_2023.7/bin/../lib/gcc/arm-none-eabi/12.2.1/thumb/v7-m/nofp\libc_nano.a(libc_a-fflush.o)
 .ARM.attributes
                0x00000ac6       0x2d c:/siliconlabs/simplicitystudio/v5/developer/toolchains/gnu_arm/12.2.rel1_2023.7/bin/../lib/gcc/arm-none-eabi/12.2.1/thumb/v7-m/nofp\libc_nano.a(libc_a-fprintf.o)
 .ARM.attributes
                0x00000af3       0x2d c:/siliconlabs/simplicitystudio/v5/developer/toolchains/gnu_arm/12.2.rel1_2023.7/bin/../lib/gcc/arm-none-eabi/12.2.1/thumb/v7-m/nofp\libc_nano.a(libc_a-sbrkr.o)
 .ARM.attributes
                0x00000b20       0x2d c:/siliconlabs/simplicitystudio/v5/developer/toolchains/gnu_arm/12.2.rel1_2023.7/bin/../lib/gcc/arm-none-eabi/12.2.1/thumb/v7-m/nofp\libc_nano.a(libc_a-abort.o)
 .ARM.attributes
                0x00000b4d       0x2d c:/siliconlabs/simplicitystudio/v5/developer/toolchains/gnu_arm/12.2.rel1_2023.7/bin/../lib/gcc/arm-none-eabi/12.2.1/thumb/v7-m/nofp\libc_nano.a(libc_a-nano-vfprintf.o)
 .ARM.attributes
                0x00000b7a       0x2d c:/siliconlabs/simplicitystudio/v5/developer/toolchains/gnu_arm/12.2.rel1_2023.7/bin/../lib/gcc/arm-none-eabi/12.2.1/thumb/v7-m/nofp\libc_nano.a(libc_a-nano-vfprintf_i.o)
 .ARM.attributes
                0x00000ba7       0x2d c:/siliconlabs/simplicitystudio/v5/developer/toolchains/gnu_arm/12.2.rel1_2023.7/bin/../lib/gcc/arm-none-eabi/12.2.1/thumb/v7-m/nofp\libc_nano.a(libc_a-wbuf.o)
 .ARM.attributes
                0x00000bd4       0x2d c:/siliconlabs/simplicitystudio/v5/developer/toolchains/gnu_arm/12.2.rel1_2023.7/bin/../lib/gcc/arm-none-eabi/12.2.1/thumb/v7-m/nofp\libc_nano.a(libc_a-wsetup.o)
 .ARM.attributes
                0x00000c01       0x2d c:/siliconlabs/simplicitystudio/v5/developer/toolchains/gnu_arm/12.2.rel1_2023.7/bin/../lib/gcc/arm-none-eabi/12.2.1/thumb/v7-m/nofp\libc_nano.a(libc_a-signal.o)
 .ARM.attributes
                0x00000c2e       0x2d c:/siliconlabs/simplicitystudio/v5/developer/toolchains/gnu_arm/12.2.rel1_2023.7/bin/../lib/gcc/arm-none-eabi/12.2.1/thumb/v7-m/nofp\libc_nano.a(libc_a-signalr.o)
 .ARM.attributes
                0x00000c5b       0x2d c:/siliconlabs/simplicitystudio/v5/developer/toolchains/gnu_arm/12.2.rel1_2023.7/bin/../lib/gcc/arm-none-eabi/12.2.1/thumb/v7-m/nofp\libc_nano.a(libc_a-memchr-stub.o)
 .ARM.attributes
                0x00000c88       0x2d c:/siliconlabs/simplicitystudio/v5/developer/toolchains/gnu_arm/12.2.rel1_2023.7/bin/../lib/gcc/arm-none-eabi/12.2.1/thumb/v7-m/nofp\libc_nano.a(libc_a-makebuf.o)
 .ARM.attributes
                0x00000cb5       0x2d c:/siliconlabs/simplicitystudio/v5/developer/toolchains/gnu_arm/12.2.rel1_2023.7/bin/../lib/gcc/arm-none-eabi/12.2.1/thumb/v7-m/nofp\libc_nano.a(libc_a-fstatr.o)
 .ARM.attributes
                0x00000ce2       0x2d c:/siliconlabs/simplicitystudio/v5/developer/toolchains/gnu_arm/12.2.rel1_2023.7/bin/../lib/gcc/arm-none-eabi/12.2.1/thumb/v7-m/nofp\libc_nano.a(libc_a-isattyr.o)
 .ARM.attributes
                0x00000d0f       0x2d c:/siliconlabs/simplicitystudio/v5/developer/toolchains/gnu_arm/12.2.rel1_2023.7/bin/../lib/gcc/arm-none-eabi/12.2.1/thumb/v7-m/nofp/crtend.o
 .ARM.attributes
                0x00000d3c       0x1d c:/siliconlabs/simplicitystudio/v5/developer/toolchains/gnu_arm/12.2.rel1_2023.7/bin/../lib/gcc/arm-none-eabi/12.2.1/thumb/v7-m/nofp/crtn.o

.comment        0x00000000       0x45
 .comment       0x00000000       0x45 ./app.o
                                 0x46 (size before relaxing)
 .comment       0x00000045       0x46 ./caplesense.o
 .comment       0x00000045       0x46 ./game.o
 .comment       0x00000045       0x46 ./main.o
 .comment       0x00000045       0x46 ./segmentlcd.o
 .comment       0x00000045       0x46 ./segmentlcd_individual.o
 .comment       0x00000045       0x46 ./autogen/sl_board_default_init.o
 .comment       0x00000045       0x46 ./autogen/sl_device_init_clocks.o
 .comment       0x00000045       0x46 ./autogen/sl_event_handler.o
 .comment       0x00000045       0x46 ./autogen/sl_simple_button_instances.o
 .comment       0x00000045       0x46 ./gecko_sdk_4.4.6/hardware/board/src/sl_board_control_gpio.o
 .comment       0x00000045       0x46 ./gecko_sdk_4.4.6/hardware/board/src/sl_board_init.o
 .comment       0x00000045       0x46 ./gecko_sdk_4.4.6/platform/Device/SiliconLabs/EFM32GG/Source/startup_efm32gg.o
 .comment       0x00000045       0x46 ./gecko_sdk_4.4.6/platform/Device/SiliconLabs/EFM32GG/Source/system_efm32gg.o
 .comment       0x00000045       0x46 ./gecko_sdk_4.4.6/platform/common/src/sl_assert.o
 .comment       0x00000045       0x46 ./gecko_sdk_4.4.6/platform/common/src/sl_syscalls.o
 .comment       0x00000045       0x46 ./gecko_sdk_4.4.6/platform/common/toolchain/src/sl_memory.o
 .comment       0x00000045       0x46 ./gecko_sdk_4.4.6/platform/driver/button/src/sl_button.o
 .comment       0x00000045       0x46 ./gecko_sdk_4.4.6/platform/driver/button/src/sl_simple_button.o
 .comment       0x00000045       0x46 ./gecko_sdk_4.4.6/platform/emdrv/gpiointerrupt/src/gpiointerrupt.o
 .comment       0x00000045       0x46 ./gecko_sdk_4.4.6/platform/emlib/src/em_acmp.o
 .comment       0x00000045       0x46 ./gecko_sdk_4.4.6/platform/emlib/src/em_cmu.o
 .comment       0x00000045       0x46 ./gecko_sdk_4.4.6/platform/emlib/src/em_core.o
 .comment       0x00000045       0x46 ./gecko_sdk_4.4.6/platform/emlib/src/em_emu.o
 .comment       0x00000045       0x46 ./gecko_sdk_4.4.6/platform/emlib/src/em_gpio.o
 .comment       0x00000045       0x46 ./gecko_sdk_4.4.6/platform/emlib/src/em_lcd.o
 .comment       0x00000045       0x46 ./gecko_sdk_4.4.6/platform/emlib/src/em_lesense.o
 .comment       0x00000045       0x46 ./gecko_sdk_4.4.6/platform/emlib/src/em_system.o
 .comment       0x00000045       0x46 ./gecko_sdk_4.4.6/platform/service/device_init/src/sl_device_init_emu_s0.o
 .comment       0x00000045       0x46 ./gecko_sdk_4.4.6/platform/service/device_init/src/sl_device_init_hfxo_s0.o
 .comment       0x00000045       0x46 ./gecko_sdk_4.4.6/platform/service/device_init/src/sl_device_init_lfxo_s0.o
 .comment       0x00000045       0x46 ./gecko_sdk_4.4.6/platform/service/device_init/src/sl_device_init_nvic.o
 .comment       0x00000045       0x46 ./gecko_sdk_4.4.6/platform/service/system/src/sl_system_init.o
 .comment       0x00000045       0x46 ./gecko_sdk_4.4.6/platform/service/system/src/sl_system_process_action.o
 .comment       0x00000045       0x46 ./gecko_sdk_4.4.6/platform/service/udelay/src/sl_udelay.o

.debug_line_str
                0x00000000      0x290
 .debug_line_str
                0x00000000       0xdf c:/siliconlabs/simplicitystudio/v5/developer/toolchains/gnu_arm/12.2.rel1_2023.7/bin/../lib/gcc/arm-none-eabi/12.2.1/thumb/v7-m/nofp/crt0.o
 .debug_line_str
                0x000000df       0xca c:/siliconlabs/simplicitystudio/v5/developer/toolchains/gnu_arm/12.2.rel1_2023.7/bin/../lib/gcc/arm-none-eabi/12.2.1/thumb/v7-m/nofp\libgcc.a(_arm_muldf3.o)
 .debug_line_str
                0x000001a9       0xca c:/siliconlabs/simplicitystudio/v5/developer/toolchains/gnu_arm/12.2.rel1_2023.7/bin/../lib/gcc/arm-none-eabi/12.2.1/thumb/v7-m/nofp\libgcc.a(_arm_addsubdf3.o)
 .debug_line_str
                0x000001a9       0xca c:/siliconlabs/simplicitystudio/v5/developer/toolchains/gnu_arm/12.2.rel1_2023.7/bin/../lib/gcc/arm-none-eabi/12.2.1/thumb/v7-m/nofp\libgcc.a(_arm_fixunsdfsi.o)
 .debug_line_str
                0x000001a9       0xe7 c:/siliconlabs/simplicitystudio/v5/developer/toolchains/gnu_arm/12.2.rel1_2023.7/bin/../lib/gcc/arm-none-eabi/12.2.1/thumb/v7-m/nofp\libc_nano.a(libc_a-strlen.o)

.debug_info     0x00000000    0x14acd
 .debug_info    0x00000000      0x6ea ./app.o
 .debug_info    0x000006ea     0x20a6 ./caplesense.o
 .debug_info    0x00002790      0xc40 ./game.o
 .debug_info    0x000033d0       0xe3 ./main.o
 .debug_info    0x000034b3     0x2151 ./segmentlcd.o
 .debug_info    0x00005604      0x7b5 ./segmentlcd_individual.o
 .debug_info    0x00005db9       0x86 ./autogen/sl_board_default_init.o
 .debug_info    0x00005e3f      0x576 ./autogen/sl_device_init_clocks.o
 .debug_info    0x000063b5      0x47e ./autogen/sl_event_handler.o
 .debug_info    0x00006833      0x39c ./autogen/sl_simple_button_instances.o
 .debug_info    0x00006bcf      0x525 ./gecko_sdk_4.4.6/hardware/board/src/sl_board_control_gpio.o
 .debug_info    0x000070f4      0x2b6 ./gecko_sdk_4.4.6/hardware/board/src/sl_board_init.o
 .debug_info    0x000073aa      0x321 ./gecko_sdk_4.4.6/platform/Device/SiliconLabs/EFM32GG/Source/startup_efm32gg.o
 .debug_info    0x000076cb      0x828 ./gecko_sdk_4.4.6/platform/Device/SiliconLabs/EFM32GG/Source/system_efm32gg.o
 .debug_info    0x00007ef3       0x86 ./gecko_sdk_4.4.6/platform/common/src/sl_assert.o
 .debug_info    0x00007f79      0x306 ./gecko_sdk_4.4.6/platform/common/src/sl_syscalls.o
 .debug_info    0x0000827f      0x205 ./gecko_sdk_4.4.6/platform/common/toolchain/src/sl_memory.o
 .debug_info    0x00008484      0x2d6 ./gecko_sdk_4.4.6/platform/driver/button/src/sl_button.o
 .debug_info    0x0000875a      0xc26 ./gecko_sdk_4.4.6/platform/driver/button/src/sl_simple_button.o
 .debug_info    0x00009380      0xbda ./gecko_sdk_4.4.6/platform/emdrv/gpiointerrupt/src/gpiointerrupt.o
 .debug_info    0x00009f5a      0xa1f ./gecko_sdk_4.4.6/platform/emlib/src/em_acmp.o
 .debug_info    0x0000a979     0x2d75 ./gecko_sdk_4.4.6/platform/emlib/src/em_cmu.o
 .debug_info    0x0000d6ee     0x1172 ./gecko_sdk_4.4.6/platform/emlib/src/em_core.o
 .debug_info    0x0000e860     0x16df ./gecko_sdk_4.4.6/platform/emlib/src/em_emu.o
 .debug_info    0x0000ff3f      0xaa9 ./gecko_sdk_4.4.6/platform/emlib/src/em_gpio.o
 .debug_info    0x000109e8      0xfe2 ./gecko_sdk_4.4.6/platform/emlib/src/em_lcd.o
 .debug_info    0x000119ca     0x1c4b ./gecko_sdk_4.4.6/platform/emlib/src/em_lesense.o
 .debug_info    0x00013615      0x67f ./gecko_sdk_4.4.6/platform/emlib/src/em_system.o
 .debug_info    0x00013c94      0x18d ./gecko_sdk_4.4.6/platform/service/device_init/src/sl_device_init_emu_s0.o
 .debug_info    0x00013e21      0x209 ./gecko_sdk_4.4.6/platform/service/device_init/src/sl_device_init_hfxo_s0.o
 .debug_info    0x0001402a      0x206 ./gecko_sdk_4.4.6/platform/service/device_init/src/sl_device_init_lfxo_s0.o
 .debug_info    0x00014230      0x5bf ./gecko_sdk_4.4.6/platform/service/device_init/src/sl_device_init_nvic.o
 .debug_info    0x000147ef       0xa7 ./gecko_sdk_4.4.6/platform/service/system/src/sl_system_init.o
 .debug_info    0x00014896       0x93 ./gecko_sdk_4.4.6/platform/service/system/src/sl_system_process_action.o
 .debug_info    0x00014929      0x17e ./gecko_sdk_4.4.6/platform/service/udelay/src/sl_udelay.o
 .debug_info    0x00014aa7       0x26 ./gecko_sdk_4.4.6/platform/service/udelay/src/sl_udelay_armv6m_gcc.o

.debug_abbrev   0x00000000     0x4844
 .debug_abbrev  0x00000000      0x269 ./app.o
 .debug_abbrev  0x00000269      0x480 ./caplesense.o
 .debug_abbrev  0x000006e9      0x354 ./game.o
 .debug_abbrev  0x00000a3d       0x66 ./main.o
 .debug_abbrev  0x00000aa3      0x36f ./segmentlcd.o
 .debug_abbrev  0x00000e12      0x1cb ./segmentlcd_individual.o
 .debug_abbrev  0x00000fdd       0x46 ./autogen/sl_board_default_init.o
 .debug_abbrev  0x00001023      0x13c ./autogen/sl_device_init_clocks.o
 .debug_abbrev  0x0000115f      0x1f3 ./autogen/sl_event_handler.o
 .debug_abbrev  0x00001352      0x17d ./autogen/sl_simple_button_instances.o
 .debug_abbrev  0x000014cf      0x1af ./gecko_sdk_4.4.6/hardware/board/src/sl_board_control_gpio.o
 .debug_abbrev  0x0000167e      0x10b ./gecko_sdk_4.4.6/hardware/board/src/sl_board_init.o
 .debug_abbrev  0x00001789      0x1c8 ./gecko_sdk_4.4.6/platform/Device/SiliconLabs/EFM32GG/Source/startup_efm32gg.o
 .debug_abbrev  0x00001951      0x246 ./gecko_sdk_4.4.6/platform/Device/SiliconLabs/EFM32GG/Source/system_efm32gg.o
 .debug_abbrev  0x00001b97       0x6c ./gecko_sdk_4.4.6/platform/common/src/sl_assert.o
 .debug_abbrev  0x00001c03      0x143 ./gecko_sdk_4.4.6/platform/common/src/sl_syscalls.o
 .debug_abbrev  0x00001d46      0x11e ./gecko_sdk_4.4.6/platform/common/toolchain/src/sl_memory.o
 .debug_abbrev  0x00001e64      0x131 ./gecko_sdk_4.4.6/platform/driver/button/src/sl_button.o
 .debug_abbrev  0x00001f95      0x368 ./gecko_sdk_4.4.6/platform/driver/button/src/sl_simple_button.o
 .debug_abbrev  0x000022fd      0x366 ./gecko_sdk_4.4.6/platform/emdrv/gpiointerrupt/src/gpiointerrupt.o
 .debug_abbrev  0x00002663      0x296 ./gecko_sdk_4.4.6/platform/emlib/src/em_acmp.o
 .debug_abbrev  0x000028f9      0x4db ./gecko_sdk_4.4.6/platform/emlib/src/em_cmu.o
 .debug_abbrev  0x00002dd4      0x33e ./gecko_sdk_4.4.6/platform/emlib/src/em_core.o
 .debug_abbrev  0x00003112      0x460 ./gecko_sdk_4.4.6/platform/emlib/src/em_emu.o
 .debug_abbrev  0x00003572      0x2f6 ./gecko_sdk_4.4.6/platform/emlib/src/em_gpio.o
 .debug_abbrev  0x00003868      0x3aa ./gecko_sdk_4.4.6/platform/emlib/src/em_lcd.o
 .debug_abbrev  0x00003c12      0x379 ./gecko_sdk_4.4.6/platform/emlib/src/em_lesense.o
 .debug_abbrev  0x00003f8b      0x27a ./gecko_sdk_4.4.6/platform/emlib/src/em_system.o
 .debug_abbrev  0x00004205      0x107 ./gecko_sdk_4.4.6/platform/service/device_init/src/sl_device_init_emu_s0.o
 .debug_abbrev  0x0000430c      0x11a ./gecko_sdk_4.4.6/platform/service/device_init/src/sl_device_init_hfxo_s0.o
 .debug_abbrev  0x00004426      0x105 ./gecko_sdk_4.4.6/platform/service/device_init/src/sl_device_init_lfxo_s0.o
 .debug_abbrev  0x0000452b      0x15a ./gecko_sdk_4.4.6/platform/service/device_init/src/sl_device_init_nvic.o
 .debug_abbrev  0x00004685       0x5c ./gecko_sdk_4.4.6/platform/service/system/src/sl_system_init.o
 .debug_abbrev  0x000046e1       0x5c ./gecko_sdk_4.4.6/platform/service/system/src/sl_system_process_action.o
 .debug_abbrev  0x0000473d       0xf3 ./gecko_sdk_4.4.6/platform/service/udelay/src/sl_udelay.o
 .debug_abbrev  0x00004830       0x14 ./gecko_sdk_4.4.6/platform/service/udelay/src/sl_udelay_armv6m_gcc.o

.debug_loc      0x00000000     0xa3df
 .debug_loc     0x00000000       0xa6 ./app.o
 .debug_loc     0x000000a6      0x4a7 ./caplesense.o
 .debug_loc     0x0000054d      0x372 ./game.o
 .debug_loc     0x000008bf       0x20 ./main.o
 .debug_loc     0x000008df     0x15a5 ./segmentlcd.o
 .debug_loc     0x00001e84      0x232 ./segmentlcd_individual.o
 .debug_loc     0x000020b6       0x20 ./autogen/sl_device_init_clocks.o
 .debug_loc     0x000020d6       0x79 ./autogen/sl_event_handler.o
 .debug_loc     0x0000214f      0x24a ./gecko_sdk_4.4.6/hardware/board/src/sl_board_control_gpio.o
 .debug_loc     0x00002399       0x2c ./gecko_sdk_4.4.6/hardware/board/src/sl_board_init.o
 .debug_loc     0x000023c5       0x8e ./gecko_sdk_4.4.6/platform/Device/SiliconLabs/EFM32GG/Source/startup_efm32gg.o
 .debug_loc     0x00002453       0xae ./gecko_sdk_4.4.6/platform/Device/SiliconLabs/EFM32GG/Source/system_efm32gg.o
 .debug_loc     0x00002501       0x2a ./gecko_sdk_4.4.6/platform/common/src/sl_assert.o
 .debug_loc     0x0000252b      0x118 ./gecko_sdk_4.4.6/platform/common/src/sl_syscalls.o
 .debug_loc     0x00002643       0xa9 ./gecko_sdk_4.4.6/platform/common/toolchain/src/sl_memory.o
 .debug_loc     0x000026ec      0x11a ./gecko_sdk_4.4.6/platform/driver/button/src/sl_button.o
 .debug_loc     0x00002806      0x540 ./gecko_sdk_4.4.6/platform/driver/button/src/sl_simple_button.o
 .debug_loc     0x00002d46      0x3dc ./gecko_sdk_4.4.6/platform/emdrv/gpiointerrupt/src/gpiointerrupt.o
 .debug_loc     0x00003122      0x616 ./gecko_sdk_4.4.6/platform/emlib/src/em_acmp.o
 .debug_loc     0x00003738     0x29db ./gecko_sdk_4.4.6/platform/emlib/src/em_cmu.o
 .debug_loc     0x00006113      0x926 ./gecko_sdk_4.4.6/platform/emlib/src/em_core.o
 .debug_loc     0x00006a39      0x892 ./gecko_sdk_4.4.6/platform/emlib/src/em_emu.o
 .debug_loc     0x000072cb      0x94d ./gecko_sdk_4.4.6/platform/emlib/src/em_gpio.o