Archive member included to satisfy reference by file (symbol)

c:/siliconlabs/simplicitystudio/v5/developer/toolchains/gnu_arm/12.2.rel1_2023.7/bin/../lib/gcc/arm-none-eabi/12.2.1/thumb/v7-m/nofp\libgcc.a(_arm_muldf3.o)
                              ./game.o (__aeabi_dmul)
c:/siliconlabs/simplicitystudio/v5/developer/toolchains/gnu_arm/12.2.rel1_2023.7/bin/../lib/gcc/arm-none-eabi/12.2.1/thumb/v7-m/nofp\libgcc.a(_arm_addsubdf3.o)
                              ./game.o (__aeabi_ui2d)
c:/siliconlabs/simplicitystudio/v5/developer/toolchains/gnu_arm/12.2.rel1_2023.7/bin/../lib/gcc/arm-none-eabi/12.2.1/thumb/v7-m/nofp\libgcc.a(_arm_fixunsdfsi.o)
                              ./game.o (__aeabi_d2uiz)
c:/siliconlabs/simplicitystudio/v5/developer/toolchains/gnu_arm/12.2.rel1_2023.7/bin/../lib/gcc/arm-none-eabi/12.2.1/thumb/v7-m/nofp\libgcc.a(_aeabi_ldivmod.o)
                              ./gecko_sdk_4.4.6/platform/emlib/src/em_usart.o (__aeabi_ldivmod)
c:/siliconlabs/simplicitystudio/v5/developer/toolchains/gnu_arm/12.2.rel1_2023.7/bin/../lib/gcc/arm-none-eabi/12.2.1/thumb/v7-m/nofp\libgcc.a(_aeabi_uldivmod.o)
                              ./gecko_sdk_4.4.6/platform/emlib/src/em_usart.o (__aeabi_uldivmod)
c:/siliconlabs/simplicitystudio/v5/developer/toolchains/gnu_arm/12.2.rel1_2023.7/bin/../lib/gcc/arm-none-eabi/12.2.1/thumb/v7-m/nofp\libgcc.a(_udivmoddi4.o)
                              c:/siliconlabs/simplicitystudio/v5/developer/toolchains/gnu_arm/12.2.rel1_2023.7/bin/../lib/gcc/arm-none-eabi/12.2.1/thumb/v7-m/nofp\libgcc.a(_aeabi_ldivmod.o) (__udivmoddi4)
c:/siliconlabs/simplicitystudio/v5/developer/toolchains/gnu_arm/12.2.rel1_2023.7/bin/../lib/gcc/arm-none-eabi/12.2.1/thumb/v7-m/nofp\libgcc.a(_dvmd_tls.o)
                              c:/siliconlabs/simplicitystudio/v5/developer/toolchains/gnu_arm/12.2.rel1_2023.7/bin/../lib/gcc/arm-none-eabi/12.2.1/thumb/v7-m/nofp\libgcc.a(_aeabi_ldivmod.o) (__aeabi_ldiv0)
c:/siliconlabs/simplicitystudio/v5/developer/toolchains/gnu_arm/12.2.rel1_2023.7/bin/../lib/gcc/arm-none-eabi/12.2.1/thumb/v7-m/nofp\libc_nano.a(libc_a-abs.o)
                              ./segmentlcd.o (abs)
c:/siliconlabs/simplicitystudio/v5/developer/toolchains/gnu_arm/12.2.rel1_2023.7/bin/../lib/gcc/arm-none-eabi/12.2.1/thumb/v7-m/nofp\libc_nano.a(libc_a-exit.o)
                              c:/siliconlabs/simplicitystudio/v5/developer/toolchains/gnu_arm/12.2.rel1_2023.7/bin/../lib/gcc/arm-none-eabi/12.2.1/thumb/v7-m/nofp/crt0.o (exit)
c:/siliconlabs/simplicitystudio/v5/developer/toolchains/gnu_arm/12.2.rel1_2023.7/bin/../lib/gcc/arm-none-eabi/12.2.1/thumb/v7-m/nofp\libc_nano.a(libc_a-rand.o)
                              ./app.o (srand)
c:/siliconlabs/simplicitystudio/v5/developer/toolchains/gnu_arm/12.2.rel1_2023.7/bin/../lib/gcc/arm-none-eabi/12.2.1/thumb/v7-m/nofp\libc_nano.a(libc_a-ctype_.o)
                              ./gecko_sdk_4.4.6/platform/common/src/sl_string.o (_ctype_)
c:/siliconlabs/simplicitystudio/v5/developer/toolchains/gnu_arm/12.2.rel1_2023.7/bin/../lib/gcc/arm-none-eabi/12.2.1/thumb/v7-m/nofp\libc_nano.a(libc_a-findfp.o)
                              c:/siliconlabs/simplicitystudio/v5/developer/toolchains/gnu_arm/12.2.rel1_2023.7/bin/../lib/gcc/arm-none-eabi/12.2.1/thumb/v7-m/nofp\libc_nano.a(libc_a-exit.o) (__stdio_exit_handler)
c:/siliconlabs/simplicitystudio/v5/developer/toolchains/gnu_arm/12.2.rel1_2023.7/bin/../lib/gcc/arm-none-eabi/12.2.1/thumb/v7-m/nofp\libc_nano.a(libc_a-fwalk.o)
                              c:/siliconlabs/simplicitystudio/v5/developer/toolchains/gnu_arm/12.2.rel1_2023.7/bin/../lib/gcc/arm-none-eabi/12.2.1/thumb/v7-m/nofp\libc_nano.a(libc_a-findfp.o) (_fwalk_sglue)
c:/siliconlabs/simplicitystudio/v5/developer/toolchains/gnu_arm/12.2.rel1_2023.7/bin/../lib/gcc/arm-none-eabi/12.2.1/thumb/v7-m/nofp\libc_nano.a(libc_a-printf.o)
                              ./game.o (printf)
c:/siliconlabs/simplicitystudio/v5/developer/toolchains/gnu_arm/12.2.rel1_2023.7/bin/../lib/gcc/arm-none-eabi/12.2.1/thumb/v7-m/nofp\libc_nano.a(libc_a-stdio.o)
                              c:/siliconlabs/simplicitystudio/v5/developer/toolchains/gnu_arm/12.2.rel1_2023.7/bin/../lib/gcc/arm-none-eabi/12.2.1/thumb/v7-m/nofp\libc_nano.a(libc_a-findfp.o) (__sread)
c:/siliconlabs/simplicitystudio/v5/developer/toolchains/gnu_arm/12.2.rel1_2023.7/bin/../lib/gcc/arm-none-eabi/12.2.1/thumb/v7-m/nofp\libc_nano.a(libc_a-vprintf.o)
                              ./gecko_sdk_4.4.6/platform/service/iostream/src/sl_iostream.o (vprintf)
c:/siliconlabs/simplicitystudio/v5/developer/toolchains/gnu_arm/12.2.rel1_2023.7/bin/../lib/gcc/arm-none-eabi/12.2.1/thumb/v7-m/nofp\libc_nano.a(libc_a-memset.o)
                              c:/siliconlabs/simplicitystudio/v5/developer/toolchains/gnu_arm/12.2.rel1_2023.7/bin/../lib/gcc/arm-none-eabi/12.2.1/thumb/v7-m/nofp/crt0.o (memset)
[...]
Memory Configuration

Name             Origin             Length             Attributes
FLASH            0x00000000         0x00100000         xr
RAM              0x20000000         0x00020000         xrw
*default*        0x00000000         0xffffffff

Linker script and memory map

LOAD c:/siliconlabs/simplicitystudio/v5/developer/toolchains/gnu_arm/12.2.rel1_2023.7/bin/../lib/gcc/arm-none-eabi/12.2.1/thumb/v7-m/nofp/crti.o
LOAD c:/siliconlabs/simplicitystudio/v5/developer/toolchains/gnu_arm/12.2.rel1_2023.7/bin/../lib/gcc/arm-none-eabi/12.2.1/thumb/v7-m/nofp/crtbegin.o
LOAD c:/siliconlabs/simplicitystudio/v5/developer/toolchains/gnu_arm/12.2.rel1_2023.7/bin/../lib/gcc/arm-none-eabi/12.2.1/thumb/v7-m/nofp/crt0.o
START GROUP
LOAD ./app.o
LOAD ./caplesense.o
LOAD ./game.o
LOAD ./main.o
LOAD ./segmentlcd.o
LOAD ./segmentlcd_individual.o
LOAD ./autogen/sl_board_default_init.o
LOAD ./autogen/sl_device_init_clocks.o
LOAD ./autogen/sl_event_handler.o
LOAD ./autogen/sl_iostream_handles.o
LOAD ./autogen/sl_iostream_init_usart_instances.o
LOAD ./autogen/sl_simple_button_instances.o
LOAD ./gecko_sdk_4.4.6/hardware/board/src/sl_board_control_gpio.o
LOAD ./gecko_sdk_4.4.6/hardware/board/src/sl_board_init.o
LOAD ./gecko_sdk_4.4.6/hardware/driver/configuration_over_swo/src/sl_cos.o
LOAD ./gecko_sdk_4.4.6/platform/Device/SiliconLabs/EFM32GG/Source/startup_efm32gg.o
LOAD ./gecko_sdk_4.4.6/platform/Device/SiliconLabs/EFM32GG/Source/system_efm32gg.o
LOAD ./gecko_sdk_4.4.6/platform/common/src/sl_assert.o
LOAD ./gecko_sdk_4.4.6/platform/common/src/sl_string.o
LOAD ./gecko_sdk_4.4.6/platform/common/src/sl_syscalls.o
LOAD ./gecko_sdk_4.4.6/platform/common/toolchain/src/sl_memory.o
LOAD ./gecko_sdk_4.4.6/platform/driver/button/src/sl_button.o
LOAD ./gecko_sdk_4.4.6/platform/driver/button/src/sl_simple_button.o
LOAD ./gecko_sdk_4.4.6/platform/driver/debug/src/sl_debug_swo.o
LOAD ./gecko_sdk_4.4.6/platform/emdrv/dmadrv/src/dmactrl.o
LOAD ./gecko_sdk_4.4.6/platform/emdrv/dmadrv/src/dmadrv.o
LOAD ./gecko_sdk_4.4.6/platform/emdrv/gpiointerrupt/src/gpiointerrupt.o
LOAD ./gecko_sdk_4.4.6/platform/emlib/src/em_acmp.o
LOAD ./gecko_sdk_4.4.6/platform/emlib/src/em_cmu.o
LOAD ./gecko_sdk_4.4.6/platform/emlib/src/em_core.o
LOAD ./gecko_sdk_4.4.6/platform/emlib/src/em_dma.o
LOAD ./gecko_sdk_4.4.6/platform/emlib/src/em_ebi.o
LOAD ./gecko_sdk_4.4.6/platform/emlib/src/em_emu.o
LOAD ./gecko_sdk_4.4.6/platform/emlib/src/em_gpio.o
LOAD ./gecko_sdk_4.4.6/platform/emlib/src/em_lcd.o
LOAD ./gecko_sdk_4.4.6/platform/emlib/src/em_lesense.o
LOAD ./gecko_sdk_4.4.6/platform/emlib/src/em_msc.o
LOAD ./gecko_sdk_4.4.6/platform/emlib/src/em_rtc.o
LOAD ./gecko_sdk_4.4.6/platform/emlib/src/em_system.o
LOAD ./gecko_sdk_4.4.6/platform/emlib/src/em_usart.o
LOAD ./gecko_sdk_4.4.6/platform/emlib/src/em_vcmp.o
LOAD ./gecko_sdk_4.4.6/platform/service/device_init/src/sl_device_init_emu_s0.o
LOAD ./gecko_sdk_4.4.6/platform/service/device_init/src/sl_device_init_hfxo_s0.o
LOAD ./gecko_sdk_4.4.6/platform/service/device_init/src/sl_device_init_lfxo_s0.o
LOAD ./gecko_sdk_4.4.6/platform/service/device_init/src/sl_device_init_nvic.o
LOAD ./gecko_sdk_4.4.6/platform/service/iostream/src/sl_iostream.o
LOAD ./gecko_sdk_4.4.6/platform/service/iostream/src/sl_iostream_uart.o
LOAD ./gecko_sdk_4.4.6/platform/service/iostream/src/sl_iostream_usart.o
LOAD ./gecko_sdk_4.4.6/platform/service/system/src/sl_system_init.o
LOAD ./gecko_sdk_4.4.6/platform/service/system/src/sl_system_process_action.o
LOAD ./gecko_sdk_4.4.6/platform/service/udelay/src/sl_udelay.o
LOAD ./gecko_sdk_4.4.6/platform/service/udelay/src/sl_udelay_armv6m_gcc.o
LOAD c:/siliconlabs/simplicitystudio/v5/developer/toolchains/gnu_arm/12.2.rel1_2023.7/bin/../lib/gcc/arm-none-eabi/12.2.1/thumb/v7-m/nofp\libgcc.a
LOAD c:/siliconlabs/simplicitystudio/v5/developer/toolchains/gnu_arm/12.2.rel1_2023.7/bin/../lib/gcc/arm-none-eabi/12.2.1/thumb/v7-m/nofp\libc_nano.a
LOAD c:/siliconlabs/simplicitystudio/v5/developer/toolchains/gnu_arm/12.2.rel1_2023.7/bin/../lib/gcc/arm-none-eabi/12.2.1/thumb/v7-m/nofp\libm.a
LOAD c:/siliconlabs/simplicitystudio/v5/developer/toolchains/gnu_arm/12.2.rel1_2023.7/bin/../lib/gcc/arm-none-eabi/12.2.1/thumb/v7-m/nofp\libnosys.a
END GROUP
START GROUP
LOAD c:/siliconlabs/simplicitystudio/v5/developer/toolchains/gnu_arm/12.2.rel1_2023.7/bin/../lib/gcc/arm-none-eabi/12.2.1/thumb/v7-m/nofp\libgcc.a
LOAD c:/siliconlabs/simplicitystudio/v5/developer/toolchains/gnu_arm/12.2.rel1_2023.7/bin/../lib/gcc/arm-none-eabi/12.2.1/thumb/v7-m/nofp\libc_nano.a
LOAD c:/siliconlabs/simplicitystudio/v5/developer/toolchains/gnu_arm/12.2.rel1_2023.7/bin/../lib/gcc/arm-none-eabi/12.2.1/thumb/v7-m/nofp\libnosys.a
END GROUP
START GROUP
LOAD c:/siliconlabs/simplicitystudio/v5/developer/toolchains/gnu_arm/12.2.rel1_2023.7/bin/../lib/gcc/arm-none-eabi/12.2.1/thumb/v7-m/nofp\libgcc.a
LOAD c:/siliconlabs/simplicitystudio/v5/developer/toolchains/gnu_arm/12.2.rel1_2023.7/bin/../lib/gcc/arm-none-eabi/12.2.1/thumb/v7-m/nofp\libg_nano.a
LOAD c:/siliconlabs/simplicitystudio/v5/developer/toolchains/gnu_arm/12.2.rel1_2023.7/bin/../lib/gcc/arm-none-eabi/12.2.1/thumb/v7-m/nofp\libc_nano.a
END GROUP
START GROUP
LOAD c:/siliconlabs/simplicitystudio/v5/developer/toolchains/gnu_arm/12.2.rel1_2023.7/bin/../lib/gcc/arm-none-eabi/12.2.1/thumb/v7-m/nofp\libgcc.a
LOAD c:/siliconlabs/simplicitystudio/v5/developer/toolchains/gnu_arm/12.2.rel1_2023.7/bin/../lib/gcc/arm-none-eabi/12.2.1/thumb/v7-m/nofp\libc_nano.a
END GROUP
LOAD c:/siliconlabs/simplicitystudio/v5/developer/toolchains/gnu_arm/12.2.rel1_2023.7/bin/../lib/gcc/arm-none-eabi/12.2.1/thumb/v7-m/nofp/crtend.o
LOAD c:/siliconlabs/simplicitystudio/v5/developer/toolchains/gnu_arm/12.2.rel1_2023.7/bin/../lib/gcc/arm-none-eabi/12.2.1/thumb/v7-m/nofp/crtn.o

.text           0x00000000     0x699c
                0x00000000                linker_vectors_begin = .
 *(.vectors)
 .vectors       0x00000000       0xdc ./gecko_sdk_4.4.6/platform/Device/SiliconLabs/EFM32GG/Source/startup_efm32gg.o
                0x00000000                __Vectors
                0x000000dc                linker_vectors_end = .
                0x000000dc                __Vectors_End = .
                0x000000dc                __Vectors_Size = (__Vectors_End - __Vectors)
                0x000000dc                linker_code_begin = .
 *(SORT_BY_ALIGNMENT(.text*))
 *fill*         0x000000dc        0x4 
 .text          0x000000e0        0x8 ./gecko_sdk_4.4.6/platform/service/udelay/src/sl_udelay_armv6m_gcc.o
                0x000000e0                sli_delay_loop
 .text.deregister_tm_clones
                0x000000e8       0x1c c:/siliconlabs/simplicitystudio/v5/developer/toolchains/gnu_arm/12.2.rel1_2023.7/bin/../lib/gcc/arm-none-eabi/12.2.1/thumb/v7-m/nofp/crtbegin.o
 .text.register_tm_clones
                0x00000104       0x24 c:/siliconlabs/simplicitystudio/v5/developer/toolchains/gnu_arm/12.2.rel1_2023.7/bin/../lib/gcc/arm-none-eabi/12.2.1/thumb/v7-m/nofp/crtbegin.o
 .text.__do_global_dtors_aux
                0x00000128       0x28 c:/siliconlabs/simplicitystudio/v5/developer/toolchains/gnu_arm/12.2.rel1_2023.7/bin/../lib/gcc/arm-none-eabi/12.2.1/thumb/v7-m/nofp/crtbegin.o
 .text.frame_dummy
                0x00000150       0x24 c:/siliconlabs/simplicitystudio/v5/developer/toolchains/gnu_arm/12.2.rel1_2023.7/bin/../lib/gcc/arm-none-eabi/12.2.1/thumb/v7-m/nofp/crtbegin.o
 .text          0x00000174       0x7c c:/siliconlabs/simplicitystudio/v5/developer/toolchains/gnu_arm/12.2.rel1_2023.7/bin/../lib/gcc/arm-none-eabi/12.2.1/thumb/v7-m/nofp/crt0.o
                0x00000174                _stack_init
                0x0000017c                _start
                0x0000017c                _mainCRTStartup
 .text.SysTick_Handler
                0x000001f0       0x18 ./app.o
                0x000001f0                SysTick_Handler
 .text.UART0_RX_IRQHandler
                0x00000208       0x20 ./app.o
                0x00000208                UART0_RX_IRQHandler
 .text._write   0x00000228       0x24 ./app.o
                0x00000228                _write
 .text.UART_init
                0x0000024c       0x90 ./app.o
                0x0000024c                UART_init
 .text.sl_button_on_change
                0x000002dc       0x30 ./app.o
                0x000002dc                sl_button_on_change
 .text.app_process_action
                0x0000030c       0x68 ./app.o
                0x0000030c                app_process_action
 .text.CAPLESENSE_setupCMU
                0x00000374       0x7c ./caplesense.o
                0x00000374                CAPLESENSE_setupCMU
 .text.CAPLESENSE_setupACMP
                0x000003f0       0x40 ./caplesense.o
                0x000003f0                CAPLESENSE_setupACMP
 .text.CAPLESENSE_setupLESENSE
                0x00000430      0x140 ./caplesense.o
                0x00000430                CAPLESENSE_setupLESENSE
 .text.LESENSE_IRQHandler
                0x00000570       0x9c ./caplesense.o
                0x00000570                LESENSE_IRQHandler
 .text.CAPLESENSE_getSliderPosition
                0x0000060c       0xac ./caplesense.o
                0x0000060c                CAPLESENSE_getSliderPosition
 .text.print_diff
                0x000006b8       0x2c ./game.o
                0x000006b8                print_diff
 .text.get_prescale
                0x000006e4       0x1c ./game.o
                0x000006e4                get_prescale
 .text.game_init
                0x00000700       0x94 ./game.o
                0x00000700                game_init
 .text.game_tick
                0x00000794      0x114 ./game.o
                0x00000794                game_tick
 .text.LCD_SyncBusyDelay
                0x000008a8       0x10 ./segmentlcd.o
 .text.SegmentLCD_AllOff
                0x000008b8       0xac ./segmentlcd.o
                0x000008b8                SegmentLCD_AllOff
 .text.SegmentLCD_AlphaNumberOff
                0x00000964       0xa8 ./segmentlcd.o
                0x00000964                SegmentLCD_AlphaNumberOff
 .text.SegmentLCD_Init
                0x00000a0c       0xac ./segmentlcd.o
                0x00000a0c                SegmentLCD_Init
 .text.SegmentLCD_Number
                0x00000ab8       0xc4 ./segmentlcd.o
                0x00000ab8                SegmentLCD_Number
 .text.SegmentLCD_Symbol
                0x00000b7c       0x28 ./segmentlcd.o
                0x00000b7c                SegmentLCD_Symbol
 .text.SegmentLCD_Write
                0x00000ba4       0x7c ./segmentlcd.o
                0x00000ba4                SegmentLCD_Write
 .text.SegmentLCD_LowerNumber
                0x00000c20       0x88 ./segmentlcd.o
                0x00000c20                SegmentLCD_LowerNumber
 .text.SegmentLCD_LowerSegments
                0x00000ca8       0x58 ./segmentlcd_individual.o
                0x00000ca8                SegmentLCD_LowerSegments
 .text.sl_device_init_clocks
                0x00000d00       0x50 ./autogen/sl_device_init_clocks.o
                0x00000d00                sl_device_init_clocks
 .text.sl_platform_init
                0x00000d50       0x68 ./autogen/sl_event_handler.o
                0x00000d50                sl_platform_init
 .text.sl_iostream_usart_init_UART0
                0x00000db8       0xa0 ./autogen/sl_iostream_init_usart_instances.o
                0x00000db8                sl_iostream_usart_init_UART0
 .text.sl_iostream_usart_init_instances
                0x00000e58       0x1c ./autogen/sl_iostream_init_usart_instances.o
                0x00000e58                sl_iostream_usart_init_instances
 .text.USART0_RX_IRQHandler
                0x00000e74        0xc ./autogen/sl_iostream_init_usart_instances.o
                0x00000e74                USART0_RX_IRQHandler
 .text.sl_simple_button_init_instances
                0x00000e80        0xc ./autogen/sl_simple_button_instances.o
                0x00000e80                sl_simple_button_init_instances
 .text.sl_board_init
                0x00000e8c       0x18 ./gecko_sdk_4.4.6/hardware/board/src/sl_board_init.o
                0x00000e8c                sl_board_init
 .text.sl_board_preinit
                0x00000ea4        0xc ./gecko_sdk_4.4.6/hardware/board/src/sl_board_init.o
                0x00000ea4                sl_board_preinit
 .text.Reset_Handler
                0x00000eb0       0x60 ./gecko_sdk_4.4.6/platform/Device/SiliconLabs/EFM32GG/Source/startup_efm32gg.o
                0x00000eb0                Reset_Handler
 .text.SystemMaxCoreClockGet
                0x00000f10        0x8 ./gecko_sdk_4.4.6/platform/Device/SiliconLabs/EFM32GG/Source/system_efm32gg.o
                0x00000f10                SystemMaxCoreClockGet
 .text.SystemHFClockGet
                0x00000f18       0xc8 ./gecko_sdk_4.4.6/platform/Device/SiliconLabs/EFM32GG/Source/system_efm32gg.o
                0x00000f18                SystemHFClockGet
 .text.SystemCoreClockGet
                0x00000fe0       0x20 ./gecko_sdk_4.4.6/platform/Device/SiliconLabs/EFM32GG/Source/system_efm32gg.o
                0x00000fe0                SystemCoreClockGet
 .text.SystemHFXOClockGet
                0x00001000        0xc ./gecko_sdk_4.4.6/platform/Device/SiliconLabs/EFM32GG/Source/system_efm32gg.o
                0x00001000                SystemHFXOClockGet
 .text.SystemHFXOClockSet
                0x0000100c       0x1c ./gecko_sdk_4.4.6/platform/Device/SiliconLabs/EFM32GG/Source/system_efm32gg.o
                0x0000100c                SystemHFXOClockSet
 .text.SystemInit
                0x00001028       0x10 ./gecko_sdk_4.4.6/platform/Device/SiliconLabs/EFM32GG/Source/system_efm32gg.o
                0x00001028                SystemInit
 .text.SystemLFXOClockGet
                0x00001038        0xc ./gecko_sdk_4.4.6/platform/Device/SiliconLabs/EFM32GG/Source/system_efm32gg.o
                0x00001038                SystemLFXOClockGet
 .text._sbrk    0x00001044       0x20 ./gecko_sdk_4.4.6/platform/common/toolchain/src/sl_memory.o
                0x00001044                _sbrk
 .text.GPIO_PinInGet
                0x00001064       0x40 ./gecko_sdk_4.4.6/platform/driver/button/src/sl_simple_button.o
 .text.sl_simple_button_init
                0x000010a4       0x70 ./gecko_sdk_4.4.6/platform/driver/button/src/sl_simple_button.o
                0x000010a4                sl_simple_button_init
 .text.sl_debug_swo_init
                0x00001114       0xcc ./gecko_sdk_4.4.6/platform/driver/debug/src/sl_debug_swo.o
                0x00001114                sl_debug_swo_init
 .text.DmaBasicCallback
                0x000011e0       0x1c ./gecko_sdk_4.4.6/platform/emdrv/dmadrv/src/dmadrv.o
 .text.StartTransfer
                0x000011fc      0x1d4 ./gecko_sdk_4.4.6/platform/emdrv/dmadrv/src/dmadrv.o
 .text.DmaPingPongCallback
                0x000013d0       0x4c ./gecko_sdk_4.4.6/platform/emdrv/dmadrv/src/dmadrv.o
 .text.DMADRV_AllocateChannel
                0x0000141c       0x60 ./gecko_sdk_4.4.6/platform/emdrv/dmadrv/src/dmadrv.o
                0x0000141c                DMADRV_AllocateChannel
 .text.DMADRV_DeInit
                0x0000147c       0x6c ./gecko_sdk_4.4.6/platform/emdrv/dmadrv/src/dmadrv.o
                0x0000147c                DMADRV_DeInit
 .text.DMADRV_FreeChannel
                0x000014e8       0x50 ./gecko_sdk_4.4.6/platform/emdrv/dmadrv/src/dmadrv.o
                0x000014e8                DMADRV_FreeChannel
 .text.DMADRV_Init
                0x00001538       0x60 ./gecko_sdk_4.4.6/platform/emdrv/dmadrv/src/dmadrv.o
                0x00001538                DMADRV_Init
 .text.DMADRV_PauseTransfer
                0x00001598       0x44 ./gecko_sdk_4.4.6/platform/emdrv/dmadrv/src/dmadrv.o
                0x00001598                DMADRV_PauseTransfer
 .text.DMADRV_ResumeTransfer
                0x000015dc       0x44 ./gecko_sdk_4.4.6/platform/emdrv/dmadrv/src/dmadrv.o
                0x000015dc                DMADRV_ResumeTransfer
 .text.DMADRV_StopTransfer
                0x00001620       0x44 ./gecko_sdk_4.4.6/platform/emdrv/dmadrv/src/dmadrv.o
                0x00001620                DMADRV_StopTransfer
 .text.DMADRV_TransferCompletePending
                0x00001664       0x54 ./gecko_sdk_4.4.6/platform/emdrv/dmadrv/src/dmadrv.o
                0x00001664                DMADRV_TransferCompletePending
 .text.DMADRV_TransferDone
                0x000016b8       0x78 ./gecko_sdk_4.4.6/platform/emdrv/dmadrv/src/dmadrv.o
                0x000016b8                DMADRV_TransferDone
 .text.DMADRV_TransferRemainingCount
                0x00001730       0x70 ./gecko_sdk_4.4.6/platform/emdrv/dmadrv/src/dmadrv.o
                0x00001730                DMADRV_TransferRemainingCount
 .text.GPIOINT_IRQDispatcher
                0x000017a0       0x38 ./gecko_sdk_4.4.6/platform/emdrv/gpiointerrupt/src/gpiointerrupt.o
 .text.GPIOINT_Init
                0x000017d8       0x30 ./gecko_sdk_4.4.6/platform/emdrv/gpiointerrupt/src/gpiointerrupt.o
                0x000017d8                GPIOINT_Init
 .text.GPIOINT_CallbackRegister
                0x00001808       0x24 ./gecko_sdk_4.4.6/platform/emdrv/gpiointerrupt/src/gpiointerrupt.o
                0x00001808                GPIOINT_CallbackRegister
 .text.GPIOINT_CallbackRegisterExt
                0x0000182c       0x34 ./gecko_sdk_4.4.6/platform/emdrv/gpiointerrupt/src/gpiointerrupt.o
                0x0000182c                GPIOINT_CallbackRegisterExt
 .text.GPIO_EVEN_IRQHandler
                0x00001860       0x24 ./gecko_sdk_4.4.6/platform/emdrv/gpiointerrupt/src/gpiointerrupt.o
                0x00001860                GPIO_EVEN_IRQHandler
 .text.GPIO_ODD_IRQHandler
                0x00001884       0x24 ./gecko_sdk_4.4.6/platform/emdrv/gpiointerrupt/src/gpiointerrupt.o
                0x00001884                GPIO_ODD_IRQHandler
 .text.ACMP_CapsenseInit
                0x000018a8       0x88 ./gecko_sdk_4.4.6/platform/emlib/src/em_acmp.o
                0x000018a8                ACMP_CapsenseInit
 .text.ACMP_GPIOSetup
                0x00001930       0x88 ./gecko_sdk_4.4.6/platform/emlib/src/em_acmp.o
                0x00001930                ACMP_GPIOSetup
 .text.CMU_DivToLog2
                0x000019b8       0x2c ./gecko_sdk_4.4.6/platform/emlib/src/em_cmu.o
 .text.auxClkGet
                0x000019e4       0x90 ./gecko_sdk_4.4.6/platform/emlib/src/em_cmu.o
 .text.syncReg  0x00001a74       0x14 ./gecko_sdk_4.4.6/platform/emlib/src/em_cmu.o
 .text.maxFreqHfle
                0x00001a88       0x64 ./gecko_sdk_4.4.6/platform/emlib/src/em_cmu.o
 .text.setHfLeConfig
                0x00001aec       0x40 ./gecko_sdk_4.4.6/platform/emlib/src/em_cmu.o
 .text.flashWaitStateControl.constprop.0
                0x00001b2c       0x64 ./gecko_sdk_4.4.6/platform/emlib/src/em_cmu.o
 .text.flashWaitStateMax
                0x00001b90       0x24 ./gecko_sdk_4.4.6/platform/emlib/src/em_cmu.o
 .text.CMU_UpdateWaitStates
                0x00001bb4       0x20 ./gecko_sdk_4.4.6/platform/emlib/src/em_cmu.o
                0x00001bb4                CMU_UpdateWaitStates
 .text.CMU_ClockDivGet
                0x00001bd4       0xe0 ./gecko_sdk_4.4.6/platform/emlib/src/em_cmu.o
                0x00001bd4                CMU_ClockDivGet
 .text.CMU_ClockDivSet
                0x00001cb4      0x238 ./gecko_sdk_4.4.6/platform/emlib/src/em_cmu.o
                0x00001cb4                CMU_ClockDivSet
 .text.CMU_ClockEnable
                0x00001eec       0x98 ./gecko_sdk_4.4.6/platform/emlib/src/em_cmu.o
                0x00001eec                CMU_ClockEnable
 .text.CMU_ClockSelectGet
                0x00001f84       0xc8 ./gecko_sdk_4.4.6/platform/emlib/src/em_cmu.o
                0x00001f84                CMU_ClockSelectGet
 .text.lfClkGet
                0x0000204c       0xc4 ./gecko_sdk_4.4.6/platform/emlib/src/em_cmu.o
 .text.CMU_ClockFreqGet
                0x00002110      0x194 ./gecko_sdk_4.4.6/platform/emlib/src/em_cmu.o
                0x00002110                CMU_ClockFreqGet
 .text.CMU_HFXOInit
                0x000022a4       0x4c ./gecko_sdk_4.4.6/platform/emlib/src/em_cmu.o
                0x000022a4                CMU_HFXOInit
 .text.CMU_LCDClkFDIVSet
                0x000022f0       0x34 ./gecko_sdk_4.4.6/platform/emlib/src/em_cmu.o
                0x000022f0                CMU_LCDClkFDIVSet
 .text.CMU_LFXOInit
                0x00002324       0x70 ./gecko_sdk_4.4.6/platform/emlib/src/em_cmu.o
                0x00002324                CMU_LFXOInit
 .text.CMU_LFXOPrecisionSet
                0x00002394        0xc ./gecko_sdk_4.4.6/platform/emlib/src/em_cmu.o
                0x00002394                CMU_LFXOPrecisionSet
 .text.CMU_HFXOPrecisionSet
                0x000023a0        0xc ./gecko_sdk_4.4.6/platform/emlib/src/em_cmu.o
                0x000023a0                CMU_HFXOPrecisionSet
 .text.CMU_OscillatorEnable
                0x000023ac       0x58 ./gecko_sdk_4.4.6/platform/emlib/src/em_cmu.o
                0x000023ac                CMU_OscillatorEnable
 .text.sli_em_cmu_HFClockSelectHFXO
                0x00002404       0x5c ./gecko_sdk_4.4.6/platform/emlib/src/em_cmu.o
                0x00002404                sli_em_cmu_HFClockSelectHFXO
 .text.CMU_ClockSelectSet
                0x00002460      0x1c0 ./gecko_sdk_4.4.6/platform/emlib/src/em_cmu.o
                0x00002460                CMU_ClockSelectSet
 .text.CORE_NvicIRQDisabled
                0x00002620       0x34 ./gecko_sdk_4.4.6/platform/emlib/src/em_core.o
                0x00002620                CORE_NvicIRQDisabled
 .text.DMA_Prepare
                0x00002654       0x84 ./gecko_sdk_4.4.6/platform/emlib/src/em_dma.o
 .text.BUS_RegBitWrite
                0x000026d8       0x2c ./gecko_sdk_4.4.6/platform/emlib/src/em_dma.o
 .text.DMA_IRQHandler
                0x00002704       0x88 ./gecko_sdk_4.4.6/platform/emlib/src/em_dma.o
                0x00002704                DMA_IRQHandler
 .text.DMA_ActivateBasic
                0x0000278c       0x5c ./gecko_sdk_4.4.6/platform/emlib/src/em_dma.o
                0x0000278c                DMA_ActivateBasic
 .text.DMA_ActivatePingPong
                0x000027e8       0x84 ./gecko_sdk_4.4.6/platform/emlib/src/em_dma.o
                0x000027e8                DMA_ActivatePingPong
 .text.DMA_CfgChannel
                0x0000286c       0x6c ./gecko_sdk_4.4.6/platform/emlib/src/em_dma.o
                0x0000286c                DMA_CfgChannel
 .text.DMA_CfgDescr
                0x000028d8       0x5c ./gecko_sdk_4.4.6/platform/emlib/src/em_dma.o
                0x000028d8                DMA_CfgDescr
 .text.DMA_ChannelEnable
                0x00002934       0x30 ./gecko_sdk_4.4.6/platform/emlib/src/em_dma.o
                0x00002934                DMA_ChannelEnable
 .text.DMA_ChannelRequestEnable
                0x00002964       0x34 ./gecko_sdk_4.4.6/platform/emlib/src/em_dma.o
                0x00002964                DMA_ChannelRequestEnable
 .text.DMA_RefreshPingPong
                0x00002998       0xa8 ./gecko_sdk_4.4.6/platform/emlib/src/em_dma.o
                0x00002998                DMA_RefreshPingPong
 .text.DMA_Reset
                0x00002a40       0x50 ./gecko_sdk_4.4.6/platform/emlib/src/em_dma.o
                0x00002a40                DMA_Reset
 .text.DMA_Init
                0x00002a90       0x64 ./gecko_sdk_4.4.6/platform/emlib/src/em_dma.o
                0x00002a90                DMA_Init
 .text.EMU_EM4Init
                0x00002af4       0x30 ./gecko_sdk_4.4.6/platform/emlib/src/em_emu.o
                0x00002af4                EMU_EM4Init
 .text.GPIO_PinOutSet
                0x00002b24       0x3c ./gecko_sdk_4.4.6/platform/emlib/src/em_gpio.o
 .text.GPIO_PinOutClear
                0x00002b60       0x3c ./gecko_sdk_4.4.6/platform/emlib/src/em_gpio.o
 .text.GPIO_DbgLocationSet
                0x00002b9c       0x2c ./gecko_sdk_4.4.6/platform/emlib/src/em_gpio.o
                0x00002b9c                GPIO_DbgLocationSet
 .text.GPIO_DriveModeSet
                0x00002bc8       0x34 ./gecko_sdk_4.4.6/platform/emlib/src/em_gpio.o
                0x00002bc8                GPIO_DriveModeSet
 .text.GPIO_ExtIntConfig
                0x00002bfc       0xc8 ./gecko_sdk_4.4.6/platform/emlib/src/em_gpio.o
                0x00002bfc                GPIO_ExtIntConfig
 .text.GPIO_PinModeSet
                0x00002cc4       0x90 ./gecko_sdk_4.4.6/platform/emlib/src/em_gpio.o
                0x00002cc4                GPIO_PinModeSet
 .text.BUS_RegBitWrite
                0x00002d54       0x2c ./gecko_sdk_4.4.6/platform/emlib/src/em_lcd.o
 .text.LCD_Init
                0x00002d80       0x50 ./gecko_sdk_4.4.6/platform/emlib/src/em_lcd.o
                0x00002d80                LCD_Init
 .text.LCD_VLCDSelect
                0x00002dd0       0x1c ./gecko_sdk_4.4.6/platform/emlib/src/em_lcd.o
                0x00002dd0                LCD_VLCDSelect
 .text.LCD_SegmentRangeEnable
                0x00002dec       0x18 ./gecko_sdk_4.4.6/platform/emlib/src/em_lcd.o
                0x00002dec                LCD_SegmentRangeEnable
 .text.LCD_SegmentSet
                0x00002e04      0x130 ./gecko_sdk_4.4.6/platform/emlib/src/em_lcd.o
                0x00002e04                LCD_SegmentSet
 .text.LCD_SegmentSetLow
                0x00002f34       0xb8 ./gecko_sdk_4.4.6/platform/emlib/src/em_lcd.o
                0x00002f34                LCD_SegmentSetLow
 .text.LCD_SegmentSetHigh
                0x00002fec       0xa8 ./gecko_sdk_4.4.6/platform/emlib/src/em_lcd.o
                0x00002fec                LCD_SegmentSetHigh
 .text.LCD_VBoostSet
                0x00003094       0x14 ./gecko_sdk_4.4.6/platform/emlib/src/em_lcd.o
                0x00003094                LCD_VBoostSet
 .text.BUS_RegBitWrite
                0x000030a8       0x2c ./gecko_sdk_4.4.6/platform/emlib/src/em_lesense.o
 .text.LESENSE_ScanFreqSet
                0x000030d4       0x94 ./gecko_sdk_4.4.6/platform/emlib/src/em_lesense.o
                0x000030d4                LESENSE_ScanFreqSet
 .text.LESENSE_StartDelaySet
                0x00003168       0x2c ./gecko_sdk_4.4.6/platform/emlib/src/em_lesense.o
                0x00003168                LESENSE_StartDelaySet
 .text.LESENSE_ClkDivSet
                0x00003194       0x4c ./gecko_sdk_4.4.6/platform/emlib/src/em_lesense.o
                0x00003194                LESENSE_ClkDivSet
 .text.LESENSE_ChannelTimingSet
                0x000031e0       0x50 ./gecko_sdk_4.4.6/platform/emlib/src/em_lesense.o
                0x000031e0                LESENSE_ChannelTimingSet
 .text.LESENSE_ChannelThresSet
                0x00003230       0x58 ./gecko_sdk_4.4.6/platform/emlib/src/em_lesense.o
                0x00003230                LESENSE_ChannelThresSet
 .text.LESENSE_ChannelConfig
                0x00003288      0x14c ./gecko_sdk_4.4.6/platform/emlib/src/em_lesense.o
                0x00003288                LESENSE_ChannelConfig
 .text.LESENSE_DecoderStateSet
                0x000033d4       0x24 ./gecko_sdk_4.4.6/platform/emlib/src/em_lesense.o
                0x000033d4                LESENSE_DecoderStateSet
 .text.LESENSE_ScanStart
                0x000033f8       0x18 ./gecko_sdk_4.4.6/platform/emlib/src/em_lesense.o
                0x000033f8                LESENSE_ScanStart
 .text.LESENSE_ScanModeSet
                0x00003410       0x18 ./gecko_sdk_4.4.6/platform/emlib/src/em_lesense.o
                0x00003410                LESENSE_ScanModeSet
 .text.LESENSE_ScanStop
                0x00003428       0x18 ./gecko_sdk_4.4.6/platform/emlib/src/em_lesense.o
                0x00003428                LESENSE_ScanStop
 .text.LESENSE_ResultBufferClear
                0x00003440       0x18 ./gecko_sdk_4.4.6/platform/emlib/src/em_lesense.o
                0x00003440                LESENSE_ResultBufferClear
 .text.LESENSE_Reset
                0x00003458       0x84 ./gecko_sdk_4.4.6/platform/emlib/src/em_lesense.o
                0x00003458                LESENSE_Reset
 .text.LESENSE_Init
                0x000034dc      0x120 ./gecko_sdk_4.4.6/platform/emlib/src/em_lesense.o
                0x000034dc                LESENSE_Init
 .text.SYSTEM_ChipRevisionGet
                0x000035fc       0x50 ./gecko_sdk_4.4.6/platform/emlib/src/em_system.o
                0x000035fc                SYSTEM_ChipRevisionGet
 .text.SYSTEM_GetProdRev
                0x0000364c       0x10 ./gecko_sdk_4.4.6/platform/emlib/src/em_system.o
                0x0000364c                SYSTEM_GetProdRev
 .text.SYSTEM_GetFamily
                0x0000365c       0x10 ./gecko_sdk_4.4.6/platform/emlib/src/em_system.o
                0x0000365c                SYSTEM_GetFamily
 .text.USART_BaudrateAsyncSet
                0x0000366c       0xe4 ./gecko_sdk_4.4.6/platform/emlib/src/em_usart.o
                0x0000366c                USART_BaudrateAsyncSet
 .text.USART_Enable
                0x00003750       0x4c ./gecko_sdk_4.4.6/platform/emlib/src/em_usart.o
                0x00003750                USART_Enable
 .text.USART_Reset
                0x0000379c       0x80 ./gecko_sdk_4.4.6/platform/emlib/src/em_usart.o
                0x0000379c                USART_Reset
 .text.USART_InitAsync
                0x0000381c       0x94 ./gecko_sdk_4.4.6/platform/emlib/src/em_usart.o
                0x0000381c                USART_InitAsync
 .text.sl_device_init_emu
                0x000038b0       0x20 ./gecko_sdk_4.4.6/platform/service/device_init/src/sl_device_init_emu_s0.o
                0x000038b0                sl_device_init_emu
 .text.sl_device_init_hfxo
                0x000038d0       0x2c ./gecko_sdk_4.4.6/platform/service/device_init/src/sl_device_init_hfxo_s0.o
                0x000038d0                sl_device_init_hfxo
 .text.sl_device_init_nvic
                0x000038fc       0x3c ./gecko_sdk_4.4.6/platform/service/device_init/src/sl_device_init_nvic.o
                0x000038fc                sl_device_init_nvic
 .text.sl_iostream_set_default
                0x00003938       0x18 ./gecko_sdk_4.4.6/platform/service/iostream/src/sl_iostream.o
                0x00003938                sl_iostream_set_default
 .text.sl_iostream_get_default
                0x00003950       0x18 ./gecko_sdk_4.4.6/platform/service/iostream/src/sl_iostream.o
                0x00003950                sl_iostream_get_default
 .text.get_write_ptr
                0x00003968       0x60 ./gecko_sdk_4.4.6/platform/service/iostream/src/sl_iostream_uart.o
 .text.dma_irq_handler
                0x000039c8       0x74 ./gecko_sdk_4.4.6/platform/service/iostream/src/sl_iostream_uart.o
 .text.uart_read
                0x00003a3c      0x218 ./gecko_sdk_4.4.6/platform/service/iostream/src/sl_iostream_uart.o
 .text.uart_deinit
                0x00003c54       0x98 ./gecko_sdk_4.4.6/platform/service/iostream/src/sl_iostream_uart.o
 .text.uart_write
                0x00003cec       0xe4 ./gecko_sdk_4.4.6/platform/service/iostream/src/sl_iostream_uart.o
 .text.sli_iostream_uart_context_init
                0x00003dd0       0xf8 ./gecko_sdk_4.4.6/platform/service/iostream/src/sl_iostream_uart.o
                0x00003dd0                sli_iostream_uart_context_init
 .text.sl_iostream_usart_init
                0x00003ec8       0xc4 ./gecko_sdk_4.4.6/platform/service/iostream/src/sl_iostream_usart.o
                0x00003ec8                sl_iostream_usart_init
 .text.sl_iostream_usart_irq_handler
                0x00003f8c       0x70 ./gecko_sdk_4.4.6/platform/service/iostream/src/sl_iostream_usart.o
                0x00003f8c                sl_iostream_usart_irq_handler
 .text.sl_udelay_wait
                0x00003ffc       0x54 ./gecko_sdk_4.4.6/platform/service/udelay/src/sl_udelay.o
                0x00003ffc                sl_udelay_wait
 .text          0x00004050      0x254 c:/siliconlabs/simplicitystudio/v5/developer/toolchains/gnu_arm/12.2.rel1_2023.7/bin/../lib/gcc/arm-none-eabi/12.2.1/thumb/v7-m/nofp\libgcc.a(_arm_muldf3.o)
                0x00004050                __muldf3
                0x00004050                __aeabi_dmul
 .text          0x000042a4      0x378 c:/siliconlabs/simplicitystudio/v5/developer/toolchains/gnu_arm/12.2.rel1_2023.7/bin/../lib/gcc/arm-none-eabi/12.2.1/thumb/v7-m/nofp\libgcc.a(_arm_addsubdf3.o)
                0x000042a4                __aeabi_drsub
                0x000042ac                __aeabi_dsub
                0x000042ac                __subdf3
                0x000042b0                __aeabi_dadd
                0x000042b0                __adddf3
                0x00004528                __floatunsidf
                0x00004528                __aeabi_ui2d
                0x00004548                __floatsidf
                0x00004548                __aeabi_i2d
                0x0000456c                __aeabi_f2d
                0x0000456c                __extendsfdf2
                0x000045b0                __floatundidf
                0x000045b0                __aeabi_ul2d
                0x000045c0                __floatdidf
                0x000045c0                __aeabi_l2d
 .text          0x0000461c       0x40 c:/siliconlabs/simplicitystudio/v5/developer/toolchains/gnu_arm/12.2.rel1_2023.7/bin/../lib/gcc/arm-none-eabi/12.2.1/thumb/v7-m/nofp\libgcc.a(_arm_fixunsdfsi.o)
                0x0000461c                __aeabi_d2uiz
                0x0000461c                __fixunsdfsi
 .text.exit     0x0000465c       0x24 c:/siliconlabs/simplicitystudio/v5/developer/toolchains/gnu_arm/12.2.rel1_2023.7/bin/../lib/gcc/arm-none-eabi/12.2.1/thumb/v7-m/nofp\libc_nano.a(libc_a-exit.o)
                0x0000465c                exit
 .text.srand    0x00004680       0x5c c:/siliconlabs/simplicitystudio/v5/developer/toolchains/gnu_arm/12.2.rel1_2023.7/bin/../lib/gcc/arm-none-eabi/12.2.1/thumb/v7-m/nofp\libc_nano.a(libc_a-rand.o)
                0x00004680                srand
 .text.rand     0x000046dc       0x7c c:/siliconlabs/simplicitystudio/v5/developer/toolchains/gnu_arm/12.2.rel1_2023.7/bin/../lib/gcc/arm-none-eabi/12.2.1/thumb/v7-m/nofp\libc_nano.a(libc_a-rand.o)
                0x000046dc                rand
 .text.std      0x00004758       0x6c c:/siliconlabs/simplicitystudio/v5/developer/toolchains/gnu_arm/12.2.rel1_2023.7/bin/../lib/gcc/arm-none-eabi/12.2.1/thumb/v7-m/nofp\libc_nano.a(libc_a-findfp.o)
 .text.stdio_exit_handler
                0x000047c4       0x18 c:/siliconlabs/simplicitystudio/v5/developer/toolchains/gnu_arm/12.2.rel1_2023.7/bin/../lib/gcc/arm-none-eabi/12.2.1/thumb/v7-m/nofp\libc_nano.a(libc_a-findfp.o)
 .text.cleanup_stdio
                0x000047dc       0x40 c:/siliconlabs/simplicitystudio/v5/developer/toolchains/gnu_arm/12.2.rel1_2023.7/bin/../lib/gcc/arm-none-eabi/12.2.1/thumb/v7-m/nofp\libc_nano.a(libc_a-findfp.o)
 .text.global_stdio_init.part.0
                0x0000481c       0x3c c:/siliconlabs/simplicitystudio/v5/developer/toolchains/gnu_arm/12.2.rel1_2023.7/bin/../lib/gcc/arm-none-eabi/12.2.1/thumb/v7-m/nofp\libc_nano.a(libc_a-findfp.o)
 .text.__sfp_lock_acquire
                0x00004858        0xc c:/siliconlabs/simplicitystudio/v5/developer/toolchains/gnu_arm/12.2.rel1_2023.7/bin/../lib/gcc/arm-none-eabi/12.2.1/thumb/v7-m/nofp\libc_nano.a(libc_a-findfp.o)
                0x00004858                __sfp_lock_acquire
 .text.__sfp_lock_release
                0x00004864        0xc c:/siliconlabs/simplicitystudio/v5/developer/toolchains/gnu_arm/12.2.rel1_2023.7/bin/../lib/gcc/arm-none-eabi/12.2.1/thumb/v7-m/nofp\libc_nano.a(libc_a-findfp.o)
                0x00004864                __sfp_lock_release
 .text.__sinit  0x00004870       0x30 c:/siliconlabs/simplicitystudio/v5/developer/toolchains/gnu_arm/12.2.rel1_2023.7/bin/../lib/gcc/arm-none-eabi/12.2.1/thumb/v7-m/nofp\libc_nano.a(libc_a-findfp.o)
                0x00004870                __sinit
 .text.printf   0x000048a0       0x24 c:/siliconlabs/simplicitystudio/v5/developer/toolchains/gnu_arm/12.2.rel1_2023.7/bin/../lib/gcc/arm-none-eabi/12.2.1/thumb/v7-m/nofp\libc_nano.a(libc_a-printf.o)
                0x000048a0                iprintf
                0x000048a0                printf
 .text._close_r
                0x000048c4       0x20 c:/siliconlabs/simplicitystudio/v5/developer/toolchains/gnu_arm/12.2.rel1_2023.7/bin/../lib/gcc/arm-none-eabi/12.2.1/thumb/v7-m/nofp\libc_nano.a(libc_a-closer.o)
                0x000048c4                _close_r
 .text._lseek_r
                0x000048e4       0x24 c:/siliconlabs/simplicitystudio/v5/developer/toolchains/gnu_arm/12.2.rel1_2023.7/bin/../lib/gcc/arm-none-eabi/12.2.1/thumb/v7-m/nofp\libc_nano.a(libc_a-lseekr.o)
                0x000048e4                _lseek_r
 .text._read_r  0x00004908       0x24 c:/siliconlabs/simplicitystudio/v5/developer/toolchains/gnu_arm/12.2.rel1_2023.7/bin/../lib/gcc/arm-none-eabi/12.2.1/thumb/v7-m/nofp\libc_nano.a(libc_a-readr.o)
                0x00004908                _read_r
 .text._write_r
                0x0000492c       0x24 c:/siliconlabs/simplicitystudio/v5/developer/toolchains/gnu_arm/12.2.rel1_2023.7/bin/../lib/gcc/arm-none-eabi/12.2.1/thumb/v7-m/nofp\libc_nano.a(libc_a-writer.o)
                0x0000492c                _write_r
 .text.__libc_init_array
                0x00004950       0x48 c:/siliconlabs/simplicitystudio/v5/developer/toolchains/gnu_arm/12.2.rel1_2023.7/bin/../lib/gcc/arm-none-eabi/12.2.1/thumb/v7-m/nofp\libc_nano.a(libc_a-init.o)
                0x00004950                __libc_init_array
 .text.__assert_func
                0x00004998       0x3c c:/siliconlabs/simplicitystudio/v5/developer/toolchains/gnu_arm/12.2.rel1_2023.7/bin/../lib/gcc/arm-none-eabi/12.2.1/thumb/v7-m/nofp\libc_nano.a(libc_a-assert.o)
                0x00004998                __assert_func
 .text._free_r  0x000049d4       0x90 c:/siliconlabs/simplicitystudio/v5/developer/toolchains/gnu_arm/12.2.rel1_2023.7/bin/../lib/gcc/arm-none-eabi/12.2.1/thumb/v7-m/nofp\libc_nano.a(libc_a-freer.o)
                0x000049d4                _free_r
 .text.malloc   0x00004a64       0x10 c:/siliconlabs/simplicitystudio/v5/developer/toolchains/gnu_arm/12.2.rel1_2023.7/bin/../lib/gcc/arm-none-eabi/12.2.1/thumb/v7-m/nofp\libc_nano.a(libc_a-malloc.o)
                0x00004a64                malloc
 .text.sbrk_aligned
                0x00004a74       0x44 c:/siliconlabs/simplicitystudio/v5/developer/toolchains/gnu_arm/12.2.rel1_2023.7/bin/../lib/gcc/arm-none-eabi/12.2.1/thumb/v7-m/nofp\libc_nano.a(libc_a-mallocr.o)
 .text._malloc_r
                0x00004ab8       0xf0 c:/siliconlabs/simplicitystudio/v5/developer/toolchains/gnu_arm/12.2.rel1_2023.7/bin/../lib/gcc/arm-none-eabi/12.2.1/thumb/v7-m/nofp\libc_nano.a(libc_a-mallocr.o)
                0x00004ab8                _malloc_r
 .text.__malloc_lock
                0x00004ba8        0xc c:/siliconlabs/simplicitystudio/v5/developer/toolchains/gnu_arm/12.2.rel1_2023.7/bin/../lib/gcc/arm-none-eabi/12.2.1/thumb/v7-m/nofp\libc_nano.a(libc_a-mlock.o)
                0x00004ba8                __malloc_lock
 .text.__malloc_unlock
                0x00004bb4        0xc c:/siliconlabs/simplicitystudio/v5/developer/toolchains/gnu_arm/12.2.rel1_2023.7/bin/../lib/gcc/arm-none-eabi/12.2.1/thumb/v7-m/nofp\libc_nano.a(libc_a-mlock.o)
                0x00004bb4                __malloc_unlock
 .text._vfprintf_r
                0x00004bc0      0x230 c:/siliconlabs/simplicitystudio/v5/developer/toolchains/gnu_arm/12.2.rel1_2023.7/bin/../lib/gcc/arm-none-eabi/12.2.1/thumb/v7-m/nofp\libc_nano.a(libc_a-nano-vfprintf.o)
                0x00004bc0                _vfprintf_r
                0x00004bc0                _vfiprintf_r
 .text._printf_i
                0x00004df0      0x258 c:/siliconlabs/simplicitystudio/v5/developer/toolchains/gnu_arm/12.2.rel1_2023.7/bin/../lib/gcc/arm-none-eabi/12.2.1/thumb/v7-m/nofp\libc_nano.a(libc_a-nano-vfprintf_i.o)
                0x00004df0                _printf_i
 .text.fprintf  0x00005048       0x24 c:/siliconlabs/simplicitystudio/v5/developer/toolchains/gnu_arm/12.2.rel1_2023.7/bin/../lib/gcc/arm-none-eabi/12.2.1/thumb/v7-m/nofp\libc_nano.a(libc_a-fprintf.o)
                0x00005048                fiprintf
                0x00005048                fprintf
 .text.__swsetup_r
                0x0000506c       0xac c:/siliconlabs/simplicitystudio/v5/developer/toolchains/gnu_arm/12.2.rel1_2023.7/bin/../lib/gcc/arm-none-eabi/12.2.1/thumb/v7-m/nofp\libc_nano.a(libc_a-wsetup.o)
                0x0000506c                __swsetup_r
 .text._sbrk_r  0x00005118       0x20 c:/siliconlabs/simplicitystudio/v5/developer/toolchains/gnu_arm/12.2.rel1_2023.7/bin/../lib/gcc/arm-none-eabi/12.2.1/thumb/v7-m/nofp\libc_nano.a(libc_a-sbrkr.o)
                0x00005118                _sbrk_r
 .text.raise    0x00005138       0x10 c:/siliconlabs/simplicitystudio/v5/developer/toolchains/gnu_arm/12.2.rel1_2023.7/bin/../lib/gcc/arm-none-eabi/12.2.1/thumb/v7-m/nofp\libc_nano.a(libc_a-signal.o)
                0x00005138                raise
 .text._fstat_r
                0x00005148       0x24 c:/siliconlabs/simplicitystudio/v5/developer/toolchains/gnu_arm/12.2.rel1_2023.7/bin/../lib/gcc/arm-none-eabi/12.2.1/thumb/v7-m/nofp\libc_nano.a(libc_a-fstatr.o)
                0x00005148                _fstat_r
 .text._isatty_r
                0x0000516c       0x20 c:/siliconlabs/simplicitystudio/v5/developer/toolchains/gnu_arm/12.2.rel1_2023.7/bin/../lib/gcc/arm-none-eabi/12.2.1/thumb/v7-m/nofp\libc_nano.a(libc_a-isattyr.o)
                0x0000516c                _isatty_r
 .text._kill_r  0x0000518c       0x24 c:/siliconlabs/simplicitystudio/v5/developer/toolchains/gnu_arm/12.2.rel1_2023.7/bin/../lib/gcc/arm-none-eabi/12.2.1/thumb/v7-m/nofp\libc_nano.a(libc_a-signalr.o)
                0x0000518c                _kill_r
 .text.app_init
                0x000051b0       0x16 ./app.o
                0x000051b0                app_init
 .text.CAPLESENSE_setupGPIO
                0x000051c6       0x3e ./caplesense.o
                0x000051c6                CAPLESENSE_setupGPIO
 .text.CAPLESENSE_Init
                0x00005204       0x26 ./caplesense.o
                0x00005204                CAPLESENSE_Init
 .text.game_running
                0x0000522a       0x68 ./game.o
                0x0000522a                game_running
 .text.startup.main
                0x00005292       0x14 ./main.o
                0x00005292                main
 .text.SegmentLCD_NumberOff
                0x000052a6       0x4c ./segmentlcd.o
                0x000052a6                SegmentLCD_NumberOff
 .text.sl_board_default_init
                0x000052f2        0x2 ./autogen/sl_board_default_init.o
                0x000052f2                sl_board_default_init
 .text.sl_driver_init
                0x000052f4       0x16 ./autogen/sl_event_handler.o
                0x000052f4                sl_driver_init
 .text.sl_service_init
                0x0000530a        0xe ./autogen/sl_event_handler.o
                0x0000530a                sl_service_init
 .text.sl_stack_init
                0x00005318        0x2 ./autogen/sl_event_handler.o
                0x00005318                sl_stack_init
 .text.sl_internal_app_init
                0x0000531a        0x2 ./autogen/sl_event_handler.o
                0x0000531a                sl_internal_app_init
 .text.sl_platform_process_action
                0x0000531c        0x2 ./autogen/sl_event_handler.o
                0x0000531c                sl_platform_process_action
 .text.sl_service_process_action
                0x0000531e        0x2 ./autogen/sl_event_handler.o
                0x0000531e                sl_service_process_action
 .text.sl_stack_process_action
                0x00005320        0x2 ./autogen/sl_event_handler.o
                0x00005320                sl_stack_process_action
 .text.sl_internal_app_process_action
                0x00005322        0x2 ./autogen/sl_event_handler.o
                0x00005322                sl_internal_app_process_action
 .text.USART0_TX_IRQHandler
                0x00005324        0x4 ./autogen/sl_iostream_init_usart_instances.o
                0x00005324                USART0_TX_IRQHandler
 .text.sl_board_enable_vcom
                0x00005328       0x12 ./gecko_sdk_4.4.6/hardware/board/src/sl_board_control_gpio.o
                0x00005328                sl_board_enable_vcom
 .text.sl_board_configure_vcom
                0x0000533a        0x4 ./gecko_sdk_4.4.6/hardware/board/src/sl_board_control_gpio.o
                0x0000533a                sl_board_configure_vcom
 .text.sl_cos_send_config
                0x0000533e       0x12 ./gecko_sdk_4.4.6/hardware/driver/configuration_over_swo/src/sl_cos.o
                0x0000533e                sl_cos_send_config
 .text.Default_Handler
                0x00005350        0x2 ./gecko_sdk_4.4.6/platform/Device/SiliconLabs/EFM32GG/Source/startup_efm32gg.o
                0x00005350                TIMER2_IRQHandler
                0x00005350                DebugMon_Handler
                0x00005350                I2C0_IRQHandler
                0x00005350                HardFault_Handler
                0x00005350                LEUART1_IRQHandler
                0x00005350                USART1_RX_IRQHandler
                0x00005350                PendSV_Handler
                0x00005350                NMI_Handler
                0x00005350                I2C1_IRQHandler
                0x00005350                TIMER3_IRQHandler
                0x00005350                USART1_TX_IRQHandler
                0x00005350                MSC_IRQHandler
                0x00005350                ADC0_IRQHandler
                0x00005350                UsageFault_Handler
                0x00005350                LEUART0_IRQHandler
                0x00005350                UART0_TX_IRQHandler
                0x00005350                UART1_TX_IRQHandler
                0x00005350                RTC_IRQHandler
                0x00005350                TIMER0_IRQHandler
                0x00005350                LCD_IRQHandler
                0x00005350                PCNT2_IRQHandler
                0x00005350                LETIMER0_IRQHandler
                0x00005350                TIMER1_IRQHandler
                0x00005350                USART2_RX_IRQHandler
                0x00005350                Default_Handler
                0x00005350                EMU_IRQHandler
                0x00005350                PCNT0_IRQHandler
                0x00005350                sl_app_properties
                0x00005350                USB_IRQHandler
                0x00005350                BURTC_IRQHandler
                0x00005350                PCNT1_IRQHandler
                0x00005350                ACMP0_IRQHandler
                0x00005350                MemManage_Handler
                0x00005350                SVC_Handler
                0x00005350                DAC0_IRQHandler
                0x00005350                UART1_RX_IRQHandler
                0x00005350                CMU_IRQHandler
                0x00005350                EBI_IRQHandler
                0x00005350                AES_IRQHandler
                0x00005350                VCMP_IRQHandler
                0x00005350                BusFault_Handler
                0x00005350                USART2_TX_IRQHandler
 .text.SystemLFRCOClockGet
                0x00005352        0x6 ./gecko_sdk_4.4.6/platform/Device/SiliconLabs/EFM32GG/Source/system_efm32gg.o
                0x00005352                SystemLFRCOClockGet
 .text.SystemULFRCOClockGet
                0x00005358        0x6 ./gecko_sdk_4.4.6/platform/Device/SiliconLabs/EFM32GG/Source/system_efm32gg.o
                0x00005358                SystemULFRCOClockGet
 .text.assertEFM
                0x0000535e        0x2 ./gecko_sdk_4.4.6/platform/common/src/sl_assert.o
                0x0000535e                assertEFM
 .text._close   0x00005360        0x6 ./gecko_sdk_4.4.6/platform/common/src/sl_syscalls.o
                0x00005360                _close
 .text._exit    0x00005366        0x2 ./gecko_sdk_4.4.6/platform/common/src/sl_syscalls.o
                0x00005366                _exit
 .text._fstat   0x00005368        0x4 ./gecko_sdk_4.4.6/platform/common/src/sl_syscalls.o
                0x00005368                _fstat
 .text._getpid  0x0000536c        0x4 ./gecko_sdk_4.4.6/platform/common/src/sl_syscalls.o
                0x0000536c                _getpid
 .text._isatty  0x00005370        0x4 ./gecko_sdk_4.4.6/platform/common/src/sl_syscalls.o
                0x00005370                _isatty
 .text._kill    0x00005374        0x6 ./gecko_sdk_4.4.6/platform/common/src/sl_syscalls.o
                0x00005374                _kill
 .text._lseek   0x0000537a        0x4 ./gecko_sdk_4.4.6/platform/common/src/sl_syscalls.o
                0x0000537a                _lseek
 .text._read    0x0000537e        0x4 ./gecko_sdk_4.4.6/platform/common/src/sl_syscalls.o
                0x0000537e                _read
 .text.sl_button_init
                0x00005382        0xa ./gecko_sdk_4.4.6/platform/driver/button/src/sl_button.o
                0x00005382                sl_button_init
 .text.sl_button_get_state
                0x0000538c        0xa ./gecko_sdk_4.4.6/platform/driver/button/src/sl_button.o
                0x0000538c                sl_button_get_state
 .text.sli_simple_button_on_change
                0x00005396       0x28 ./gecko_sdk_4.4.6/platform/driver/button/src/sl_simple_button.o
 .text.sl_simple_button_get_state
                0x000053be        0x6 ./gecko_sdk_4.4.6/platform/driver/button/src/sl_simple_button.o
                0x000053be                sl_simple_button_get_state
 .text.sl_simple_button_poll_step
                0x000053c4       0x52 ./gecko_sdk_4.4.6/platform/driver/button/src/sl_simple_button.o
                0x000053c4                sl_simple_button_poll_step
 .text.sl_simple_button_enable
                0x00005416       0x12 ./gecko_sdk_4.4.6/platform/driver/button/src/sl_simple_button.o
                0x00005416                sl_simple_button_enable
 .text.sl_simple_button_disable
                0x00005428       0x30 ./gecko_sdk_4.4.6/platform/driver/button/src/sl_simple_button.o
                0x00005428                sl_simple_button_disable
 .text.sl_debug_swo_enable_itm
                0x00005458       0x16 ./gecko_sdk_4.4.6/platform/driver/debug/src/sl_debug_swo.o
                0x00005458                sl_debug_swo_enable_itm
 .text.sl_debug_swo_disable_itm
                0x0000546e       0x18 ./gecko_sdk_4.4.6/platform/driver/debug/src/sl_debug_swo.o
                0x0000546e                sl_debug_swo_disable_itm
 .text.DMADRV_PeripheralMemory
                0x00005486       0x34 ./gecko_sdk_4.4.6/platform/emdrv/dmadrv/src/dmadrv.o
                0x00005486                DMADRV_PeripheralMemory
 .text.CORE_EnterCritical
                0x000054ba        0x8 ./gecko_sdk_4.4.6/platform/emlib/src/em_core.o
                0x000054ba                CORE_EnterCritical
 .text.CORE_ExitCritical
                0x000054c2        0x6 ./gecko_sdk_4.4.6/platform/emlib/src/em_core.o
                0x000054c2                CORE_ExitCritical
 .text.CORE_EnterAtomic
                0x000054c8        0xc ./gecko_sdk_4.4.6/platform/emlib/src/em_core.o
                0x000054c8                CORE_EnterAtomic
 .text.CORE_ExitAtomic
                0x000054d4        0x6 ./gecko_sdk_4.4.6/platform/emlib/src/em_core.o
                0x000054d4                CORE_ExitAtomic
 .text.BUS_RegMaskedWrite
                0x000054da       0x1e ./gecko_sdk_4.4.6/platform/emlib/src/em_gpio.o
 .text.LESENSE_ChannelAllConfig
                0x000054f8       0x18 ./gecko_sdk_4.4.6/platform/emlib/src/em_lesense.o
                0x000054f8                LESENSE_ChannelAllConfig
 .text.USART_Tx
                0x00005510        0xa ./gecko_sdk_4.4.6/platform/emlib/src/em_usart.o
                0x00005510                USART_Tx
 .text.sl_device_init_lfxo
                0x0000551a       0x22 ./gecko_sdk_4.4.6/platform/service/device_init/src/sl_device_init_lfxo_s0.o
                0x0000551a                sl_device_init_lfxo
 .text.set_auto_cr_lf
                0x0000553c        0x6 ./gecko_sdk_4.4.6/platform/service/iostream/src/sl_iostream_uart.o
 .text.get_auto_cr_lf
                0x00005542        0x6 ./gecko_sdk_4.4.6/platform/service/iostream/src/sl_iostream_uart.o
 .text.usart_set_next_byte_detect
                0x00005548        0xc ./gecko_sdk_4.4.6/platform/service/iostream/src/sl_iostream_usart.o
 .text.usart_deinit
                0x00005554       0x48 ./gecko_sdk_4.4.6/platform/service/iostream/src/sl_iostream_usart.o
 .text.usart_tx
                0x0000559c        0xc ./gecko_sdk_4.4.6/platform/service/iostream/src/sl_iostream_usart.o
 .text.sl_system_init
                0x000055a8       0x1a ./gecko_sdk_4.4.6/platform/service/system/src/sl_system_init.o
                0x000055a8                sl_system_init
 .text.sl_system_process_action
                0x000055c2       0x16 ./gecko_sdk_4.4.6/platform/service/system/src/sl_system_process_action.o
                0x000055c2                sl_system_process_action
 .text.abs      0x000055d8        0x8 c:/siliconlabs/simplicitystudio/v5/developer/toolchains/gnu_arm/12.2.rel1_2023.7/bin/../lib/gcc/arm-none-eabi/12.2.1/thumb/v7-m/nofp\libc_nano.a(libc_a-abs.o)
                0x000055d8                abs
 .text._fwalk_sglue
                0x000055e0       0x3c c:/siliconlabs/simplicitystudio/v5/developer/toolchains/gnu_arm/12.2.rel1_2023.7/bin/../lib/gcc/arm-none-eabi/12.2.1/thumb/v7-m/nofp\libc_nano.a(libc_a-fwalk.o)
                0x000055e0                _fwalk_sglue
 .text.__sread  0x0000561c       0x22 c:/siliconlabs/simplicitystudio/v5/developer/toolchains/gnu_arm/12.2.rel1_2023.7/bin/../lib/gcc/arm-none-eabi/12.2.1/thumb/v7-m/nofp\libc_nano.a(libc_a-stdio.o)
                0x0000561c                __sread
 .text.__swrite
                0x0000563e       0x38 c:/siliconlabs/simplicitystudio/v5/developer/toolchains/gnu_arm/12.2.rel1_2023.7/bin/../lib/gcc/arm-none-eabi/12.2.1/thumb/v7-m/nofp\libc_nano.a(libc_a-stdio.o)
                0x0000563e                __swrite
 .text.__sseek  0x00005676       0x24 c:/siliconlabs/simplicitystudio/v5/developer/toolchains/gnu_arm/12.2.rel1_2023.7/bin/../lib/gcc/arm-none-eabi/12.2.1/thumb/v7-m/nofp\libc_nano.a(libc_a-stdio.o)
                0x00005676                __sseek
 .text.__sclose
                0x0000569a        0x8 c:/siliconlabs/simplicitystudio/v5/developer/toolchains/gnu_arm/12.2.rel1_2023.7/bin/../lib/gcc/arm-none-eabi/12.2.1/thumb/v7-m/nofp\libc_nano.a(libc_a-stdio.o)
                0x0000569a                __sclose
 .text.memset   0x000056a2       0x10 c:/siliconlabs/simplicitystudio/v5/developer/toolchains/gnu_arm/12.2.rel1_2023.7/bin/../lib/gcc/arm-none-eabi/12.2.1/thumb/v7-m/nofp\libc_nano.a(libc_a-memset.o)
                0x000056a2                memset
 .text.__retarget_lock_init_recursive
                0x000056b2        0x2 c:/siliconlabs/simplicitystudio/v5/developer/toolchains/gnu_arm/12.2.rel1_2023.7/bin/../lib/gcc/arm-none-eabi/12.2.1/thumb/v7-m/nofp\libc_nano.a(libc_a-lock.o)
                0x000056b2                __retarget_lock_init_recursive
 .text.__retarget_lock_acquire_recursive
                0x000056b4        0x2 c:/siliconlabs/simplicitystudio/v5/developer/toolchains/gnu_arm/12.2.rel1_2023.7/bin/../lib/gcc/arm-none-eabi/12.2.1/thumb/v7-m/nofp\libc_nano.a(libc_a-lock.o)
                0x000056b4                __retarget_lock_acquire_recursive
 .text.__retarget_lock_release_recursive
                0x000056b6        0x2 c:/siliconlabs/simplicitystudio/v5/developer/toolchains/gnu_arm/12.2.rel1_2023.7/bin/../lib/gcc/arm-none-eabi/12.2.1/thumb/v7-m/nofp\libc_nano.a(libc_a-lock.o)
                0x000056b6                __retarget_lock_release_recursive
 .text.memcpy   0x000056b8       0x1c c:/siliconlabs/simplicitystudio/v5/developer/toolchains/gnu_arm/12.2.rel1_2023.7/bin/../lib/gcc/arm-none-eabi/12.2.1/thumb/v7-m/nofp\libc_nano.a(libc_a-memcpy-stub.o)
                0x000056b8                memcpy
 .text          0x000056d4       0x10 c:/siliconlabs/simplicitystudio/v5/developer/toolchains/gnu_arm/12.2.rel1_2023.7/bin/../lib/gcc/arm-none-eabi/12.2.1/thumb/v7-m/nofp\libc_nano.a(libc_a-strlen.o)
                0x000056d4                strlen
 .text.__sfputc_r
                0x000056e4       0x2a c:/siliconlabs/simplicitystudio/v5/developer/toolchains/gnu_arm/12.2.rel1_2023.7/bin/../lib/gcc/arm-none-eabi/12.2.1/thumb/v7-m/nofp\libc_nano.a(libc_a-nano-vfprintf.o)
 .text.__sfputs_r
                0x0000570e       0x24 c:/siliconlabs/simplicitystudio/v5/developer/toolchains/gnu_arm/12.2.rel1_2023.7/bin/../lib/gcc/arm-none-eabi/12.2.1/thumb/v7-m/nofp\libc_nano.a(libc_a-nano-vfprintf.o)
                0x0000570e                __sfputs_r
 .text._printf_common
                0x00005732       0xe4 c:/siliconlabs/simplicitystudio/v5/developer/toolchains/gnu_arm/12.2.rel1_2023.7/bin/../lib/gcc/arm-none-eabi/12.2.1/thumb/v7-m/nofp\libc_nano.a(libc_a-nano-vfprintf_i.o)
                0x00005732                _printf_common
 .text.__sflush_r
                0x00005816      0x100 c:/siliconlabs/simplicitystudio/v5/developer/toolchains/gnu_arm/12.2.rel1_2023.7/bin/../lib/gcc/arm-none-eabi/12.2.1/thumb/v7-m/nofp\libc_nano.a(libc_a-fflush.o)
                0x00005816                __sflush_r
 .text._fflush_r
                0x00005916       0x50 c:/siliconlabs/simplicitystudio/v5/developer/toolchains/gnu_arm/12.2.rel1_2023.7/bin/../lib/gcc/arm-none-eabi/12.2.1/thumb/v7-m/nofp\libc_nano.a(libc_a-fflush.o)
                0x00005916                _fflush_r
 .text.__swbuf_r
                0x00005966       0x7c c:/siliconlabs/simplicitystudio/v5/developer/toolchains/gnu_arm/12.2.rel1_2023.7/bin/../lib/gcc/arm-none-eabi/12.2.1/thumb/v7-m/nofp\libc_nano.a(libc_a-wbuf.o)
                0x00005966                __swbuf_r
 .text.memchr   0x000059e2       0x1c c:/siliconlabs/simplicitystudio/v5/developer/toolchains/gnu_arm/12.2.rel1_2023.7/bin/../lib/gcc/arm-none-eabi/12.2.1/thumb/v7-m/nofp\libc_nano.a(libc_a-memchr-stub.o)
                0x000059e2                memchr
 .text.abort    0x000059fe        0xe c:/siliconlabs/simplicitystudio/v5/developer/toolchains/gnu_arm/12.2.rel1_2023.7/bin/../lib/gcc/arm-none-eabi/12.2.1/thumb/v7-m/nofp\libc_nano.a(libc_a-abort.o)
                0x000059fe                abort
 .text.__swhatbuf_r
                0x00005a0c       0x4a c:/siliconlabs/simplicitystudio/v5/developer/toolchains/gnu_arm/12.2.rel1_2023.7/bin/../lib/gcc/arm-none-eabi/12.2.1/thumb/v7-m/nofp\libc_nano.a(libc_a-makebuf.o)
                0x00005a0c                __swhatbuf_r
 .text.__smakebuf_r
                0x00005a56       0x78 c:/siliconlabs/simplicitystudio/v5/developer/toolchains/gnu_arm/12.2.rel1_2023.7/bin/../lib/gcc/arm-none-eabi/12.2.1/thumb/v7-m/nofp\libc_nano.a(libc_a-makebuf.o)
                0x00005a56                __smakebuf_r
 .text._raise_r
                0x00005ace       0x50 c:/siliconlabs/simplicitystudio/v5/developer/toolchains/gnu_arm/12.2.rel1_2023.7/bin/../lib/gcc/arm-none-eabi/12.2.1/thumb/v7-m/nofp\libc_nano.a(libc_a-signal.o)
                0x00005ace                _raise_r
 .text._getpid_r
                0x00005b1e        0x4 c:/siliconlabs/simplicitystudio/v5/developer/toolchains/gnu_arm/12.2.rel1_2023.7/bin/../lib/gcc/arm-none-eabi/12.2.1/thumb/v7-m/nofp\libc_nano.a(libc_a-signalr.o)
                0x00005b1e                _getpid_r
                0x00005b40                . = ALIGN (0x20)
 *fill*         0x00005b22       0x1e 
                0x00005b40                linker_code_end = .
 *(.init)
 .init          0x00005b40        0x4 c:/siliconlabs/simplicitystudio/v5/developer/toolchains/gnu_arm/12.2.rel1_2023.7/bin/../lib/gcc/arm-none-eabi/12.2.1/thumb/v7-m/nofp/crti.o
                0x00005b40                _init
 .init          0x00005b44        0x8 c:/siliconlabs/simplicitystudio/v5/developer/toolchains/gnu_arm/12.2.rel1_2023.7/bin/../lib/gcc/arm-none-eabi/12.2.1/thumb/v7-m/nofp/crtn.o
 *(.fini)
 .fini          0x00005b4c        0x4 c:/siliconlabs/simplicitystudio/v5/developer/toolchains/gnu_arm/12.2.rel1_2023.7/bin/../lib/gcc/arm-none-eabi/12.2.1/thumb/v7-m/nofp/crti.o
                0x00005b4c                _fini
 .fini          0x00005b50        0x8 c:/siliconlabs/simplicitystudio/v5/developer/toolchains/gnu_arm/12.2.rel1_2023.7/bin/../lib/gcc/arm-none-eabi/12.2.1/thumb/v7-m/nofp/crtn.o
 *crtbegin.o(.ctors)
 *crtbegin?.o(.ctors)
 *(EXCLUDE_FILE(*crtend.o *crtend?.o) .ctors)
 *(SORT_BY_NAME(.ctors.*))
 *(.ctors)
 *crtbegin.o(.dtors)
 *crtbegin?.o(.dtors)
 *(EXCLUDE_FILE(*crtend.o *crtend?.o) .dtors)
 *(SORT_BY_NAME(.dtors.*))
 *(.dtors)
                0x00005b58                __code_classification_validator_start__ = .
                0x00005b78                . = (. + 0x20)
 *fill*         0x00005b58       0x20 
 *(code_classification_validator)
                0x00005b80                . = ALIGN (0x20)
 *fill*         0x00005b78        0x8 
                0x00005b80                __code_classification_validator_end__ = .
 *(.rodata*)
 .rodata.app_process_action.str1.1
                0x00005b80        0x6 ./app.o
 *fill*         0x00005b86        0x2 
 .rodata.initChsSense.0
                0x00005b88      0x200 ./caplesense.o
 .rodata.initChsSleep.2
                0x00005d88      0x200 ./caplesense.o
 .rodata.initLESENSE.3
                0x00005f88       0x40 ./caplesense.o
 .rodata.initACMP.5
                0x00005fc8       0x14 ./caplesense.o
 .rodata.channelsInUse
                0x00005fdc       0x10 ./caplesense.o
 .rodata        0x00005fec       0x2c ./caplesense.o
 .rodata.print_diff.str1.1
                0x00006018       0x11 ./game.o
 .rodata.game_init.str1.1
                0x00006029        0x7 ./game.o
 .rodata.game_tick.str1.1
                0x00006030       0x1a ./game.o
 *fill*         0x0000604a        0x6 
 .rodata.CSWTCH.5
                0x00006050       0x18 ./game.o
 .rodata.SegmentLCD_LowerNumber.str1.1
                0x00006068        0x8 ./segmentlcd.o
 .rodata.CSWTCH.37
                0x00006070        0xf ./segmentlcd.o
 .rodata.CSWTCH.36
                0x0000607f        0xf ./segmentlcd.o
 *fill*         0x0000608e        0x2 
 .rodata.lcdInit
                0x00006090       0x14 ./segmentlcd.o
 .rodata.Segment_Numbers
                0x000060a4       0x22 ./segmentlcd.o
 .rodata.Segment_Alphabet
                0x000060c6       0xb8 ./segmentlcd.o
 .rodata.EFM_Display
                0x0000617e      0x1fe ./segmentlcd.o
 .rodata.sl_iostream_usart_init_UART0.str1.1
                0x0000637c       0x2e ./autogen/sl_iostream_init_usart_instances.o
 *fill*         0x000063aa        0x2 
 .rodata        0x000063ac       0x18 ./autogen/sl_iostream_init_usart_instances.o
 .rodata.sl_button_btn1
                0x000063c4       0x18 ./autogen/sl_simple_button_instances.o
                0x000063c4                sl_button_btn1
 .rodata.GPIO_PinInGet.str1.1
                0x000063dc       0x4c ./gecko_sdk_4.4.6/platform/driver/button/src/sl_simple_button.o
 .rodata.sl_simple_button_init.str1.1
                0x00006428       0x5d ./gecko_sdk_4.4.6/platform/driver/button/src/sl_simple_button.o
 *fill*         0x00006485        0x1 
 .rodata.CSWTCH.10
                0x00006486        0xc ./gecko_sdk_4.4.6/platform/driver/button/src/sl_simple_button.o
 .rodata.ACMP_CapsenseInit.str1.1
                0x00006492       0x4c ./gecko_sdk_4.4.6/platform/emlib/src/em_acmp.o
 .rodata.ACMP_GPIOSetup.str1.1
                0x000064de       0x4b ./gecko_sdk_4.4.6/platform/emlib/src/em_acmp.o
 .rodata.CMU_DivToLog2.str1.1
                0x00006529       0x4b ./gecko_sdk_4.4.6/platform/emlib/src/em_cmu.o
 .rodata.auxClkGet.str1.1
                0x00006574       0x4b ./gecko_sdk_4.4.6/platform/emlib/src/em_cmu.o
 *fill*         0x000065bf        0x1 
 .rodata.CSWTCH.62
                0x000065c0        0xa ./gecko_sdk_4.4.6/platform/emlib/src/em_cmu.o
 .rodata.CSWTCH.61
                0x000065ca        0xa ./gecko_sdk_4.4.6/platform/emlib/src/em_cmu.o
 .rodata.CSWTCH.60
                0x000065d4        0x5 ./gecko_sdk_4.4.6/platform/emlib/src/em_cmu.o
 .rodata.CORE_NvicMaskSetIRQ.str1.1
                0x000065d9       0x4c ./gecko_sdk_4.4.6/platform/emlib/src/em_core.o
 .rodata.BUS_RegBitWrite.str1.1
                0x00006625       0x4b ./gecko_sdk_4.4.6/platform/emlib/src/em_dma.o
 .rodata.DMA_IRQHandler.str1.1
                0x00006625       0x4b ./gecko_sdk_4.4.6/platform/emlib/src/em_dma.o
 .rodata.GPIO_PinOutSet.str1.1
                0x00006670       0x4c ./gecko_sdk_4.4.6/platform/emlib/src/em_gpio.o
 .rodata.GPIO_DbgLocationSet.str1.1
                0x00006670       0x4c ./gecko_sdk_4.4.6/platform/emlib/src/em_gpio.o
 .rodata.GPIO_ExtIntConfig.str1.1
                0x000066bc       0x4b ./gecko_sdk_4.4.6/platform/emlib/src/em_gpio.o
 .rodata.CSWTCH.36
                0x000066bc        0xc ./gecko_sdk_4.4.6/platform/emlib/src/em_gpio.o
 .rodata.BUS_RegBitWrite.str1.1
                0x000066c8       0x4b ./gecko_sdk_4.4.6/platform/emlib/src/em_lcd.o
 .rodata.LCD_Init.str1.1
                0x000066c8       0x4b ./gecko_sdk_4.4.6/platform/emlib/src/em_lcd.o
 .rodata.BUS_RegBitWrite.str1.1
                0x00006713       0x4b ./gecko_sdk_4.4.6/platform/emlib/src/em_lesense.o
 .rodata.LESENSE_ScanFreqSet.str1.1
                0x00006713       0x4f ./gecko_sdk_4.4.6/platform/emlib/src/em_lesense.o
 .rodata.SYSTEM_ChipRevisionGet.str1.1
                0x00006762       0x4e ./gecko_sdk_4.4.6/platform/emlib/src/em_system.o
 .rodata.USART_BaudrateAsyncSet.str1.1
                0x000067b0       0x4d ./gecko_sdk_4.4.6/platform/emlib/src/em_usart.o
 .rodata        0x000067fd        0x5 ./gecko_sdk_4.4.6/platform/service/device_init/src/sl_device_init_emu_s0.o
 .rodata        0x00006802        0x4 ./gecko_sdk_4.4.6/platform/service/device_init/src/sl_device_init_hfxo_s0.o
 .rodata.get_write_ptr.str1.1
                0x00006806       0x60 ./gecko_sdk_4.4.6/platform/service/iostream/src/sl_iostream_uart.o
 .rodata.sl_udelay_wait.str1.1
                0x00006866       0x57 ./gecko_sdk_4.4.6/platform/service/udelay/src/sl_udelay.o
 .rodata.srand.str1.1
                0x000068bd       0x70 c:/siliconlabs/simplicitystudio/v5/developer/toolchains/gnu_arm/12.2.rel1_2023.7/bin/../lib/gcc/arm-none-eabi/12.2.1/thumb/v7-m/nofp\libc_nano.a(libc_a-rand.o)
 .rodata.__assert_func.str1.1
                0x0000692d       0x3c c:/siliconlabs/simplicitystudio/v5/developer/toolchains/gnu_arm/12.2.rel1_2023.7/bin/../lib/gcc/arm-none-eabi/12.2.1/thumb/v7-m/nofp\libc_nano.a(libc_a-assert.o)
                                 0x3d (size before relaxing)
 .rodata._vfprintf_r.str1.1
                0x00006969       0x11 c:/siliconlabs/simplicitystudio/v5/developer/toolchains/gnu_arm/12.2.rel1_2023.7/bin/../lib/gcc/arm-none-eabi/12.2.1/thumb/v7-m/nofp\libc_nano.a(libc_a-nano-vfprintf.o)
 .rodata._printf_i.str1.1
                0x0000697a       0x22 c:/siliconlabs/simplicitystudio/v5/developer/toolchains/gnu_arm/12.2.rel1_2023.7/bin/../lib/gcc/arm-none-eabi/12.2.1/thumb/v7-m/nofp\libc_nano.a(libc_a-nano-vfprintf_i.o)
 *(.eh_frame*)
 .eh_frame      0x0000699c        0x0 c:/siliconlabs/simplicitystudio/v5/developer/toolchains/gnu_arm/12.2.rel1_2023.7/bin/../lib/gcc/arm-none-eabi/12.2.1/thumb/v7-m/nofp/crtbegin.o

.glue_7         0x0000699c        0x0
 .glue_7        0x0000699c        0x0 linker stubs

.glue_7t        0x0000699c        0x0
 .glue_7t       0x0000699c        0x0 linker stubs

.vfp11_veneer   0x0000699c        0x0
 .vfp11_veneer  0x0000699c        0x0 linker stubs

.v4_bx          0x0000699c        0x0
 .v4_bx         0x0000699c        0x0 linker stubs

.iplt           0x0000699c        0x0
 .iplt          0x0000699c        0x0 c:/siliconlabs/simplicitystudio/v5/developer/toolchains/gnu_arm/12.2.rel1_2023.7/bin/../lib/gcc/arm-none-eabi/12.2.1/thumb/v7-m/nofp/crtbegin.o

.ARM.extab
 *(.ARM.extab* .gnu.linkonce.armextab.*)
                0x0000699c                __exidx_start = .

.ARM.exidx      0x0000699c        0x8
 *(.ARM.exidx* .gnu.linkonce.armexidx.*)
 .ARM.exidx     0x0000699c        0x8 c:/siliconlabs/simplicitystudio/v5/developer/toolchains/gnu_arm/12.2.rel1_2023.7/bin/../lib/gcc/arm-none-eabi/12.2.1/thumb/v7-m/nofp/crt0.o
                                 0x10 (size before relaxing)
                0x000069a4                __exidx_end = .

.rel.dyn        0x000069a4        0x0
 .rel.iplt      0x000069a4        0x0 c:/siliconlabs/simplicitystudio/v5/developer/toolchains/gnu_arm/12.2.rel1_2023.7/bin/../lib/gcc/arm-none-eabi/12.2.1/thumb/v7-m/nofp/crtbegin.o

.copy.table     0x000069a4        0xc
                0x000069a4                . = ALIGN (0x4)
                0x000069a4                __copy_table_start__ = .
                0x000069a4        0x4 LONG 0x69b0 __etext
                0x000069a8        0x4 LONG 0x20001000 __data_start__
                0x000069ac        0x4 LONG 0x6a ((__data_end__ - __data_start__) / 0x4)
                0x000069b0                __copy_table_end__ = .

.zero.table     0x000069b0        0x0
                0x000069b0                . = ALIGN (0x4)
                0x000069b0                __zero_table_start__ = .
                0x000069b0                __zero_table_end__ = .
                0x000069b0                __etext = .
                0x20000000                . = ORIGIN (RAM)

.stack          0x20000000     0x1000
                0x20000000                __StackLimit = .
 *(.stack*)
 .stack         0x20000000     0x1000 ./gecko_sdk_4.4.6/platform/common/toolchain/src/sl_memory.o
                0x20001000                . = ALIGN (0x4)
                0x20001000                __StackTop = .
                0x20001000                PROVIDE (__stack = __StackTop)

.noinit
 *(.noinit*)

.data           0x20001000      0x1a8 load address 0x000069b0
                0x20001000                . = ALIGN (0x4)
                0x20001000                __data_start__ = .
 *(vtable)
 *(SORT_BY_ALIGNMENT(.data*))
 .data.state    0x20001000       0x20 ./app.o
                0x20001000                state
 .data.channelMaxValues
                0x20001020       0x40 ./caplesense.o
 .data.SystemCoreClock
                0x20001060        0x4 ./gecko_sdk_4.4.6/platform/Device/SiliconLabs/EFM32GG/Source/system_efm32gg.o
                0x20001060                SystemCoreClock
 .data.SystemLFXOClock
                0x20001064        0x4 ./gecko_sdk_4.4.6/platform/Device/SiliconLabs/EFM32GG/Source/system_efm32gg.o
 .data.SystemHFXOClock
                0x20001068        0x4 ./gecko_sdk_4.4.6/platform/Device/SiliconLabs/EFM32GG/Source/system_efm32gg.o
 .data.heap_end.0
                0x2000106c        0x4 ./gecko_sdk_4.4.6/platform/common/toolchain/src/sl_memory.o
 .data.__sglue  0x20001070        0xc c:/siliconlabs/simplicitystudio/v5/developer/toolchains/gnu_arm/12.2.rel1_2023.7/bin/../lib/gcc/arm-none-eabi/12.2.1/thumb/v7-m/nofp\libc_nano.a(libc_a-findfp.o)
                0x20001070                __sglue
 .data._impure_ptr
                0x2000107c        0x4 c:/siliconlabs/simplicitystudio/v5/developer/toolchains/gnu_arm/12.2.rel1_2023.7/bin/../lib/gcc/arm-none-eabi/12.2.1/thumb/v7-m/nofp\libc_nano.a(libc_a-impure.o)
                0x2000107c                _impure_ptr
 .data._impure_data
                0x20001080       0x4c c:/siliconlabs/simplicitystudio/v5/developer/toolchains/gnu_arm/12.2.rel1_2023.7/bin/../lib/gcc/arm-none-eabi/12.2.1/thumb/v7-m/nofp\libc_nano.a(libc_a-impure.o)
                0x20001080                _impure_data
 .data.simple_btn1_context
                0x200010cc        0x8 ./autogen/sl_simple_button_instances.o
                0x200010cc                simple_btn1_context
 .data.hfxo_precision
                0x200010d4        0x2 ./gecko_sdk_4.4.6/platform/emlib/src/em_cmu.o
 .data.lfxo_precision
                0x200010d6        0x2 ./gecko_sdk_4.4.6/platform/emlib/src/em_cmu.o
 .data.init.4   0x200010d8        0x1 ./caplesense.o
 .data.Text     0x200010d9       0xc4 ./segmentlcd_individual.o
                0x200010d9                Text
                0x200011a0                . = ALIGN (0x4)
 *fill*         0x2000119d        0x3 
                [!provide]                PROVIDE (__ram_func_section_start = .)
 *(.ram)
                [!provide]                PROVIDE (__ram_func_section_end = .)
                0x200011a0                . = ALIGN (0x4)
                0x200011a0                PROVIDE (__preinit_array_start = .)
 *(.preinit_array)
                0x200011a0                PROVIDE (__preinit_array_end = .)
                0x200011a0                . = ALIGN (0x4)
                0x200011a0                PROVIDE (__init_array_start = .)
 *(SORT_BY_NAME(.init_array.*))
 *(.init_array)
 .init_array    0x200011a0        0x4 c:/siliconlabs/simplicitystudio/v5/developer/toolchains/gnu_arm/12.2.rel1_2023.7/bin/../lib/gcc/arm-none-eabi/12.2.1/thumb/v7-m/nofp/crtbegin.o
                0x200011a4                PROVIDE (__init_array_end = .)
                0x200011a4                . = ALIGN (0x4)
                [!provide]                PROVIDE (__fini_array_start = .)
 *(SORT_BY_NAME(.fini_array.*))
 *(.fini_array)
 .fini_array    0x200011a4        0x4 c:/siliconlabs/simplicitystudio/v5/developer/toolchains/gnu_arm/12.2.rel1_2023.7/bin/../lib/gcc/arm-none-eabi/12.2.1/thumb/v7-m/nofp/crtbegin.o
                [!provide]                PROVIDE (__fini_array_end = .)
                0x200011a8                . = ALIGN (0x4)
                0x200011a8                __data_end__ = .

.tm_clone_table
                0x200011a8        0x0 load address 0x00006b58
 .tm_clone_table
                0x200011a8        0x0 c:/siliconlabs/simplicitystudio/v5/developer/toolchains/gnu_arm/12.2.rel1_2023.7/bin/../lib/gcc/arm-none-eabi/12.2.1/thumb/v7-m/nofp/crtbegin.o
 .tm_clone_table
                0x200011a8        0x0 c:/siliconlabs/simplicitystudio/v5/developer/toolchains/gnu_arm/12.2.rel1_2023.7/bin/../lib/gcc/arm-none-eabi/12.2.1/thumb/v7-m/nofp/crtend.o

.igot.plt       0x200011a8        0x0 load address 0x00006b58
 .igot.plt      0x200011a8        0x0 c:/siliconlabs/simplicitystudio/v5/developer/toolchains/gnu_arm/12.2.rel1_2023.7/bin/../lib/gcc/arm-none-eabi/12.2.1/thumb/v7-m/nofp/crtbegin.o

.bss            0x200011a8      0x810 load address 0x00006b58
                0x200011a8                . = ALIGN (0x4)
                0x200011a8                __bss_start__ = .
 *(SORT_BY_ALIGNMENT(.bss*))
 *fill*         0x200011a8       0x58 
 .bss.dmaControlBlock
                0x20001200      0x200 ./gecko_sdk_4.4.6/platform/emdrv/dmadrv/src/dmactrl.o
                0x20001200                dmaControlBlock
 .bss.object.0  0x20001400       0x18 c:/siliconlabs/simplicitystudio/v5/developer/toolchains/gnu_arm/12.2.rel1_2023.7/bin/../lib/gcc/arm-none-eabi/12.2.1/thumb/v7-m/nofp/crtbegin.o
 .bss.lesenseChCb
                0x20001418        0x4 ./caplesense.o
 .bss.lesenseScanCb
                0x2000141c        0x4 ./caplesense.o
 .bss.channelValues
                0x20001420       0x40 ./caplesense.o
 .bss.context_UART0
                0x20001460       0x44 ./autogen/sl_iostream_init_usart_instances.o
 .bss.sl_iostream_UART0
                0x200014a4       0x18 ./autogen/sl_iostream_init_usart_instances.o
 .bss.dmaCallBack
                0x200014bc       0x90 ./gecko_sdk_4.4.6/platform/emdrv/dmadrv/src/dmadrv.o
 .bss.chTable   0x2000154c       0xf0 ./gecko_sdk_4.4.6/platform/emdrv/dmadrv/src/dmadrv.o
 .bss.gpioCallbacks
                0x2000163c      0x200 ./gecko_sdk_4.4.6/platform/emdrv/gpiointerrupt/src/gpiointerrupt.o
 .bss.sli_iostream_default
                0x2000183c        0x4 ./gecko_sdk_4.4.6/platform/service/iostream/src/sl_iostream.o
 .bss.__sf      0x20001840      0x138 c:/siliconlabs/simplicitystudio/v5/developer/toolchains/gnu_arm/12.2.rel1_2023.7/bin/../lib/gcc/arm-none-eabi/12.2.1/thumb/v7-m/nofp\libc_nano.a(libc_a-findfp.o)
                0x20001840                __sf
 .bss.__stdio_exit_handler
                0x20001978        0x4 c:/siliconlabs/simplicitystudio/v5/developer/toolchains/gnu_arm/12.2.rel1_2023.7/bin/../lib/gcc/arm-none-eabi/12.2.1/thumb/v7-m/nofp\libc_nano.a(libc_a-findfp.o)
                0x20001978                __stdio_exit_handler
 .bss.errno     0x2000197c        0x4 c:/siliconlabs/simplicitystudio/v5/developer/toolchains/gnu_arm/12.2.rel1_2023.7/bin/../lib/gcc/arm-none-eabi/12.2.1/thumb/v7-m/nofp\libc_nano.a(libc_a-reent.o)
                0x2000197c                errno
 .bss.__malloc_sbrk_start
                0x20001980        0x4 c:/siliconlabs/simplicitystudio/v5/developer/toolchains/gnu_arm/12.2.rel1_2023.7/bin/../lib/gcc/arm-none-eabi/12.2.1/thumb/v7-m/nofp\libc_nano.a(libc_a-mallocr.o)
                0x20001980                __malloc_sbrk_start
 .bss.__malloc_free_list
                0x20001984        0x4 c:/siliconlabs/simplicitystudio/v5/developer/toolchains/gnu_arm/12.2.rel1_2023.7/bin/../lib/gcc/arm-none-eabi/12.2.1/thumb/v7-m/nofp\libc_nano.a(libc_a-mallocr.o)
                0x20001984                __malloc_free_list
 .bss.capsenseCalibrateVals.1
                0x20001988        0x8 ./caplesense.o
 .bss.completed.1
                0x20001990        0x1 c:/siliconlabs/simplicitystudio/v5/developer/toolchains/gnu_arm/12.2.rel1_2023.7/bin/../lib/gcc/arm-none-eabi/12.2.1/thumb/v7-m/nofp/crtbegin.o
 .bss.new_char  0x20001991        0x1 ./app.o
                0x20001991                new_char
 .bss.ch_buf    0x20001992        0x1 ./app.o
                0x20001992                ch_buf
 .bss.tick      0x20001993        0x1 ./app.o
                0x20001993                tick
 .bss.currentChannel
                0x20001994        0x1 ./caplesense.o
 .bss.rx_buffer_UART0
                0x20001995       0x20 ./autogen/sl_iostream_init_usart_instances.o
 .bss.initialized
                0x200019b5        0x1 ./gecko_sdk_4.4.6/platform/emdrv/dmadrv/src/dmadrv.o
 .bss.__lock___malloc_recursive_mutex
                0x200019b6        0x1 c:/siliconlabs/simplicitystudio/v5/developer/toolchains/gnu_arm/12.2.rel1_2023.7/bin/../lib/gcc/arm-none-eabi/12.2.1/thumb/v7-m/nofp\libc_nano.a(libc_a-lock.o)
                0x200019b6                __lock___malloc_recursive_mutex
 .bss.__lock___sfp_recursive_mutex
                0x200019b7        0x1 c:/siliconlabs/simplicitystudio/v5/developer/toolchains/gnu_arm/12.2.rel1_2023.7/bin/../lib/gcc/arm-none-eabi/12.2.1/thumb/v7-m/nofp\libc_nano.a(libc_a-lock.o)
                0x200019b7                __lock___sfp_recursive_mutex
 *(COMMON)
                0x200019b8                . = ALIGN (0x4)
                0x200019b8                __bss_end__ = .
                0x200019b8                __ramfuncs_start__ = .
                0x200019b8                __vma_ramfuncs_start__ = .
                0x00006b58                __lma_ramfuncs_start__ = (__etext + SIZEOF (.data))
                0x00000000                __text_application_ram_offset__ = (. - __vma_ramfuncs_start__)

text_application_ram
                0x200019b8        0x0 load address 0x00006b58
                0x200019b8                . = ALIGN (0x4)
                0x200019b8                __text_application_ram_start__ = .
 *(text_application_ram)
                0x200019b8                . = ALIGN (0x4)
                0x200019b8                __text_application_ram_end__ = .
                0x200019b8                . = ALIGN (0x4)
                0x200019b8                __vma_ramfuncs_end__ = .
                0x00006b58                __lma_ramfuncs_end__ = ((__lma_ramfuncs_start__ + __text_application_ram_offset__) + SIZEOF (text_application_ram))
                0x200019b8                __ramfuncs_end__ = .

.heap           0x200019b8      0x800
                0x200019b8                __HeapBase = .
                0x200019b8                __end__ = .
                0x200019b8                end = __end__
                0x200019b8                _end = __end__
 *(.heap*)
 .heap          0x200019b8      0x800 ./gecko_sdk_4.4.6/platform/common/toolchain/src/sl_memory.o
                0x20020000                __HeapLimit = (ORIGIN (RAM) + LENGTH (RAM))
                0x0001e648                __heap_size = (__HeapLimit - __HeapBase)
                0x20020000                __ram_end__ = 0x20020000
                0x00100000                __main_flash_end__ = 0x100000

.internal_storage
 *(.internal_storage*)

.nvm
 *(.simee*)
                0x00100000                linker_nvm_end = __main_flash_end__
                0x00100000                linker_nvm_begin = (linker_nvm_end - SIZEOF (.nvm))
                0x00000000                linker_nvm_size = SIZEOF (.nvm)
                0x00100000                linker_storage_end = linker_nvm_begin
                0x00100000                __nvm3Base = linker_nvm_begin
                0x00100000                linker_storage_begin = (linker_storage_end - SIZEOF (.internal_storage))
                0x00000000                linker_storage_size = SIZEOF (.internal_storage)
                0x00000001                ASSERT ((linker_storage_begin >= (__etext + SIZEOF (.data))), FLASH memory overflowed !)
OUTPUT(BSzF_hazi_feladat.axf elf32-littlearm)
LOAD linker stubs

.ARM.attributes
                0x00000000       0x29
 .ARM.attributes
                0x00000000       0x1d c:/siliconlabs/simplicitystudio/v5/developer/toolchains/gnu_arm/12.2.rel1_2023.7/bin/../lib/gcc/arm-none-eabi/12.2.1/thumb/v7-m/nofp/crti.o
 .ARM.attributes
                0x0000001d       0x2d c:/siliconlabs/simplicitystudio/v5/developer/toolchains/gnu_arm/12.2.rel1_2023.7/bin/../lib/gcc/arm-none-eabi/12.2.1/thumb/v7-m/nofp/crtbegin.o
 .ARM.attributes
                0x0000004a       0x1b c:/siliconlabs/simplicitystudio/v5/developer/toolchains/gnu_arm/12.2.rel1_2023.7/bin/../lib/gcc/arm-none-eabi/12.2.1/thumb/v7-m/nofp/crt0.o
 .ARM.attributes
                0x00000065       0x2d ./app.o
 .ARM.attributes
                0x00000092       0x2d ./caplesense.o
 .ARM.attributes
                0x000000bf       0x2d ./game.o
 .ARM.attributes
                0x000000ec       0x2d ./main.o
 .ARM.attributes
                0x00000119       0x2d ./segmentlcd.o
 .ARM.attributes
                0x00000146       0x2d ./segmentlcd_individual.o
 .ARM.attributes
                0x00000173       0x2d ./autogen/sl_board_default_init.o
 .ARM.attributes
                0x000001a0       0x2d ./autogen/sl_device_init_clocks.o
 .ARM.attributes
                0x000001cd       0x2d ./autogen/sl_event_handler.o
 .ARM.attributes
                0x000001fa       0x2d ./autogen/sl_iostream_init_usart_instances.o
 .ARM.attributes
                0x00000227       0x2d ./autogen/sl_simple_button_instances.o
 .ARM.attributes
                0x00000254       0x2d ./gecko_sdk_4.4.6/hardware/board/src/sl_board_control_gpio.o
 .ARM.attributes
                0x00000281       0x2d ./gecko_sdk_4.4.6/hardware/board/src/sl_board_init.o
 .ARM.attributes
                0x000002ae       0x2d ./gecko_sdk_4.4.6/hardware/driver/configuration_over_swo/src/sl_cos.o
 .ARM.attributes
                0x000002db       0x2d ./gecko_sdk_4.4.6/platform/Device/SiliconLabs/EFM32GG/Source/startup_efm32gg.o
 .ARM.attributes
                0x00000308       0x2d ./gecko_sdk_4.4.6/platform/Device/SiliconLabs/EFM32GG/Source/system_efm32gg.o
 .ARM.attributes
                0x00000335       0x2d ./gecko_sdk_4.4.6/platform/common/src/sl_assert.o
 .ARM.attributes
                0x00000362       0x2d ./gecko_sdk_4.4.6/platform/common/src/sl_syscalls.o
 .ARM.attributes
                0x0000038f       0x2d ./gecko_sdk_4.4.6/platform/common/toolchain/src/sl_memory.o
 .ARM.attributes
                0x000003bc       0x2d ./gecko_sdk_4.4.6/platform/driver/button/src/sl_button.o
 .ARM.attributes
                0x000003e9       0x2d ./gecko_sdk_4.4.6/platform/driver/button/src/sl_simple_button.o
 .ARM.attributes
                0x00000416       0x2d ./gecko_sdk_4.4.6/platform/driver/debug/src/sl_debug_swo.o
 .ARM.attributes
                0x00000443       0x2d ./gecko_sdk_4.4.6/platform/emdrv/dmadrv/src/dmactrl.o
 .ARM.attributes
                0x00000470       0x2d ./gecko_sdk_4.4.6/platform/emdrv/dmadrv/src/dmadrv.o
 .ARM.attributes
                0x0000049d       0x2d ./gecko_sdk_4.4.6/platform/emdrv/gpiointerrupt/src/gpiointerrupt.o
 .ARM.attributes
                0x000004ca       0x2d ./gecko_sdk_4.4.6/platform/emlib/src/em_acmp.o
 .ARM.attributes
                0x000004f7       0x2d ./gecko_sdk_4.4.6/platform/emlib/src/em_cmu.o
 .ARM.attributes
                0x00000524       0x2d ./gecko_sdk_4.4.6/platform/emlib/src/em_core.o
 .ARM.attributes
                0x00000551       0x2d ./gecko_sdk_4.4.6/platform/emlib/src/em_dma.o
 .ARM.attributes
                0x0000057e       0x2d ./gecko_sdk_4.4.6/platform/emlib/src/em_emu.o
 .ARM.attributes
                0x000005ab       0x2d ./gecko_sdk_4.4.6/platform/emlib/src/em_gpio.o
 .ARM.attributes
                0x000005d8       0x2d ./gecko_sdk_4.4.6/platform/emlib/src/em_lcd.o
 .ARM.attributes
                0x00000605       0x2d ./gecko_sdk_4.4.6/platform/emlib/src/em_lesense.o
 .ARM.attributes
                0x00000632       0x2d ./gecko_sdk_4.4.6/platform/emlib/src/em_system.o
 .ARM.attributes
                0x0000065f       0x2d ./gecko_sdk_4.4.6/platform/emlib/src/em_usart.o
 .ARM.attributes
                0x0000068c       0x2d ./gecko_sdk_4.4.6/platform/service/device_init/src/sl_device_init_emu_s0.o
 .ARM.attributes
                0x000006b9       0x2d ./gecko_sdk_4.4.6/platform/service/device_init/src/sl_device_init_hfxo_s0.o
 .ARM.attributes
                0x000006e6       0x2d ./gecko_sdk_4.4.6/platform/service/device_init/src/sl_device_init_lfxo_s0.o
 .ARM.attributes
                0x00000713       0x2d ./gecko_sdk_4.4.6/platform/service/device_init/src/sl_device_init_nvic.o
 .ARM.attributes
                0x00000740       0x2d ./gecko_sdk_4.4.6/platform/service/iostream/src/sl_iostream.o
 .ARM.attributes
                0x0000076d       0x2d ./gecko_sdk_4.4.6/platform/service/iostream/src/sl_iostream_uart.o
 .ARM.attributes
                0x0000079a       0x2d ./gecko_sdk_4.4.6/platform/service/iostream/src/sl_iostream_usart.o
 .ARM.attributes
                0x000007c7       0x2d ./gecko_sdk_4.4.6/platform/service/system/src/sl_system_init.o
 .ARM.attributes
                0x000007f4       0x2d ./gecko_sdk_4.4.6/platform/service/system/src/sl_system_process_action.o
 .ARM.attributes
                0x00000821       0x2d ./gecko_sdk_4.4.6/platform/service/udelay/src/sl_udelay.o
 .ARM.attributes
                0x0000084e       0x1b ./gecko_sdk_4.4.6/platform/service/udelay/src/sl_udelay_armv6m_gcc.o
 .ARM.attributes
                0x00000869       0x1d c:/siliconlabs/simplicitystudio/v5/developer/toolchains/gnu_arm/12.2.rel1_2023.7/bin/../lib/gcc/arm-none-eabi/12.2.1/thumb/v7-m/nofp\libgcc.a(_arm_muldf3.o)
 .ARM.attributes
                0x00000886       0x1d c:/siliconlabs/simplicitystudio/v5/developer/toolchains/gnu_arm/12.2.rel1_2023.7/bin/../lib/gcc/arm-none-eabi/12.2.1/thumb/v7-m/nofp\libgcc.a(_arm_addsubdf3.o)
 .ARM.attributes
                0x000008a3       0x1d c:/siliconlabs/simplicitystudio/v5/developer/toolchains/gnu_arm/12.2.rel1_2023.7/bin/../lib/gcc/arm-none-eabi/12.2.1/thumb/v7-m/nofp\libgcc.a(_arm_fixunsdfsi.o)
 .ARM.attributes
                0x000008c0       0x2d c:/siliconlabs/simplicitystudio/v5/developer/toolchains/gnu_arm/12.2.rel1_2023.7/bin/../lib/gcc/arm-none-eabi/12.2.1/thumb/v7-m/nofp\libc_nano.a(libc_a-abs.o)
 .ARM.attributes
                0x000008ed       0x2d c:/siliconlabs/simplicitystudio/v5/developer/toolchains/gnu_arm/12.2.rel1_2023.7/bin/../lib/gcc/arm-none-eabi/12.2.1/thumb/v7-m/nofp\libc_nano.a(libc_a-exit.o)
 .ARM.attributes
                0x0000091a       0x2d c:/siliconlabs/simplicitystudio/v5/developer/toolchains/gnu_arm/12.2.rel1_2023.7/bin/../lib/gcc/arm-none-eabi/12.2.1/thumb/v7-m/nofp\libc_nano.a(libc_a-rand.o)
 .ARM.attributes
                0x00000947       0x2d c:/siliconlabs/simplicitystudio/v5/developer/toolchains/gnu_arm/12.2.rel1_2023.7/bin/../lib/gcc/arm-none-eabi/12.2.1/thumb/v7-m/nofp\libc_nano.a(libc_a-findfp.o)
 .ARM.attributes
                0x00000974       0x2d c:/siliconlabs/simplicitystudio/v5/developer/toolchains/gnu_arm/12.2.rel1_2023.7/bin/../lib/gcc/arm-none-eabi/12.2.1/thumb/v7-m/nofp\libc_nano.a(libc_a-fwalk.o)
 .ARM.attributes
                0x000009a1       0x2d c:/siliconlabs/simplicitystudio/v5/developer/toolchains/gnu_arm/12.2.rel1_2023.7/bin/../lib/gcc/arm-none-eabi/12.2.1/thumb/v7-m/nofp\libc_nano.a(libc_a-printf.o)
 .ARM.attributes
                0x000009ce       0x2d c:/siliconlabs/simplicitystudio/v5/developer/toolchains/gnu_arm/12.2.rel1_2023.7/bin/../lib/gcc/arm-none-eabi/12.2.1/thumb/v7-m/nofp\libc_nano.a(libc_a-stdio.o)
 .ARM.attributes
                0x000009fb       0x2d c:/siliconlabs/simplicitystudio/v5/developer/toolchains/gnu_arm/12.2.rel1_2023.7/bin/../lib/gcc/arm-none-eabi/12.2.1/thumb/v7-m/nofp\libc_nano.a(libc_a-memset.o)
 .ARM.attributes
                0x00000a28       0x2d c:/siliconlabs/simplicitystudio/v5/developer/toolchains/gnu_arm/12.2.rel1_2023.7/bin/../lib/gcc/arm-none-eabi/12.2.1/thumb/v7-m/nofp\libc_nano.a(libc_a-closer.o)
 .ARM.attributes
                0x00000a55       0x2d c:/siliconlabs/simplicitystudio/v5/developer/toolchains/gnu_arm/12.2.rel1_2023.7/bin/../lib/gcc/arm-none-eabi/12.2.1/thumb/v7-m/nofp\libc_nano.a(libc_a-reent.o)
 .ARM.attributes
                0x00000a82       0x2d c:/siliconlabs/simplicitystudio/v5/developer/toolchains/gnu_arm/12.2.rel1_2023.7/bin/../lib/gcc/arm-none-eabi/12.2.1/thumb/v7-m/nofp\libc_nano.a(libc_a-impure.o)
 .ARM.attributes
                0x00000aaf       0x2d c:/siliconlabs/simplicitystudio/v5/developer/toolchains/gnu_arm/12.2.rel1_2023.7/bin/../lib/gcc/arm-none-eabi/12.2.1/thumb/v7-m/nofp\libc_nano.a(libc_a-lseekr.o)
 .ARM.attributes
                0x00000adc       0x2d c:/siliconlabs/simplicitystudio/v5/developer/toolchains/gnu_arm/12.2.rel1_2023.7/bin/../lib/gcc/arm-none-eabi/12.2.1/thumb/v7-m/nofp\libc_nano.a(libc_a-readr.o)
 .ARM.attributes
                0x00000b09       0x2d c:/siliconlabs/simplicitystudio/v5/developer/toolchains/gnu_arm/12.2.rel1_2023.7/bin/../lib/gcc/arm-none-eabi/12.2.1/thumb/v7-m/nofp\libc_nano.a(libc_a-writer.o)
 .ARM.attributes
                0x00000b36       0x2d c:/siliconlabs/simplicitystudio/v5/developer/toolchains/gnu_arm/12.2.rel1_2023.7/bin/../lib/gcc/arm-none-eabi/12.2.1/thumb/v7-m/nofp\libc_nano.a(libc_a-init.o)
 .ARM.attributes
                0x00000b63       0x2d c:/siliconlabs/simplicitystudio/v5/developer/toolchains/gnu_arm/12.2.rel1_2023.7/bin/../lib/gcc/arm-none-eabi/12.2.1/thumb/v7-m/nofp\libc_nano.a(libc_a-lock.o)
 .ARM.attributes
                0x00000b90       0x2d c:/siliconlabs/simplicitystudio/v5/developer/toolchains/gnu_arm/12.2.rel1_2023.7/bin/../lib/gcc/arm-none-eabi/12.2.1/thumb/v7-m/nofp\libc_nano.a(libc_a-memcpy-stub.o)
 .ARM.attributes
                0x00000bbd       0x17 c:/siliconlabs/simplicitystudio/v5/developer/toolchains/gnu_arm/12.2.rel1_2023.7/bin/../lib/gcc/arm-none-eabi/12.2.1/thumb/v7-m/nofp\libc_nano.a(libc_a-strlen.o)
 .ARM.attributes
                0x00000bd4       0x2d c:/siliconlabs/simplicitystudio/v5/developer/toolchains/gnu_arm/12.2.rel1_2023.7/bin/../lib/gcc/arm-none-eabi/12.2.1/thumb/v7-m/nofp\libc_nano.a(libc_a-assert.o)
 .ARM.attributes
                0x00000c01       0x2d c:/siliconlabs/simplicitystudio/v5/developer/toolchains/gnu_arm/12.2.rel1_2023.7/bin/../lib/gcc/arm-none-eabi/12.2.1/thumb/v7-m/nofp\libc_nano.a(libc_a-freer.o)
 .ARM.attributes
                0x00000c2e       0x2d c:/siliconlabs/simplicitystudio/v5/developer/toolchains/gnu_arm/12.2.rel1_2023.7/bin/../lib/gcc/arm-none-eabi/12.2.1/thumb/v7-m/nofp\libc_nano.a(libc_a-malloc.o)
 .ARM.attributes
                0x00000c5b       0x2d c:/siliconlabs/simplicitystudio/v5/developer/toolchains/gnu_arm/12.2.rel1_2023.7/bin/../lib/gcc/arm-none-eabi/12.2.1/thumb/v7-m/nofp\libc_nano.a(libc_a-mallocr.o)
 .ARM.attributes
                0x00000c88       0x2d c:/siliconlabs/simplicitystudio/v5/developer/toolchains/gnu_arm/12.2.rel1_2023.7/bin/../lib/gcc/arm-none-eabi/12.2.1/thumb/v7-m/nofp\libc_nano.a(libc_a-mlock.o)
 .ARM.attributes
                0x00000cb5       0x2d c:/siliconlabs/simplicitystudio/v5/developer/toolchains/gnu_arm/12.2.rel1_2023.7/bin/../lib/gcc/arm-none-eabi/12.2.1/thumb/v7-m/nofp\libc_nano.a(libc_a-nano-vfprintf.o)
 .ARM.attributes
                0x00000ce2       0x2d c:/siliconlabs/simplicitystudio/v5/developer/toolchains/gnu_arm/12.2.rel1_2023.7/bin/../lib/gcc/arm-none-eabi/12.2.1/thumb/v7-m/nofp\libc_nano.a(libc_a-nano-vfprintf_i.o)
 .ARM.attributes
                0x00000d0f       0x2d c:/siliconlabs/simplicitystudio/v5/developer/toolchains/gnu_arm/12.2.rel1_2023.7/bin/../lib/gcc/arm-none-eabi/12.2.1/thumb/v7-m/nofp\libc_nano.a(libc_a-fflush.o)
 .ARM.attributes
                0x00000d3c       0x2d c:/siliconlabs/simplicitystudio/v5/developer/toolchains/gnu_arm/12.2.rel1_2023.7/bin/../lib/gcc/arm-none-eabi/12.2.1/thumb/v7-m/nofp\libc_nano.a(libc_a-fprintf.o)
 .ARM.attributes
                0x00000d69       0x2d c:/siliconlabs/simplicitystudio/v5/developer/toolchains/gnu_arm/12.2.rel1_2023.7/bin/../lib/gcc/arm-none-eabi/12.2.1/thumb/v7-m/nofp\libc_nano.a(libc_a-wbuf.o)
 .ARM.attributes
                0x00000d96       0x2d c:/siliconlabs/simplicitystudio/v5/developer/toolchains/gnu_arm/12.2.rel1_2023.7/bin/../lib/gcc/arm-none-eabi/12.2.1/thumb/v7-m/nofp\libc_nano.a(libc_a-wsetup.o)
 .ARM.attributes
                0x00000dc3       0x2d c:/siliconlabs/simplicitystudio/v5/developer/toolchains/gnu_arm/12.2.rel1_2023.7/bin/../lib/gcc/arm-none-eabi/12.2.1/thumb/v7-m/nofp\libc_nano.a(libc_a-sbrkr.o)
 .ARM.attributes
                0x00000df0       0x2d c:/siliconlabs/simplicitystudio/v5/developer/toolchains/gnu_arm/12.2.rel1_2023.7/bin/../lib/gcc/arm-none-eabi/12.2.1/thumb/v7-m/nofp\libc_nano.a(libc_a-memchr-stub.o)
 .ARM.attributes
                0x00000e1d       0x2d c:/siliconlabs/simplicitystudio/v5/developer/toolchains/gnu_arm/12.2.rel1_2023.7/bin/../lib/gcc/arm-none-eabi/12.2.1/thumb/v7-m/nofp\libc_nano.a(libc_a-abort.o)
 .ARM.attributes